[System] Starting Backend...
[System] Starting Frontend...

> deriva-frontend@0.1.0 dev
> next dev

⚠ Port 3000 is in use by an unknown process, using available port 3001 instead.
▲ Next.js 16.3.4 (Turbopack)
- Local:         http://localhost:3001
- Network:       http://192.168.178.26:3001
✓ Ready in 433ms
✓ Running next.config.ts took 80ms
[INFO] Scanning for projects...
[INFO] 
[INFO] --------------------< com.deriva:deriva-bootstrap >---------------------
[INFO] Building deriva-bootstrap 1.0.0-SNAPSHOT
[INFO]   from pom.xml
[INFO] --------------------------------[ jar ]---------------------------------
[INFO] 
[INFO] >>> spring-boot:3.3.3:run (default-cli) > test-compile @ deriva-bootstrap >>>
⨯ Another next dev server is already running.

- Local:        http://localhost:3000
- PID:          2473044
- Dir:          /home/bashistha/Desktop/deriva/deriva-frontend
- Log:          .next/dev/logs/next-development.log

You can access the existing server at http://localhost:3000,
or run kill 2473044 to stop it and start a new one.
[?25h
[INFO] 
[INFO] --- jacoco:0.8.12:prepare-agent (default) @ deriva-bootstrap ---
[INFO] argLine set to -javaagent:/home/bashistha/.m2/repository/org/jacoco/org.jacoco.agent/0.8.12/org.jacoco.agent-0.8.12-runtime.jar=destfile=/home/bashistha/Desktop/deriva/deriva-bootstrap/target/jacoco.exec
[INFO] 
[INFO] --- resources:3.3.1:resources (default-resources) @ deriva-bootstrap ---
[INFO] Copying 1 resource from src/main/resources to target/classes
[INFO] Copying 8 resources from src/main/resources to target/classes
[INFO] 
[INFO] --- compiler:3.13.0:compile (default-compile) @ deriva-bootstrap ---
[INFO] Nothing to compile - all classes are up to date.
[INFO] 
[INFO] --- resources:3.3.1:testResources (default-testResources) @ deriva-bootstrap ---
[INFO] skip non existing resourceDirectory /home/bashistha/Desktop/deriva/deriva-bootstrap/src/test/resources
[INFO] 
[INFO] --- compiler:3.13.0:testCompile (default-testCompile) @ deriva-bootstrap ---
[INFO] Nothing to compile - all classes are up to date.
[INFO] 
[INFO] <<< spring-boot:3.3.3:run (default-cli) < test-compile @ deriva-bootstrap <<<
[INFO] 
[INFO] 
[INFO] --- spring-boot:3.3.3:run (default-cli) @ deriva-bootstrap ---
[INFO] Attaching agents: []

  .   ____          _            __ _ _
 /\\ / ___'_ __ _ _(_)_ __  __ _ \ \ \ \
( ( )\___ | '_ | '_| | '_ \/ _` | \ \ \ \
 \\/  ___)| |_)| | | | | || (_| |  ) ) ) )
  '  |____| .__|_| |_|_| |_\__, | / / / /
 =========|_|==============|___/=/_/_/_/

 :: Spring Boot ::                (v3.3.3)

2026-09-08T22:00:05.896+02:00  INFO 2500556 --- [           main] com.deriva.bootstrap.DerivaApplication   : Starting DerivaApplication using Java 21.0.12 with PID 2500556 (/home/bashistha/Desktop/deriva/deriva-bootstrap/target/classes started by bashistha in /home/bashistha/Desktop/deriva/deriva-bootstrap)
2026-09-08T22:00:05.898+02:00 DEBUG 2500556 --- [           main] com.deriva.bootstrap.DerivaApplication   : Running with Spring Boot v3.3.3, Spring v6.1.12
2026-09-08T22:00:05.898+02:00  INFO 2500556 --- [           main] com.deriva.bootstrap.DerivaApplication   : No active profile set, falling back to 1 default profile: "default"
2026-09-08T22:00:06.427+02:00  INFO 2500556 --- [           main] .s.d.r.c.RepositoryConfigurationDelegate : Multiple Spring Data modules found, entering strict repository configuration mode
2026-09-08T22:00:06.428+02:00  INFO 2500556 --- [           main] .s.d.r.c.RepositoryConfigurationDelegate : Bootstrapping Spring Data JPA repositories in DEFAULT mode.
2026-09-08T22:00:06.522+02:00  INFO 2500556 --- [           main] .s.d.r.c.RepositoryConfigurationDelegate : Finished Spring Data repository scanning in 89 ms. Found 6 JPA repository interfaces.
2026-09-08T22:00:06.778+02:00  INFO 2500556 --- [           main] .s.d.r.c.RepositoryConfigurationDelegate : Multiple Spring Data modules found, entering strict repository configuration mode
2026-09-08T22:00:06.779+02:00  INFO 2500556 --- [           main] .s.d.r.c.RepositoryConfigurationDelegate : Bootstrapping Spring Data Redis repositories in DEFAULT mode.
2026-09-08T22:00:06.790+02:00  INFO 2500556 --- [           main] .s.d.r.c.RepositoryConfigurationDelegate : Finished Spring Data repository scanning in 5 ms. Found 0 Redis repository interfaces.
2026-09-08T22:00:07.302+02:00  INFO 2500556 --- [           main] o.s.b.w.embedded.tomcat.TomcatWebServer  : Tomcat initialized with port 8080 (http)
2026-09-08T22:00:07.311+02:00  INFO 2500556 --- [           main] o.apache.catalina.core.StandardService   : Starting service [Tomcat]
2026-09-08T22:00:07.312+02:00  INFO 2500556 --- [           main] o.apache.catalina.core.StandardEngine    : Starting Servlet engine: [Apache Tomcat/10.1.28]
2026-09-08T22:00:07.349+02:00  INFO 2500556 --- [           main] o.a.c.c.C.[Tomcat].[localhost].[/]       : Initializing Spring embedded WebApplicationContext
2026-09-08T22:00:07.350+02:00  INFO 2500556 --- [           main] w.s.c.ServletWebServerApplicationContext : Root WebApplicationContext: initialization completed in 1410 ms
2026-09-08T22:00:07.654+02:00  INFO 2500556 --- [           main] c.d.b.aspect.GlobalLoggingAspect         : [Backend]com.deriva.api.config.RedisConfig.cacheConfiguration()
2026-09-08T22:00:07.802+02:00  INFO 2500556 --- [           main] com.zaxxer.hikari.HikariDataSource       : HikariPool-1 - Starting...
2026-09-08T22:00:08.003+02:00  INFO 2500556 --- [           main] com.zaxxer.hikari.pool.HikariPool        : HikariPool-1 - Added connection org.postgresql.jdbc.PgConnection@402676e3
2026-09-08T22:00:08.004+02:00  INFO 2500556 --- [           main] com.zaxxer.hikari.HikariDataSource       : HikariPool-1 - Start completed.
2026-09-08T22:00:08.025+02:00  INFO 2500556 --- [           main] org.flywaydb.core.FlywayExecutor         : Database: jdbc:postgresql://localhost:5432/deriva (PostgreSQL 16.15)
2026-09-08T22:00:08.056+02:00  INFO 2500556 --- [           main] o.f.core.internal.command.DbValidate     : Successfully validated 10 migrations (execution time 00:00.019s)
2026-09-08T22:00:08.086+02:00  INFO 2500556 --- [           main] o.f.core.internal.command.DbMigrate      : Current version of schema "public": 10
2026-09-08T22:00:08.088+02:00  INFO 2500556 --- [           main] o.f.core.internal.command.DbMigrate      : Schema "public" is up to date. No migration necessary.
2026-09-08T22:00:08.161+02:00  INFO 2500556 --- [           main] o.hibernate.jpa.internal.util.LogHelper  : HHH000204: Processing PersistenceUnitInfo [name: default]
2026-09-08T22:00:08.208+02:00  INFO 2500556 --- [           main] org.hibernate.Version                    : HHH000412: Hibernate ORM core version 6.5.2.Final
2026-09-08T22:00:08.233+02:00  INFO 2500556 --- [           main] o.h.c.internal.RegionFactoryInitiator    : HHH000026: Second-level cache disabled
2026-09-08T22:00:08.440+02:00  INFO 2500556 --- [           main] o.s.o.j.p.SpringPersistenceUnitInfo      : No LoadTimeWeaver setup: ignoring JPA class transformer
2026-09-08T22:00:08.480+02:00  WARN 2500556 --- [           main] org.hibernate.orm.deprecation            : HHH90000025: PostgreSQLDialect does not need to be specified explicitly using 'hibernate.dialect' (remove the property setting and it will be selected by default)
2026-09-08T22:00:09.110+02:00  INFO 2500556 --- [           main] o.h.e.t.j.p.i.JtaPlatformInitiator       : HHH000489: No JTA platform available (set 'hibernate.transaction.jta.platform' to enable JTA platform integration)
2026-09-08T22:00:09.137+02:00  INFO 2500556 --- [           main] j.LocalContainerEntityManagerFactoryBean : Initialized JPA EntityManagerFactory for persistence unit 'default'
2026-09-08T22:00:09.384+02:00 DEBUG 2500556 --- [           main] c.d.a.security.JwtAuthenticationFilter   : Filter 'jwtAuthenticationFilter' configured for use
2026-09-08T22:00:09.453+02:00  INFO 2500556 --- [           main] c.d.b.aspect.GlobalLoggingAspect         : [Backend]com.deriva.infrastructure.messaging.config.KafkaConfiguration.objectMapper()
2026-09-08T22:00:09.638+02:00  INFO 2500556 --- [           main] c.d.b.aspect.GlobalLoggingAspect         : [Backend]com.deriva.api.security.SecurityConfig.authenticationManager()
2026-09-08T22:00:09.654+02:00  INFO 2500556 --- [           main] c.d.b.aspect.GlobalLoggingAspect         : [Backend]com.deriva.api.security.SecurityConfig.passwordEncoder()
2026-09-08T22:00:09.660+02:00  INFO 2500556 --- [           main] r$InitializeUserDetailsManagerConfigurer : Global AuthenticationManager configured with UserDetailsService bean with name customUserDetailsService
2026-09-08T22:00:09.689+02:00  INFO 2500556 --- [           main] c.d.b.aspect.GlobalLoggingAspect         : [Backend]com.deriva.api.config.WebSocketConfig.configureClientInboundChannel()
2026-09-08T22:00:09.703+02:00  INFO 2500556 --- [           main] c.d.b.aspect.GlobalLoggingAspect         : [Backend]com.deriva.api.config.WebSocketConfig.configureMessageBroker()
2026-09-08T22:00:09.773+02:00  INFO 2500556 --- [           main] c.d.b.aspect.GlobalLoggingAspect         : [Backend]com.deriva.infrastructure.messaging.config.KafkaConfiguration.kafkaTemplate()
2026-09-08T22:00:09.775+02:00  INFO 2500556 --- [           main] c.d.b.aspect.GlobalLoggingAspect         : [Backend]com.deriva.infrastructure.messaging.config.KafkaConfiguration.producerFactory()
2026-09-08T22:00:09.882+02:00  WARN 2500556 --- [           main] JpaBaseConfiguration$JpaWebConfiguration : spring.jpa.open-in-view is enabled by default. Therefore, database queries may be performed during view rendering. Explicitly configure spring.jpa.open-in-view to disable this warning
2026-09-08T22:00:09.951+02:00  INFO 2500556 --- [           main] c.d.b.aspect.GlobalLoggingAspect         : [Backend]com.deriva.api.config.WebSocketConfig.registerStompEndpoints()
2026-09-08T22:00:10.143+02:00  INFO 2500556 --- [           main] o.s.b.a.e.web.EndpointLinksResolver      : Exposing 4 endpoints beneath base path '/actuator'
2026-09-08T22:00:10.165+02:00  INFO 2500556 --- [           main] c.d.b.aspect.GlobalLoggingAspect         : [Backend]com.deriva.api.security.SecurityConfig.filterChain()
2026-09-08T22:00:10.166+02:00  INFO 2500556 --- [           main] c.d.b.aspect.GlobalLoggingAspect         : [Backend]com.deriva.api.security.SecurityConfig.corsConfigurationSource()
2026-09-08T22:00:10.194+02:00 DEBUG 2500556 --- [           main] o.s.s.web.DefaultSecurityFilterChain     : Will secure any request with filters: DisableEncodeUrlFilter, WebAsyncManagerIntegrationFilter, SecurityContextHolderFilter, HeaderWriterFilter, CorsFilter, LogoutFilter, JwtAuthenticationFilter, RequestCacheAwareFilter, SecurityContextHolderAwareRequestFilter, AnonymousAuthenticationFilter, SessionManagementFilter, ExceptionTranslationFilter, AuthorizationFilter
2026-09-08T22:00:10.259+02:00  INFO 2500556 --- [           main] c.d.b.aspect.GlobalLoggingAspect         : [Backend]com.deriva.api.config.OpenApiConfig.customOpenAPI()
2026-09-08T22:00:10.263+02:00  INFO 2500556 --- [           main] c.d.b.aspect.GlobalLoggingAspect         : [Backend]com.deriva.infrastructure.messaging.config.KafkaConfiguration.consumerFactory()
2026-09-08T22:00:10.268+02:00  INFO 2500556 --- [           main] c.d.b.aspect.GlobalLoggingAspect         : [Backend]com.deriva.infrastructure.messaging.config.KafkaConfiguration.kafkaListenerContainerFactory()
2026-09-08T22:00:10.799+02:00  INFO 2500556 --- [           main] o.s.b.w.embedded.tomcat.TomcatWebServer  : Tomcat started on port 8080 (http) with context path '/'
2026-09-08T22:00:10.836+02:00  INFO 2500556 --- [           main] o.a.k.clients.consumer.ConsumerConfig    : ConsumerConfig values: 
	allow.auto.create.topics = true
	auto.commit.interval.ms = 5000
	auto.include.jmx.reporter = true
	auto.offset.reset = latest
	bootstrap.servers = [localhost:9092]
	check.crcs = true
	client.dns.lookup = use_all_dns_ips
	client.id = consumer-deriva-group-1
	client.rack = 
	connections.max.idle.ms = 540000
	default.api.timeout.ms = 60000
	enable.auto.commit = false
	enable.metrics.push = true
	exclude.internal.topics = true
	fetch.max.bytes = 52428800
	fetch.max.wait.ms = 500
	fetch.min.bytes = 1
	group.id = deriva-group
	group.instance.id = null
	group.protocol = classic
	group.remote.assignor = null
	heartbeat.interval.ms = 3000
	interceptor.classes = []
	internal.leave.group.on.close = true
	internal.throw.on.fetch.stable.offset.unsupported = false
	isolation.level = read_uncommitted
	key.deserializer = class org.apache.kafka.common.serialization.StringDeserializer
	max.partition.fetch.bytes = 1048576
	max.poll.interval.ms = 300000
	max.poll.records = 500
	metadata.max.age.ms = 300000
	metric.reporters = []
	metrics.num.samples = 2
	metrics.recording.level = INFO
	metrics.sample.window.ms = 30000
	partition.assignment.strategy = [class org.apache.kafka.clients.consumer.RangeAssignor, class org.apache.kafka.clients.consumer.CooperativeStickyAssignor]
	receive.buffer.bytes = 65536
	reconnect.backoff.max.ms = 1000
	reconnect.backoff.ms = 50
	request.timeout.ms = 30000
	retry.backoff.max.ms = 1000
	retry.backoff.ms = 100
	sasl.client.callback.handler.class = null
	sasl.jaas.config = null
	sasl.kerberos.kinit.cmd = /usr/bin/kinit
	sasl.kerberos.min.time.before.relogin = 60000
	sasl.kerberos.service.name = null
	sasl.kerberos.ticket.renew.jitter = 0.05
	sasl.kerberos.ticket.renew.window.factor = 0.8
	sasl.login.callback.handler.class = null
	sasl.login.class = null
	sasl.login.connect.timeout.ms = null
	sasl.login.read.timeout.ms = null
	sasl.login.refresh.buffer.seconds = 300
	sasl.login.refresh.min.period.seconds = 60
	sasl.login.refresh.window.factor = 0.8
	sasl.login.refresh.window.jitter = 0.05
	sasl.login.retry.backoff.max.ms = 10000
	sasl.login.retry.backoff.ms = 100
	sasl.mechanism = GSSAPI
	sasl.oauthbearer.clock.skew.seconds = 30
	sasl.oauthbearer.expected.audience = null
	sasl.oauthbearer.expected.issuer = null
	sasl.oauthbearer.jwks.endpoint.refresh.ms = 3600000
	sasl.oauthbearer.jwks.endpoint.retry.backoff.max.ms = 10000
	sasl.oauthbearer.jwks.endpoint.retry.backoff.ms = 100
	sasl.oauthbearer.jwks.endpoint.url = null
	sasl.oauthbearer.scope.claim.name = scope
	sasl.oauthbearer.sub.claim.name = sub
	sasl.oauthbearer.token.endpoint.url = null
	security.protocol = PLAINTEXT
	security.providers = null
	send.buffer.bytes = 131072
	session.timeout.ms = 45000
	socket.connection.setup.timeout.max.ms = 30000
	socket.connection.setup.timeout.ms = 10000
	ssl.cipher.suites = null
	ssl.enabled.protocols = [TLSv1.2, TLSv1.3]
	ssl.endpoint.identification.algorithm = https
	ssl.engine.factory.class = null
	ssl.key.password = null
	ssl.keymanager.algorithm = SunX509
	ssl.keystore.certificate.chain = null
	ssl.keystore.key = null
	ssl.keystore.location = null
	ssl.keystore.password = null
	ssl.keystore.type = JKS
	ssl.protocol = TLSv1.3
	ssl.provider = null
	ssl.secure.random.implementation = null
	ssl.trustmanager.algorithm = PKIX
	ssl.truststore.certificates = null
	ssl.truststore.location = null
	ssl.truststore.password = null
	ssl.truststore.type = JKS
	value.deserializer = class org.springframework.kafka.support.serializer.JsonDeserializer

2026-09-08T22:00:10.881+02:00  INFO 2500556 --- [           main] o.a.k.c.t.i.KafkaMetricsCollector        : initializing Kafka metrics collector
2026-09-08T22:00:10.995+02:00  INFO 2500556 --- [           main] o.a.kafka.common.utils.AppInfoParser     : Kafka version: 3.7.1
2026-09-08T22:00:10.995+02:00  INFO 2500556 --- [           main] o.a.kafka.common.utils.AppInfoParser     : Kafka commitId: e2494e6ffb89f828
2026-09-08T22:00:10.995+02:00  INFO 2500556 --- [           main] o.a.kafka.common.utils.AppInfoParser     : Kafka startTimeMs: 1788897610994
2026-09-08T22:00:10.998+02:00  INFO 2500556 --- [           main] o.a.k.c.c.internals.LegacyKafkaConsumer  : [Consumer clientId=consumer-deriva-group-1, groupId=deriva-group] Subscribed to topic(s): option-lifecycle-events
2026-09-08T22:00:11.003+02:00  INFO 2500556 --- [           main] o.a.k.clients.consumer.ConsumerConfig    : ConsumerConfig values: 
	allow.auto.create.topics = true
	auto.commit.interval.ms = 5000
	auto.include.jmx.reporter = true
	auto.offset.reset = latest
	bootstrap.servers = [localhost:9092]
	check.crcs = true
	client.dns.lookup = use_all_dns_ips
	client.id = consumer-deriva-group-2
	client.rack = 
	connections.max.idle.ms = 540000
	default.api.timeout.ms = 60000
	enable.auto.commit = false
	enable.metrics.push = true
	exclude.internal.topics = true
	fetch.max.bytes = 52428800
	fetch.max.wait.ms = 500
	fetch.min.bytes = 1
	group.id = deriva-group
	group.instance.id = null
	group.protocol = classic
	group.remote.assignor = null
	heartbeat.interval.ms = 3000
	interceptor.classes = []
	internal.leave.group.on.close = true
	internal.throw.on.fetch.stable.offset.unsupported = false
	isolation.level = read_uncommitted
	key.deserializer = class org.apache.kafka.common.serialization.StringDeserializer
	max.partition.fetch.bytes = 1048576
	max.poll.interval.ms = 300000
	max.poll.records = 500
	metadata.max.age.ms = 300000
	metric.reporters = []
	metrics.num.samples = 2
	metrics.recording.level = INFO
	metrics.sample.window.ms = 30000
	partition.assignment.strategy = [class org.apache.kafka.clients.consumer.RangeAssignor, class org.apache.kafka.clients.consumer.CooperativeStickyAssignor]
	receive.buffer.bytes = 65536
	reconnect.backoff.max.ms = 1000
	reconnect.backoff.ms = 50
	request.timeout.ms = 30000
	retry.backoff.max.ms = 1000
	retry.backoff.ms = 100
	sasl.client.callback.handler.class = null
	sasl.jaas.config = null
	sasl.kerberos.kinit.cmd = /usr/bin/kinit
	sasl.kerberos.min.time.before.relogin = 60000
	sasl.kerberos.service.name = null
	sasl.kerberos.ticket.renew.jitter = 0.05
	sasl.kerberos.ticket.renew.window.factor = 0.8
	sasl.login.callback.handler.class = null
	sasl.login.class = null
	sasl.login.connect.timeout.ms = null
	sasl.login.read.timeout.ms = null
	sasl.login.refresh.buffer.seconds = 300
	sasl.login.refresh.min.period.seconds = 60
	sasl.login.refresh.window.factor = 0.8
	sasl.login.refresh.window.jitter = 0.05
	sasl.login.retry.backoff.max.ms = 10000
	sasl.login.retry.backoff.ms = 100
	sasl.mechanism = GSSAPI
	sasl.oauthbearer.clock.skew.seconds = 30
	sasl.oauthbearer.expected.audience = null
	sasl.oauthbearer.expected.issuer = null
	sasl.oauthbearer.jwks.endpoint.refresh.ms = 3600000
	sasl.oauthbearer.jwks.endpoint.retry.backoff.max.ms = 10000
	sasl.oauthbearer.jwks.endpoint.retry.backoff.ms = 100
	sasl.oauthbearer.jwks.endpoint.url = null
	sasl.oauthbearer.scope.claim.name = scope
	sasl.oauthbearer.sub.claim.name = sub
	sasl.oauthbearer.token.endpoint.url = null
	security.protocol = PLAINTEXT
	security.providers = null
	send.buffer.bytes = 131072
	session.timeout.ms = 45000
	socket.connection.setup.timeout.max.ms = 30000
	socket.connection.setup.timeout.ms = 10000
	ssl.cipher.suites = null
	ssl.enabled.protocols = [TLSv1.2, TLSv1.3]
	ssl.endpoint.identification.algorithm = https
	ssl.engine.factory.class = null
	ssl.key.password = null
	ssl.keymanager.algorithm = SunX509
	ssl.keystore.certificate.chain = null
	ssl.keystore.key = null
	ssl.keystore.location = null
	ssl.keystore.password = null
	ssl.keystore.type = JKS
	ssl.protocol = TLSv1.3
	ssl.provider = null
	ssl.secure.random.implementation = null
	ssl.trustmanager.algorithm = PKIX
	ssl.truststore.certificates = null
	ssl.truststore.location = null
	ssl.truststore.password = null
	ssl.truststore.type = JKS
	value.deserializer = class org.springframework.kafka.support.serializer.JsonDeserializer

2026-09-08T22:00:11.004+02:00  INFO 2500556 --- [           main] o.a.k.c.t.i.KafkaMetricsCollector        : initializing Kafka metrics collector
2026-09-08T22:00:11.010+02:00  INFO 2500556 --- [           main] o.a.kafka.common.utils.AppInfoParser     : Kafka version: 3.7.1
2026-09-08T22:00:11.010+02:00  INFO 2500556 --- [           main] o.a.kafka.common.utils.AppInfoParser     : Kafka commitId: e2494e6ffb89f828
2026-09-08T22:00:11.010+02:00  INFO 2500556 --- [           main] o.a.kafka.common.utils.AppInfoParser     : Kafka startTimeMs: 1788897611010
2026-09-08T22:00:11.010+02:00  INFO 2500556 --- [           main] o.a.k.c.c.internals.LegacyKafkaConsumer  : [Consumer clientId=consumer-deriva-group-2, groupId=deriva-group] Subscribed to topic(s): option-lifecycle-events
2026-09-08T22:00:11.012+02:00  INFO 2500556 --- [           main] o.a.k.clients.consumer.ConsumerConfig    : ConsumerConfig values: 
	allow.auto.create.topics = true
	auto.commit.interval.ms = 5000
	auto.include.jmx.reporter = true
	auto.offset.reset = latest
	bootstrap.servers = [localhost:9092]
	check.crcs = true
	client.dns.lookup = use_all_dns_ips
	client.id = consumer-deriva-group-3
	client.rack = 
	connections.max.idle.ms = 540000
	default.api.timeout.ms = 60000
	enable.auto.commit = false
	enable.metrics.push = true
	exclude.internal.topics = true
	fetch.max.bytes = 52428800
	fetch.max.wait.ms = 500
	fetch.min.bytes = 1
	group.id = deriva-group
	group.instance.id = null
	group.protocol = classic
	group.remote.assignor = null
	heartbeat.interval.ms = 3000
	interceptor.classes = []
	internal.leave.group.on.close = true
	internal.throw.on.fetch.stable.offset.unsupported = false
	isolation.level = read_uncommitted
	key.deserializer = class org.apache.kafka.common.serialization.StringDeserializer
	max.partition.fetch.bytes = 1048576
	max.poll.interval.ms = 300000
	max.poll.records = 500
	metadata.max.age.ms = 300000
	metric.reporters = []
	metrics.num.samples = 2
	metrics.recording.level = INFO
	metrics.sample.window.ms = 30000
	partition.assignment.strategy = [class org.apache.kafka.clients.consumer.RangeAssignor, class org.apache.kafka.clients.consumer.CooperativeStickyAssignor]
	receive.buffer.bytes = 65536
	reconnect.backoff.max.ms = 1000
	reconnect.backoff.ms = 50
	request.timeout.ms = 30000
	retry.backoff.max.ms = 1000
	retry.backoff.ms = 100
	sasl.client.callback.handler.class = null
	sasl.jaas.config = null
	sasl.kerberos.kinit.cmd = /usr/bin/kinit
	sasl.kerberos.min.time.before.relogin = 60000
	sasl.kerberos.service.name = null
	sasl.kerberos.ticket.renew.jitter = 0.05
	sasl.kerberos.ticket.renew.window.factor = 0.8
	sasl.login.callback.handler.class = null
	sasl.login.class = null
	sasl.login.connect.timeout.ms = null
	sasl.login.read.timeout.ms = null
	sasl.login.refresh.buffer.seconds = 300
	sasl.login.refresh.min.period.seconds = 60
	sasl.login.refresh.window.factor = 0.8
	sasl.login.refresh.window.jitter = 0.05
	sasl.login.retry.backoff.max.ms = 10000
	sasl.login.retry.backoff.ms = 100
	sasl.mechanism = GSSAPI
	sasl.oauthbearer.clock.skew.seconds = 30
	sasl.oauthbearer.expected.audience = null
	sasl.oauthbearer.expected.issuer = null
	sasl.oauthbearer.jwks.endpoint.refresh.ms = 3600000
	sasl.oauthbearer.jwks.endpoint.retry.backoff.max.ms = 10000
	sasl.oauthbearer.jwks.endpoint.retry.backoff.ms = 100
	sasl.oauthbearer.jwks.endpoint.url = null
	sasl.oauthbearer.scope.claim.name = scope
	sasl.oauthbearer.sub.claim.name = sub
	sasl.oauthbearer.token.endpoint.url = null
	security.protocol = PLAINTEXT
	security.providers = null
	send.buffer.bytes = 131072
	session.timeout.ms = 45000
	socket.connection.setup.timeout.max.ms = 30000
	socket.connection.setup.timeout.ms = 10000
	ssl.cipher.suites = null
	ssl.enabled.protocols = [TLSv1.2, TLSv1.3]
	ssl.endpoint.identification.algorithm = https
	ssl.engine.factory.class = null
	ssl.key.password = null
	ssl.keymanager.algorithm = SunX509
	ssl.keystore.certificate.chain = null
	ssl.keystore.key = null
	ssl.keystore.location = null
	ssl.keystore.password = null
	ssl.keystore.type = JKS
	ssl.protocol = TLSv1.3
	ssl.provider = null
	ssl.secure.random.implementation = null
	ssl.trustmanager.algorithm = PKIX
	ssl.truststore.certificates = null
	ssl.truststore.location = null
	ssl.truststore.password = null
	ssl.truststore.type = JKS
	value.deserializer = class org.springframework.kafka.support.serializer.JsonDeserializer

2026-09-08T22:00:11.012+02:00  INFO 2500556 --- [           main] o.a.k.c.t.i.KafkaMetricsCollector        : initializing Kafka metrics collector
2026-09-08T22:00:11.017+02:00  INFO 2500556 --- [           main] o.a.kafka.common.utils.AppInfoParser     : Kafka version: 3.7.1
2026-09-08T22:00:11.018+02:00  INFO 2500556 --- [           main] o.a.kafka.common.utils.AppInfoParser     : Kafka commitId: e2494e6ffb89f828
2026-09-08T22:00:11.018+02:00  INFO 2500556 --- [           main] o.a.kafka.common.utils.AppInfoParser     : Kafka startTimeMs: 1788897611017
2026-09-08T22:00:11.018+02:00  INFO 2500556 --- [           main] o.a.k.c.c.internals.LegacyKafkaConsumer  : [Consumer clientId=consumer-deriva-group-3, groupId=deriva-group] Subscribed to topic(s): order-filled-events
2026-09-08T22:00:11.028+02:00  INFO 2500556 --- [           main] o.a.k.clients.consumer.ConsumerConfig    : ConsumerConfig values: 
	allow.auto.create.topics = true
	auto.commit.interval.ms = 5000
	auto.include.jmx.reporter = true
	auto.offset.reset = latest
	bootstrap.servers = [localhost:9092]
	check.crcs = true
	client.dns.lookup = use_all_dns_ips
	client.id = consumer-deriva-group-4
	client.rack = 
	connections.max.idle.ms = 540000
	default.api.timeout.ms = 60000
	enable.auto.commit = false
	enable.metrics.push = true
	exclude.internal.topics = true
	fetch.max.bytes = 52428800
	fetch.max.wait.ms = 500
	fetch.min.bytes = 1
	group.id = deriva-group
	group.instance.id = null
	group.protocol = classic
	group.remote.assignor = null
	heartbeat.interval.ms = 3000
	interceptor.classes = []
	internal.leave.group.on.close = true
	internal.throw.on.fetch.stable.offset.unsupported = false
	isolation.level = read_uncommitted
	key.deserializer = class org.apache.kafka.common.serialization.StringDeserializer
	max.partition.fetch.bytes = 1048576
	max.poll.interval.ms = 300000
	max.poll.records = 500
	metadata.max.age.ms = 300000
	metric.reporters = []
	metrics.num.samples = 2
	metrics.recording.level = INFO
	metrics.sample.window.ms = 30000
	partition.assignment.strategy = [class org.apache.kafka.clients.consumer.RangeAssignor, class org.apache.kafka.clients.consumer.CooperativeStickyAssignor]
	receive.buffer.bytes = 65536
	reconnect.backoff.max.ms = 1000
	reconnect.backoff.ms = 50
	request.timeout.ms = 30000
	retry.backoff.max.ms = 1000
	retry.backoff.ms = 100
	sasl.client.callback.handler.class = null
	sasl.jaas.config = null
	sasl.kerberos.kinit.cmd = /usr/bin/kinit
	sasl.kerberos.min.time.before.relogin = 60000
	sasl.kerberos.service.name = null
	sasl.kerberos.ticket.renew.jitter = 0.05
	sasl.kerberos.ticket.renew.window.factor = 0.8
	sasl.login.callback.handler.class = null
	sasl.login.class = null
	sasl.login.connect.timeout.ms = null
	sasl.login.read.timeout.ms = null
	sasl.login.refresh.buffer.seconds = 300
	sasl.login.refresh.min.period.seconds = 60
	sasl.login.refresh.window.factor = 0.8
	sasl.login.refresh.window.jitter = 0.05
	sasl.login.retry.backoff.max.ms = 10000
	sasl.login.retry.backoff.ms = 100
	sasl.mechanism = GSSAPI
	sasl.oauthbearer.clock.skew.seconds = 30
	sasl.oauthbearer.expected.audience = null
	sasl.oauthbearer.expected.issuer = null
	sasl.oauthbearer.jwks.endpoint.refresh.ms = 3600000
	sasl.oauthbearer.jwks.endpoint.retry.backoff.max.ms = 10000
	sasl.oauthbearer.jwks.endpoint.retry.backoff.ms = 100
	sasl.oauthbearer.jwks.endpoint.url = null
	sasl.oauthbearer.scope.claim.name = scope
	sasl.oauthbearer.sub.claim.name = sub
	sasl.oauthbearer.token.endpoint.url = null
	security.protocol = PLAINTEXT
	security.providers = null
	send.buffer.bytes = 131072
	session.timeout.ms = 45000
	socket.connection.setup.timeout.max.ms = 30000
	socket.connection.setup.timeout.ms = 10000
	ssl.cipher.suites = null
	ssl.enabled.protocols = [TLSv1.2, TLSv1.3]
	ssl.endpoint.identification.algorithm = https
	ssl.engine.factory.class = null
	ssl.key.password = null
	ssl.keymanager.algorithm = SunX509
	ssl.keystore.certificate.chain = null
	ssl.keystore.key = null
	ssl.keystore.location = null
	ssl.keystore.password = null
	ssl.keystore.type = JKS
	ssl.protocol = TLSv1.3
	ssl.provider = null
	ssl.secure.random.implementation = null
	ssl.trustmanager.algorithm = PKIX
	ssl.truststore.certificates = null
	ssl.truststore.location = null
	ssl.truststore.password = null
	ssl.truststore.type = JKS
	value.deserializer = class org.springframework.kafka.support.serializer.JsonDeserializer

2026-09-08T22:00:11.028+02:00  INFO 2500556 --- [           main] o.a.k.c.t.i.KafkaMetricsCollector        : initializing Kafka metrics collector
2026-09-08T22:00:11.031+02:00  INFO 2500556 --- [           main] o.a.kafka.common.utils.AppInfoParser     : Kafka version: 3.7.1
2026-09-08T22:00:11.032+02:00  INFO 2500556 --- [           main] o.a.kafka.common.utils.AppInfoParser     : Kafka commitId: e2494e6ffb89f828
2026-09-08T22:00:11.032+02:00  INFO 2500556 --- [           main] o.a.kafka.common.utils.AppInfoParser     : Kafka startTimeMs: 1788897611031
2026-09-08T22:00:11.032+02:00  INFO 2500556 --- [           main] o.a.k.c.c.internals.LegacyKafkaConsumer  : [Consumer clientId=consumer-deriva-group-4, groupId=deriva-group] Subscribed to topic(s): position-events
2026-09-08T22:00:11.033+02:00  INFO 2500556 --- [           main] o.a.k.clients.consumer.ConsumerConfig    : ConsumerConfig values: 
	allow.auto.create.topics = true
	auto.commit.interval.ms = 5000
	auto.include.jmx.reporter = true
	auto.offset.reset = latest
	bootstrap.servers = [localhost:9092]
	check.crcs = true
	client.dns.lookup = use_all_dns_ips
	client.id = consumer-deriva-group-5
	client.rack = 
	connections.max.idle.ms = 540000
	default.api.timeout.ms = 60000
	enable.auto.commit = false
	enable.metrics.push = true
	exclude.internal.topics = true
	fetch.max.bytes = 52428800
	fetch.max.wait.ms = 500
	fetch.min.bytes = 1
	group.id = deriva-group
	group.instance.id = null
	group.protocol = classic
	group.remote.assignor = null
	heartbeat.interval.ms = 3000
	interceptor.classes = []
	internal.leave.group.on.close = true
	internal.throw.on.fetch.stable.offset.unsupported = false
	isolation.level = read_uncommitted
	key.deserializer = class org.apache.kafka.common.serialization.StringDeserializer
	max.partition.fetch.bytes = 1048576
	max.poll.interval.ms = 300000
	max.poll.records = 500
	metadata.max.age.ms = 300000
	metric.reporters = []
	metrics.num.samples = 2
	metrics.recording.level = INFO
	metrics.sample.window.ms = 30000
	partition.assignment.strategy = [class org.apache.kafka.clients.consumer.RangeAssignor, class org.apache.kafka.clients.consumer.CooperativeStickyAssignor]
	receive.buffer.bytes = 65536
	reconnect.backoff.max.ms = 1000
	reconnect.backoff.ms = 50
	request.timeout.ms = 30000
	retry.backoff.max.ms = 1000
	retry.backoff.ms = 100
	sasl.client.callback.handler.class = null
	sasl.jaas.config = null
	sasl.kerberos.kinit.cmd = /usr/bin/kinit
	sasl.kerberos.min.time.before.relogin = 60000
	sasl.kerberos.service.name = null
	sasl.kerberos.ticket.renew.jitter = 0.05
	sasl.kerberos.ticket.renew.window.factor = 0.8
	sasl.login.callback.handler.class = null
	sasl.login.class = null
	sasl.login.connect.timeout.ms = null
	sasl.login.read.timeout.ms = null
	sasl.login.refresh.buffer.seconds = 300
	sasl.login.refresh.min.period.seconds = 60
	sasl.login.refresh.window.factor = 0.8
	sasl.login.refresh.window.jitter = 0.05
	sasl.login.retry.backoff.max.ms = 10000
	sasl.login.retry.backoff.ms = 100
	sasl.mechanism = GSSAPI
	sasl.oauthbearer.clock.skew.seconds = 30
	sasl.oauthbearer.expected.audience = null
	sasl.oauthbearer.expected.issuer = null
	sasl.oauthbearer.jwks.endpoint.refresh.ms = 3600000
	sasl.oauthbearer.jwks.endpoint.retry.backoff.max.ms = 10000
	sasl.oauthbearer.jwks.endpoint.retry.backoff.ms = 100
	sasl.oauthbearer.jwks.endpoint.url = null
	sasl.oauthbearer.scope.claim.name = scope
	sasl.oauthbearer.sub.claim.name = sub
	sasl.oauthbearer.token.endpoint.url = null
	security.protocol = PLAINTEXT
	security.providers = null
	send.buffer.bytes = 131072
	session.timeout.ms = 45000
	socket.connection.setup.timeout.max.ms = 30000
	socket.connection.setup.timeout.ms = 10000
	ssl.cipher.suites = null
	ssl.enabled.protocols = [TLSv1.2, TLSv1.3]
	ssl.endpoint.identification.algorithm = https
	ssl.engine.factory.class = null
	ssl.key.password = null
	ssl.keymanager.algorithm = SunX509
	ssl.keystore.certificate.chain = null
	ssl.keystore.key = null
	ssl.keystore.location = null
	ssl.keystore.password = null
	ssl.keystore.type = JKS
	ssl.protocol = TLSv1.3
	ssl.provider = null
	ssl.secure.random.implementation = null
	ssl.trustmanager.algorithm = PKIX
	ssl.truststore.certificates = null
	ssl.truststore.location = null
	ssl.truststore.password = null
	ssl.truststore.type = JKS
	value.deserializer = class org.springframework.kafka.support.serializer.JsonDeserializer

2026-09-08T22:00:11.034+02:00  INFO 2500556 --- [           main] o.a.k.c.t.i.KafkaMetricsCollector        : initializing Kafka metrics collector
2026-09-08T22:00:11.037+02:00  INFO 2500556 --- [           main] o.a.kafka.common.utils.AppInfoParser     : Kafka version: 3.7.1
2026-09-08T22:00:11.038+02:00  INFO 2500556 --- [           main] o.a.kafka.common.utils.AppInfoParser     : Kafka commitId: e2494e6ffb89f828
2026-09-08T22:00:11.038+02:00  INFO 2500556 --- [           main] o.a.kafka.common.utils.AppInfoParser     : Kafka startTimeMs: 1788897611037
2026-09-08T22:00:11.038+02:00  INFO 2500556 --- [           main] o.a.k.c.c.internals.LegacyKafkaConsumer  : [Consumer clientId=consumer-deriva-group-5, groupId=deriva-group] Subscribed to topic(s): order-events
2026-09-08T22:00:11.039+02:00  INFO 2500556 --- [           main] o.a.k.clients.consumer.ConsumerConfig    : ConsumerConfig values: 
	allow.auto.create.topics = true
	auto.commit.interval.ms = 5000
	auto.include.jmx.reporter = true
	auto.offset.reset = latest
	bootstrap.servers = [localhost:9092]
	check.crcs = true
	client.dns.lookup = use_all_dns_ips
	client.id = consumer-deriva-group-6
	client.rack = 
	connections.max.idle.ms = 540000
	default.api.timeout.ms = 60000
	enable.auto.commit = false
	enable.metrics.push = true
	exclude.internal.topics = true
	fetch.max.bytes = 52428800
	fetch.max.wait.ms = 500
	fetch.min.bytes = 1
	group.id = deriva-group
	group.instance.id = null
	group.protocol = classic
	group.remote.assignor = null
	heartbeat.interval.ms = 3000
	interceptor.classes = []
	internal.leave.group.on.close = true
	internal.throw.on.fetch.stable.offset.unsupported = false
	isolation.level = read_uncommitted
	key.deserializer = class org.apache.kafka.common.serialization.StringDeserializer
	max.partition.fetch.bytes = 1048576
	max.poll.interval.ms = 300000
	max.poll.records = 500
	metadata.max.age.ms = 300000
	metric.reporters = []
	metrics.num.samples = 2
	metrics.recording.level = INFO
	metrics.sample.window.ms = 30000
	partition.assignment.strategy = [class org.apache.kafka.clients.consumer.RangeAssignor, class org.apache.kafka.clients.consumer.CooperativeStickyAssignor]
	receive.buffer.bytes = 65536
	reconnect.backoff.max.ms = 1000
	reconnect.backoff.ms = 50
	request.timeout.ms = 30000
	retry.backoff.max.ms = 1000
	retry.backoff.ms = 100
	sasl.client.callback.handler.class = null
	sasl.jaas.config = null
	sasl.kerberos.kinit.cmd = /usr/bin/kinit
	sasl.kerberos.min.time.before.relogin = 60000
	sasl.kerberos.service.name = null
	sasl.kerberos.ticket.renew.jitter = 0.05
	sasl.kerberos.ticket.renew.window.factor = 0.8
	sasl.login.callback.handler.class = null
	sasl.login.class = null
	sasl.login.connect.timeout.ms = null
	sasl.login.read.timeout.ms = null
	sasl.login.refresh.buffer.seconds = 300
	sasl.login.refresh.min.period.seconds = 60
	sasl.login.refresh.window.factor = 0.8
	sasl.login.refresh.window.jitter = 0.05
	sasl.login.retry.backoff.max.ms = 10000
	sasl.login.retry.backoff.ms = 100
	sasl.mechanism = GSSAPI
	sasl.oauthbearer.clock.skew.seconds = 30
	sasl.oauthbearer.expected.audience = null
	sasl.oauthbearer.expected.issuer = null
	sasl.oauthbearer.jwks.endpoint.refresh.ms = 3600000
	sasl.oauthbearer.jwks.endpoint.retry.backoff.max.ms = 10000
	sasl.oauthbearer.jwks.endpoint.retry.backoff.ms = 100
	sasl.oauthbearer.jwks.endpoint.url = null
	sasl.oauthbearer.scope.claim.name = scope
	sasl.oauthbearer.sub.claim.name = sub
	sasl.oauthbearer.token.endpoint.url = null
	security.protocol = PLAINTEXT
	security.providers = null
	send.buffer.bytes = 131072
	session.timeout.ms = 45000
	socket.connection.setup.timeout.max.ms = 30000
	socket.connection.setup.timeout.ms = 10000
	ssl.cipher.suites = null
	ssl.enabled.protocols = [TLSv1.2, TLSv1.3]
	ssl.endpoint.identification.algorithm = https
	ssl.engine.factory.class = null
	ssl.key.password = null
	ssl.keymanager.algorithm = SunX509
	ssl.keystore.certificate.chain = null
	ssl.keystore.key = null
	ssl.keystore.location = null
	ssl.keystore.password = null
	ssl.keystore.type = JKS
	ssl.protocol = TLSv1.3
	ssl.provider = null
	ssl.secure.random.implementation = null
	ssl.trustmanager.algorithm = PKIX
	ssl.truststore.certificates = null
	ssl.truststore.location = null
	ssl.truststore.password = null
	ssl.truststore.type = JKS
	value.deserializer = class org.springframework.kafka.support.serializer.JsonDeserializer

2026-09-08T22:00:11.040+02:00  INFO 2500556 --- [           main] o.a.k.c.t.i.KafkaMetricsCollector        : initializing Kafka metrics collector
2026-09-08T22:00:11.042+02:00  INFO 2500556 --- [           main] o.a.kafka.common.utils.AppInfoParser     : Kafka version: 3.7.1
2026-09-08T22:00:11.043+02:00  INFO 2500556 --- [           main] o.a.kafka.common.utils.AppInfoParser     : Kafka commitId: e2494e6ffb89f828
2026-09-08T22:00:11.043+02:00  INFO 2500556 --- [           main] o.a.kafka.common.utils.AppInfoParser     : Kafka startTimeMs: 1788897611042
2026-09-08T22:00:11.043+02:00  INFO 2500556 --- [           main] o.a.k.c.c.internals.LegacyKafkaConsumer  : [Consumer clientId=consumer-deriva-group-6, groupId=deriva-group] Subscribed to topic(s): option-lifecycle-events
2026-09-08T22:00:11.044+02:00  INFO 2500556 --- [           main] o.a.k.clients.consumer.ConsumerConfig    : ConsumerConfig values: 
	allow.auto.create.topics = true
	auto.commit.interval.ms = 5000
	auto.include.jmx.reporter = true
	auto.offset.reset = latest
	bootstrap.servers = [localhost:9092]
	check.crcs = true
	client.dns.lookup = use_all_dns_ips
	client.id = consumer-deriva-group-7
	client.rack = 
	connections.max.idle.ms = 540000
	default.api.timeout.ms = 60000
	enable.auto.commit = false
	enable.metrics.push = true
	exclude.internal.topics = true
	fetch.max.bytes = 52428800
	fetch.max.wait.ms = 500
	fetch.min.bytes = 1
	group.id = deriva-group
	group.instance.id = null
	group.protocol = classic
	group.remote.assignor = null
	heartbeat.interval.ms = 3000
	interceptor.classes = []
	internal.leave.group.on.close = true
	internal.throw.on.fetch.stable.offset.unsupported = false
	isolation.level = read_uncommitted
	key.deserializer = class org.apache.kafka.common.serialization.StringDeserializer
	max.partition.fetch.bytes = 1048576
	max.poll.interval.ms = 300000
	max.poll.records = 500
	metadata.max.age.ms = 300000
	metric.reporters = []
	metrics.num.samples = 2
	metrics.recording.level = INFO
	metrics.sample.window.ms = 30000
	partition.assignment.strategy = [class org.apache.kafka.clients.consumer.RangeAssignor, class org.apache.kafka.clients.consumer.CooperativeStickyAssignor]
	receive.buffer.bytes = 65536
	reconnect.backoff.max.ms = 1000
	reconnect.backoff.ms = 50
	request.timeout.ms = 30000
	retry.backoff.max.ms = 1000
	retry.backoff.ms = 100
	sasl.client.callback.handler.class = null
	sasl.jaas.config = null
	sasl.kerberos.kinit.cmd = /usr/bin/kinit
	sasl.kerberos.min.time.before.relogin = 60000
	sasl.kerberos.service.name = null
	sasl.kerberos.ticket.renew.jitter = 0.05
	sasl.kerberos.ticket.renew.window.factor = 0.8
	sasl.login.callback.handler.class = null
	sasl.login.class = null
	sasl.login.connect.timeout.ms = null
	sasl.login.read.timeout.ms = null
	sasl.login.refresh.buffer.seconds = 300
	sasl.login.refresh.min.period.seconds = 60
	sasl.login.refresh.window.factor = 0.8
	sasl.login.refresh.window.jitter = 0.05
	sasl.login.retry.backoff.max.ms = 10000
	sasl.login.retry.backoff.ms = 100
	sasl.mechanism = GSSAPI
	sasl.oauthbearer.clock.skew.seconds = 30
	sasl.oauthbearer.expected.audience = null
	sasl.oauthbearer.expected.issuer = null
	sasl.oauthbearer.jwks.endpoint.refresh.ms = 3600000
	sasl.oauthbearer.jwks.endpoint.retry.backoff.max.ms = 10000
	sasl.oauthbearer.jwks.endpoint.retry.backoff.ms = 100
	sasl.oauthbearer.jwks.endpoint.url = null
	sasl.oauthbearer.scope.claim.name = scope
	sasl.oauthbearer.sub.claim.name = sub
	sasl.oauthbearer.token.endpoint.url = null
	security.protocol = PLAINTEXT
	security.providers = null
	send.buffer.bytes = 131072
	session.timeout.ms = 45000
	socket.connection.setup.timeout.max.ms = 30000
	socket.connection.setup.timeout.ms = 10000
	ssl.cipher.suites = null
	ssl.enabled.protocols = [TLSv1.2, TLSv1.3]
	ssl.endpoint.identification.algorithm = https
	ssl.engine.factory.class = null
	ssl.key.password = null
	ssl.keymanager.algorithm = SunX509
	ssl.keystore.certificate.chain = null
	ssl.keystore.key = null
	ssl.keystore.location = null
	ssl.keystore.password = null
	ssl.keystore.type = JKS
	ssl.protocol = TLSv1.3
	ssl.provider = null
	ssl.secure.random.implementation = null
	ssl.trustmanager.algorithm = PKIX
	ssl.truststore.certificates = null
	ssl.truststore.location = null
	ssl.truststore.password = null
	ssl.truststore.type = JKS
	value.deserializer = class org.springframework.kafka.support.serializer.JsonDeserializer

2026-09-08T22:00:11.045+02:00  INFO 2500556 --- [           main] o.a.k.c.t.i.KafkaMetricsCollector        : initializing Kafka metrics collector
2026-09-08T22:00:11.047+02:00  INFO 2500556 --- [           main] o.a.kafka.common.utils.AppInfoParser     : Kafka version: 3.7.1
2026-09-08T22:00:11.047+02:00  INFO 2500556 --- [           main] o.a.kafka.common.utils.AppInfoParser     : Kafka commitId: e2494e6ffb89f828
2026-09-08T22:00:11.047+02:00  INFO 2500556 --- [           main] o.a.kafka.common.utils.AppInfoParser     : Kafka startTimeMs: 1788897611047
2026-09-08T22:00:11.048+02:00  INFO 2500556 --- [           main] o.a.k.c.c.internals.LegacyKafkaConsumer  : [Consumer clientId=consumer-deriva-group-7, groupId=deriva-group] Subscribed to topic(s): risk-events
2026-09-08T22:00:11.049+02:00  INFO 2500556 --- [           main] o.a.k.clients.consumer.ConsumerConfig    : ConsumerConfig values: 
	allow.auto.create.topics = true
	auto.commit.interval.ms = 5000
	auto.include.jmx.reporter = true
	auto.offset.reset = latest
	bootstrap.servers = [localhost:9092]
	check.crcs = true
	client.dns.lookup = use_all_dns_ips
	client.id = consumer-deriva-group-8
	client.rack = 
	connections.max.idle.ms = 540000
	default.api.timeout.ms = 60000
	enable.auto.commit = false
	enable.metrics.push = true
	exclude.internal.topics = true
	fetch.max.bytes = 52428800
	fetch.max.wait.ms = 500
	fetch.min.bytes = 1
	group.id = deriva-group
	group.instance.id = null
	group.protocol = classic
	group.remote.assignor = null
	heartbeat.interval.ms = 3000
	interceptor.classes = []
	internal.leave.group.on.close = true
	internal.throw.on.fetch.stable.offset.unsupported = false
	isolation.level = read_uncommitted
	key.deserializer = class org.apache.kafka.common.serialization.StringDeserializer
	max.partition.fetch.bytes = 1048576
	max.poll.interval.ms = 300000
	max.poll.records = 500
	metadata.max.age.ms = 300000
	metric.reporters = []
	metrics.num.samples = 2
	metrics.recording.level = INFO
	metrics.sample.window.ms = 30000
	partition.assignment.strategy = [class org.apache.kafka.clients.consumer.RangeAssignor, class org.apache.kafka.clients.consumer.CooperativeStickyAssignor]
	receive.buffer.bytes = 65536
	reconnect.backoff.max.ms = 1000
	reconnect.backoff.ms = 50
	request.timeout.ms = 30000
	retry.backoff.max.ms = 1000
	retry.backoff.ms = 100
	sasl.client.callback.handler.class = null
	sasl.jaas.config = null
	sasl.kerberos.kinit.cmd = /usr/bin/kinit
	sasl.kerberos.min.time.before.relogin = 60000
	sasl.kerberos.service.name = null
	sasl.kerberos.ticket.renew.jitter = 0.05
	sasl.kerberos.ticket.renew.window.factor = 0.8
	sasl.login.callback.handler.class = null
	sasl.login.class = null
	sasl.login.connect.timeout.ms = null
	sasl.login.read.timeout.ms = null
	sasl.login.refresh.buffer.seconds = 300
	sasl.login.refresh.min.period.seconds = 60
	sasl.login.refresh.window.factor = 0.8
	sasl.login.refresh.window.jitter = 0.05
	sasl.login.retry.backoff.max.ms = 10000
	sasl.login.retry.backoff.ms = 100
	sasl.mechanism = GSSAPI
	sasl.oauthbearer.clock.skew.seconds = 30
	sasl.oauthbearer.expected.audience = null
	sasl.oauthbearer.expected.issuer = null
	sasl.oauthbearer.jwks.endpoint.refresh.ms = 3600000
	sasl.oauthbearer.jwks.endpoint.retry.backoff.max.ms = 10000
	sasl.oauthbearer.jwks.endpoint.retry.backoff.ms = 100
	sasl.oauthbearer.jwks.endpoint.url = null
	sasl.oauthbearer.scope.claim.name = scope
	sasl.oauthbearer.sub.claim.name = sub
	sasl.oauthbearer.token.endpoint.url = null
	security.protocol = PLAINTEXT
	security.providers = null
	send.buffer.bytes = 131072
	session.timeout.ms = 45000
	socket.connection.setup.timeout.max.ms = 30000
	socket.connection.setup.timeout.ms = 10000
	ssl.cipher.suites = null
	ssl.enabled.protocols = [TLSv1.2, TLSv1.3]
	ssl.endpoint.identification.algorithm = https
	ssl.engine.factory.class = null
	ssl.key.password = null
	ssl.keymanager.algorithm = SunX509
	ssl.keystore.certificate.chain = null
	ssl.keystore.key = null
	ssl.keystore.location = null
	ssl.keystore.password = null
	ssl.keystore.type = JKS
	ssl.protocol = TLSv1.3
	ssl.provider = null
	ssl.secure.random.implementation = null
	ssl.trustmanager.algorithm = PKIX
	ssl.truststore.certificates = null
	ssl.truststore.location = null
	ssl.truststore.password = null
	ssl.truststore.type = JKS
	value.deserializer = class org.springframework.kafka.support.serializer.JsonDeserializer

2026-09-08T22:00:11.049+02:00  INFO 2500556 --- [           main] o.a.k.c.t.i.KafkaMetricsCollector        : initializing Kafka metrics collector
2026-09-08T22:00:11.051+02:00  INFO 2500556 --- [           main] o.a.kafka.common.utils.AppInfoParser     : Kafka version: 3.7.1
2026-09-08T22:00:11.052+02:00  INFO 2500556 --- [           main] o.a.kafka.common.utils.AppInfoParser     : Kafka commitId: e2494e6ffb89f828
2026-09-08T22:00:11.052+02:00  INFO 2500556 --- [           main] o.a.kafka.common.utils.AppInfoParser     : Kafka startTimeMs: 1788897611051
2026-09-08T22:00:11.052+02:00  INFO 2500556 --- [           main] o.a.k.c.c.internals.LegacyKafkaConsumer  : [Consumer clientId=consumer-deriva-group-8, groupId=deriva-group] Subscribed to topic(s): market-quote-updates
2026-09-08T22:00:11.053+02:00  INFO 2500556 --- [           main] o.s.m.s.b.SimpleBrokerMessageHandler     : Starting...
2026-09-08T22:00:11.054+02:00  INFO 2500556 --- [           main] o.s.m.s.b.SimpleBrokerMessageHandler     : BrokerAvailabilityEvent[available=true, SimpleBrokerMessageHandler [org.springframework.messaging.simp.broker.DefaultSubscriptionRegistry@11b0cf30]]
2026-09-08T22:00:11.055+02:00  INFO 2500556 --- [           main] o.s.m.s.b.SimpleBrokerMessageHandler     : Started.
2026-09-08T22:00:11.069+02:00  INFO 2500556 --- [           main] com.deriva.bootstrap.DerivaApplication   : Started DerivaApplication in 5.421 seconds (process running for 5.622)
2026-09-08T22:00:11.071+02:00  INFO 2500556 --- [MessageBroker-3] c.d.b.aspect.GlobalLoggingAspect         : [Backend]com.deriva.api.messaging.MarketDataSimulator.simulateMarketData()
2026-09-08T22:00:11.072+02:00  INFO 2500556 --- [MessageBroker-3] c.d.b.aspect.GlobalLoggingAspect         : [Backend]com.deriva.api.messaging.WebsocketBroadcaster.broadcastQuote()
2026-09-08T22:00:11.248+02:00  INFO 2500556 --- [ntainer#3-0-C-1] org.apache.kafka.clients.Metadata        : [Consumer clientId=consumer-deriva-group-4, groupId=deriva-group] Cluster ID: Some(5L6g3nShT-eMCtK--X86sw)
2026-09-08T22:00:11.248+02:00  INFO 2500556 --- [ntainer#4-0-C-1] org.apache.kafka.clients.Metadata        : [Consumer clientId=consumer-deriva-group-5, groupId=deriva-group] Cluster ID: Some(5L6g3nShT-eMCtK--X86sw)
2026-09-08T22:00:11.248+02:00  INFO 2500556 --- [ntainer#0-0-C-1] org.apache.kafka.clients.Metadata        : [Consumer clientId=consumer-deriva-group-7, groupId=deriva-group] Cluster ID: Some(5L6g3nShT-eMCtK--X86sw)
2026-09-08T22:00:11.248+02:00  INFO 2500556 --- [ntainer#7-0-C-1] org.apache.kafka.clients.Metadata        : [Consumer clientId=consumer-deriva-group-2, groupId=deriva-group] Cluster ID: Some(5L6g3nShT-eMCtK--X86sw)
2026-09-08T22:00:11.248+02:00  INFO 2500556 --- [ntainer#1-0-C-1] org.apache.kafka.clients.Metadata        : [Consumer clientId=consumer-deriva-group-8, groupId=deriva-group] Cluster ID: Some(5L6g3nShT-eMCtK--X86sw)
2026-09-08T22:00:11.248+02:00  INFO 2500556 --- [ntainer#5-0-C-1] org.apache.kafka.clients.Metadata        : [Consumer clientId=consumer-deriva-group-6, groupId=deriva-group] Cluster ID: Some(5L6g3nShT-eMCtK--X86sw)
2026-09-08T22:00:11.248+02:00  INFO 2500556 --- [ntainer#0-0-C-1] o.a.k.c.c.internals.ConsumerCoordinator  : [Consumer clientId=consumer-deriva-group-7, groupId=deriva-group] Discovered group coordinator localhost:9092 (id: 2147483646 rack: null)
2026-09-08T22:00:11.248+02:00  INFO 2500556 --- [ntainer#5-0-C-1] o.a.k.c.c.internals.ConsumerCoordinator  : [Consumer clientId=consumer-deriva-group-6, groupId=deriva-group] Discovered group coordinator localhost:9092 (id: 2147483646 rack: null)
2026-09-08T22:00:11.248+02:00  INFO 2500556 --- [ntainer#2-0-C-1] org.apache.kafka.clients.Metadata        : [Consumer clientId=consumer-deriva-group-3, groupId=deriva-group] Cluster ID: Some(5L6g3nShT-eMCtK--X86sw)
2026-09-08T22:00:11.248+02:00  INFO 2500556 --- [ntainer#1-0-C-1] o.a.k.c.c.internals.ConsumerCoordinator  : [Consumer clientId=consumer-deriva-group-8, groupId=deriva-group] Discovered group coordinator localhost:9092 (id: 2147483646 rack: null)
2026-09-08T22:00:11.248+02:00  INFO 2500556 --- [ntainer#3-0-C-1] o.a.k.c.c.internals.ConsumerCoordinator  : [Consumer clientId=consumer-deriva-group-4, groupId=deriva-group] Discovered group coordinator localhost:9092 (id: 2147483646 rack: null)
2026-09-08T22:00:11.248+02:00  INFO 2500556 --- [ntainer#7-0-C-1] o.a.k.c.c.internals.ConsumerCoordinator  : [Consumer clientId=consumer-deriva-group-2, groupId=deriva-group] Discovered group coordinator localhost:9092 (id: 2147483646 rack: null)
2026-09-08T22:00:11.249+02:00  INFO 2500556 --- [ntainer#2-0-C-1] o.a.k.c.c.internals.ConsumerCoordinator  : [Consumer clientId=consumer-deriva-group-3, groupId=deriva-group] Discovered group coordinator localhost:9092 (id: 2147483646 rack: null)
2026-09-08T22:00:11.248+02:00  INFO 2500556 --- [ntainer#4-0-C-1] o.a.k.c.c.internals.ConsumerCoordinator  : [Consumer clientId=consumer-deriva-group-5, groupId=deriva-group] Discovered group coordinator localhost:9092 (id: 2147483646 rack: null)
2026-09-08T22:00:11.248+02:00  INFO 2500556 --- [ntainer#6-0-C-1] org.apache.kafka.clients.Metadata        : [Consumer clientId=consumer-deriva-group-1, groupId=deriva-group] Cluster ID: Some(5L6g3nShT-eMCtK--X86sw)
2026-09-08T22:00:11.250+02:00  INFO 2500556 --- [ntainer#6-0-C-1] o.a.k.c.c.internals.ConsumerCoordinator  : [Consumer clientId=consumer-deriva-group-1, groupId=deriva-group] Discovered group coordinator localhost:9092 (id: 2147483646 rack: null)
2026-09-08T22:00:11.251+02:00  INFO 2500556 --- [ntainer#0-0-C-1] o.a.k.c.c.internals.ConsumerCoordinator  : [Consumer clientId=consumer-deriva-group-7, groupId=deriva-group] (Re-)joining group
2026-09-08T22:00:11.251+02:00  INFO 2500556 --- [ntainer#5-0-C-1] o.a.k.c.c.internals.ConsumerCoordinator  : [Consumer clientId=consumer-deriva-group-6, groupId=deriva-group] (Re-)joining group
2026-09-08T22:00:11.251+02:00  INFO 2500556 --- [ntainer#7-0-C-1] o.a.k.c.c.internals.ConsumerCoordinator  : [Consumer clientId=consumer-deriva-group-2, groupId=deriva-group] (Re-)joining group
2026-09-08T22:00:11.251+02:00  INFO 2500556 --- [ntainer#2-0-C-1] o.a.k.c.c.internals.ConsumerCoordinator  : [Consumer clientId=consumer-deriva-group-3, groupId=deriva-group] (Re-)joining group
2026-09-08T22:00:11.251+02:00  INFO 2500556 --- [ntainer#1-0-C-1] o.a.k.c.c.internals.ConsumerCoordinator  : [Consumer clientId=consumer-deriva-group-8, groupId=deriva-group] (Re-)joining group
2026-09-08T22:00:11.251+02:00  INFO 2500556 --- [ntainer#4-0-C-1] o.a.k.c.c.internals.ConsumerCoordinator  : [Consumer clientId=consumer-deriva-group-5, groupId=deriva-group] (Re-)joining group
2026-09-08T22:00:11.251+02:00  INFO 2500556 --- [ntainer#3-0-C-1] o.a.k.c.c.internals.ConsumerCoordinator  : [Consumer clientId=consumer-deriva-group-4, groupId=deriva-group] (Re-)joining group
2026-09-08T22:00:11.251+02:00  INFO 2500556 --- [ntainer#6-0-C-1] o.a.k.c.c.internals.ConsumerCoordinator  : [Consumer clientId=consumer-deriva-group-1, groupId=deriva-group] (Re-)joining group
2026-09-08T22:00:11.270+02:00  INFO 2500556 --- [ntainer#6-0-C-1] o.a.k.c.c.internals.ConsumerCoordinator  : [Consumer clientId=consumer-deriva-group-1, groupId=deriva-group] Request joining group due to: need to re-join with the given member-id: consumer-deriva-group-1-22c88ee0-d4db-4573-aea1-15e8dcbd3aaf
2026-09-08T22:00:11.270+02:00  INFO 2500556 --- [ntainer#2-0-C-1] o.a.k.c.c.internals.ConsumerCoordinator  : [Consumer clientId=consumer-deriva-group-3, groupId=deriva-group] Request joining group due to: need to re-join with the given member-id: consumer-deriva-group-3-9e38593c-e1bf-46b9-81d1-fec7a5c02bf0
2026-09-08T22:00:11.270+02:00  INFO 2500556 --- [ntainer#0-0-C-1] o.a.k.c.c.internals.ConsumerCoordinator  : [Consumer clientId=consumer-deriva-group-7, groupId=deriva-group] Request joining group due to: need to re-join with the given member-id: consumer-deriva-group-7-d4f3ee56-1c9f-4ae2-bfa8-fee6ff21abae
2026-09-08T22:00:11.270+02:00  INFO 2500556 --- [ntainer#2-0-C-1] o.a.k.c.c.internals.ConsumerCoordinator  : [Consumer clientId=consumer-deriva-group-3, groupId=deriva-group] (Re-)joining group
2026-09-08T22:00:11.270+02:00  INFO 2500556 --- [ntainer#6-0-C-1] o.a.k.c.c.internals.ConsumerCoordinator  : [Consumer clientId=consumer-deriva-group-1, groupId=deriva-group] (Re-)joining group
2026-09-08T22:00:11.271+02:00  INFO 2500556 --- [ntainer#0-0-C-1] o.a.k.c.c.internals.ConsumerCoordinator  : [Consumer clientId=consumer-deriva-group-7, groupId=deriva-group] (Re-)joining group
2026-09-08T22:00:11.271+02:00  INFO 2500556 --- [ntainer#7-0-C-1] o.a.k.c.c.internals.ConsumerCoordinator  : [Consumer clientId=consumer-deriva-group-2, groupId=deriva-group] Request joining group due to: need to re-join with the given member-id: consumer-deriva-group-2-7eb51878-e01c-470f-85df-bb0c1296f54b
2026-09-08T22:00:11.271+02:00  INFO 2500556 --- [ntainer#5-0-C-1] o.a.k.c.c.internals.ConsumerCoordinator  : [Consumer clientId=consumer-deriva-group-6, groupId=deriva-group] Request joining group due to: need to re-join with the given member-id: consumer-deriva-group-6-8f7b3eb6-b7e0-4d39-a041-b7312799f0b3
2026-09-08T22:00:11.271+02:00  INFO 2500556 --- [ntainer#1-0-C-1] o.a.k.c.c.internals.ConsumerCoordinator  : [Consumer clientId=consumer-deriva-group-8, groupId=deriva-group] Request joining group due to: need to re-join with the given member-id: consumer-deriva-group-8-7f7111d6-21cc-4372-95d7-367f49f5479c
2026-09-08T22:00:11.271+02:00  INFO 2500556 --- [ntainer#3-0-C-1] o.a.k.c.c.internals.ConsumerCoordinator  : [Consumer clientId=consumer-deriva-group-4, groupId=deriva-group] Request joining group due to: need to re-join with the given member-id: consumer-deriva-group-4-e960963b-4a82-4da4-bf4c-58edfd1eeb45
2026-09-08T22:00:11.272+02:00  INFO 2500556 --- [ntainer#5-0-C-1] o.a.k.c.c.internals.ConsumerCoordinator  : [Consumer clientId=consumer-deriva-group-6, groupId=deriva-group] (Re-)joining group
2026-09-08T22:00:11.272+02:00  INFO 2500556 --- [ntainer#1-0-C-1] o.a.k.c.c.internals.ConsumerCoordinator  : [Consumer clientId=consumer-deriva-group-8, groupId=deriva-group] (Re-)joining group
2026-09-08T22:00:11.272+02:00  INFO 2500556 --- [ntainer#7-0-C-1] o.a.k.c.c.internals.ConsumerCoordinator  : [Consumer clientId=consumer-deriva-group-2, groupId=deriva-group] (Re-)joining group
2026-09-08T22:00:11.271+02:00  INFO 2500556 --- [ntainer#4-0-C-1] o.a.k.c.c.internals.ConsumerCoordinator  : [Consumer clientId=consumer-deriva-group-5, groupId=deriva-group] Request joining group due to: need to re-join with the given member-id: consumer-deriva-group-5-07316fe8-1c15-4ae3-b6ad-8bf8895b11fc
2026-09-08T22:00:11.272+02:00  INFO 2500556 --- [ntainer#4-0-C-1] o.a.k.c.c.internals.ConsumerCoordinator  : [Consumer clientId=consumer-deriva-group-5, groupId=deriva-group] (Re-)joining group
2026-09-08T22:00:11.272+02:00  INFO 2500556 --- [ntainer#3-0-C-1] o.a.k.c.c.internals.ConsumerCoordinator  : [Consumer clientId=consumer-deriva-group-4, groupId=deriva-group] (Re-)joining group
2026-09-08T22:00:13.067+02:00  INFO 2500556 --- [MessageBroker-1] c.d.b.aspect.GlobalLoggingAspect         : [Backend]com.deriva.api.messaging.MarketDataSimulator.simulateMarketData()
2026-09-08T22:00:13.067+02:00  INFO 2500556 --- [MessageBroker-1] c.d.b.aspect.GlobalLoggingAspect         : [Backend]com.deriva.api.messaging.WebsocketBroadcaster.broadcastQuote()
2026-09-08T22:00:14.281+02:00  INFO 2500556 --- [ntainer#3-0-C-1] o.a.k.c.c.internals.ConsumerCoordinator  : [Consumer clientId=consumer-deriva-group-4, groupId=deriva-group] Successfully joined group with generation Generation{generationId=10, memberId='consumer-deriva-group-4-e960963b-4a82-4da4-bf4c-58edfd1eeb45', protocol='range'}
2026-09-08T22:00:14.281+02:00  INFO 2500556 --- [ntainer#4-0-C-1] o.a.k.c.c.internals.ConsumerCoordinator  : [Consumer clientId=consumer-deriva-group-5, groupId=deriva-group] Successfully joined group with generation Generation{generationId=10, memberId='consumer-deriva-group-5-07316fe8-1c15-4ae3-b6ad-8bf8895b11fc', protocol='range'}
2026-09-08T22:00:14.281+02:00  INFO 2500556 --- [ntainer#1-0-C-1] o.a.k.c.c.internals.ConsumerCoordinator  : [Consumer clientId=consumer-deriva-group-8, groupId=deriva-group] Successfully joined group with generation Generation{generationId=10, memberId='consumer-deriva-group-8-7f7111d6-21cc-4372-95d7-367f49f5479c', protocol='range'}
2026-09-08T22:00:14.281+02:00  INFO 2500556 --- [ntainer#2-0-C-1] o.a.k.c.c.internals.ConsumerCoordinator  : [Consumer clientId=consumer-deriva-group-3, groupId=deriva-group] Successfully joined group with generation Generation{generationId=10, memberId='consumer-deriva-group-3-9e38593c-e1bf-46b9-81d1-fec7a5c02bf0', protocol='range'}
2026-09-08T22:00:14.281+02:00  INFO 2500556 --- [ntainer#5-0-C-1] o.a.k.c.c.internals.ConsumerCoordinator  : [Consumer clientId=consumer-deriva-group-6, groupId=deriva-group] Successfully joined group with generation Generation{generationId=10, memberId='consumer-deriva-group-6-8f7b3eb6-b7e0-4d39-a041-b7312799f0b3', protocol='range'}
2026-09-08T22:00:14.281+02:00  INFO 2500556 --- [ntainer#0-0-C-1] o.a.k.c.c.internals.ConsumerCoordinator  : [Consumer clientId=consumer-deriva-group-7, groupId=deriva-group] Successfully joined group with generation Generation{generationId=10, memberId='consumer-deriva-group-7-d4f3ee56-1c9f-4ae2-bfa8-fee6ff21abae', protocol='range'}
2026-09-08T22:00:14.281+02:00  INFO 2500556 --- [ntainer#6-0-C-1] o.a.k.c.c.internals.ConsumerCoordinator  : [Consumer clientId=consumer-deriva-group-1, groupId=deriva-group] Successfully joined group with generation Generation{generationId=10, memberId='consumer-deriva-group-1-22c88ee0-d4db-4573-aea1-15e8dcbd3aaf', protocol='range'}
2026-09-08T22:00:14.281+02:00  INFO 2500556 --- [ntainer#7-0-C-1] o.a.k.c.c.internals.ConsumerCoordinator  : [Consumer clientId=consumer-deriva-group-2, groupId=deriva-group] Successfully joined group with generation Generation{generationId=10, memberId='consumer-deriva-group-2-7eb51878-e01c-470f-85df-bb0c1296f54b', protocol='range'}
2026-09-08T22:00:14.298+02:00  INFO 2500556 --- [ntainer#0-0-C-1] o.a.k.c.c.internals.ConsumerCoordinator  : [Consumer clientId=consumer-deriva-group-7, groupId=deriva-group] Finished assignment for group at generation 10: {consumer-deriva-group-2-7eb51878-e01c-470f-85df-bb0c1296f54b=Assignment(partitions=[]), consumer-deriva-group-3-9e38593c-e1bf-46b9-81d1-fec7a5c02bf0=Assignment(partitions=[order-filled-events-0]), consumer-deriva-group-6-8f7b3eb6-b7e0-4d39-a041-b7312799f0b3=Assignment(partitions=[]), consumer-deriva-group-1-22c88ee0-d4db-4573-aea1-15e8dcbd3aaf=Assignment(partitions=[option-lifecycle-events-0]), consumer-deriva-group-4-e960963b-4a82-4da4-bf4c-58edfd1eeb45=Assignment(partitions=[position-events-0]), consumer-deriva-group-7-d4f3ee56-1c9f-4ae2-bfa8-fee6ff21abae=Assignment(partitions=[risk-events-0]), consumer-deriva-group-8-7f7111d6-21cc-4372-95d7-367f49f5479c=Assignment(partitions=[market-quote-updates-0]), consumer-deriva-group-5-07316fe8-1c15-4ae3-b6ad-8bf8895b11fc=Assignment(partitions=[order-events-0])}
2026-09-08T22:00:14.309+02:00  INFO 2500556 --- [ntainer#2-0-C-1] o.a.k.c.c.internals.ConsumerCoordinator  : [Consumer clientId=consumer-deriva-group-3, groupId=deriva-group] Successfully synced group in generation Generation{generationId=10, memberId='consumer-deriva-group-3-9e38593c-e1bf-46b9-81d1-fec7a5c02bf0', protocol='range'}
2026-09-08T22:00:14.309+02:00  INFO 2500556 --- [ntainer#3-0-C-1] o.a.k.c.c.internals.ConsumerCoordinator  : [Consumer clientId=consumer-deriva-group-4, groupId=deriva-group] Successfully synced group in generation Generation{generationId=10, memberId='consumer-deriva-group-4-e960963b-4a82-4da4-bf4c-58edfd1eeb45', protocol='range'}
2026-09-08T22:00:14.309+02:00  INFO 2500556 --- [ntainer#5-0-C-1] o.a.k.c.c.internals.ConsumerCoordinator  : [Consumer clientId=consumer-deriva-group-6, groupId=deriva-group] Successfully synced group in generation Generation{generationId=10, memberId='consumer-deriva-group-6-8f7b3eb6-b7e0-4d39-a041-b7312799f0b3', protocol='range'}
2026-09-08T22:00:14.309+02:00  INFO 2500556 --- [ntainer#3-0-C-1] o.a.k.c.c.internals.ConsumerCoordinator  : [Consumer clientId=consumer-deriva-group-4, groupId=deriva-group] Notifying assignor about the new Assignment(partitions=[position-events-0])
2026-09-08T22:00:14.309+02:00  INFO 2500556 --- [ntainer#5-0-C-1] o.a.k.c.c.internals.ConsumerCoordinator  : [Consumer clientId=consumer-deriva-group-6, groupId=deriva-group] Notifying assignor about the new Assignment(partitions=[])
2026-09-08T22:00:14.309+02:00  INFO 2500556 --- [ntainer#5-0-C-1] k.c.c.i.ConsumerRebalanceListenerInvoker : [Consumer clientId=consumer-deriva-group-6, groupId=deriva-group] Adding newly assigned partitions: 
2026-09-08T22:00:14.309+02:00  INFO 2500556 --- [ntainer#7-0-C-1] o.a.k.c.c.internals.ConsumerCoordinator  : [Consumer clientId=consumer-deriva-group-2, groupId=deriva-group] Successfully synced group in generation Generation{generationId=10, memberId='consumer-deriva-group-2-7eb51878-e01c-470f-85df-bb0c1296f54b', protocol='range'}
2026-09-08T22:00:14.309+02:00  INFO 2500556 --- [ntainer#7-0-C-1] o.a.k.c.c.internals.ConsumerCoordinator  : [Consumer clientId=consumer-deriva-group-2, groupId=deriva-group] Notifying assignor about the new Assignment(partitions=[])
2026-09-08T22:00:14.309+02:00  INFO 2500556 --- [ntainer#4-0-C-1] o.a.k.c.c.internals.ConsumerCoordinator  : [Consumer clientId=consumer-deriva-group-5, groupId=deriva-group] Successfully synced group in generation Generation{generationId=10, memberId='consumer-deriva-group-5-07316fe8-1c15-4ae3-b6ad-8bf8895b11fc', protocol='range'}
2026-09-08T22:00:14.310+02:00  INFO 2500556 --- [ntainer#4-0-C-1] o.a.k.c.c.internals.ConsumerCoordinator  : [Consumer clientId=consumer-deriva-group-5, groupId=deriva-group] Notifying assignor about the new Assignment(partitions=[order-events-0])
2026-09-08T22:00:14.309+02:00  INFO 2500556 --- [ntainer#6-0-C-1] o.a.k.c.c.internals.ConsumerCoordinator  : [Consumer clientId=consumer-deriva-group-1, groupId=deriva-group] Successfully synced group in generation Generation{generationId=10, memberId='consumer-deriva-group-1-22c88ee0-d4db-4573-aea1-15e8dcbd3aaf', protocol='range'}
2026-09-08T22:00:14.310+02:00  INFO 2500556 --- [ntainer#6-0-C-1] o.a.k.c.c.internals.ConsumerCoordinator  : [Consumer clientId=consumer-deriva-group-1, groupId=deriva-group] Notifying assignor about the new Assignment(partitions=[option-lifecycle-events-0])
2026-09-08T22:00:14.310+02:00  INFO 2500556 --- [ntainer#7-0-C-1] k.c.c.i.ConsumerRebalanceListenerInvoker : [Consumer clientId=consumer-deriva-group-2, groupId=deriva-group] Adding newly assigned partitions: 
2026-09-08T22:00:14.309+02:00  INFO 2500556 --- [ntainer#1-0-C-1] o.a.k.c.c.internals.ConsumerCoordinator  : [Consumer clientId=consumer-deriva-group-8, groupId=deriva-group] Successfully synced group in generation Generation{generationId=10, memberId='consumer-deriva-group-8-7f7111d6-21cc-4372-95d7-367f49f5479c', protocol='range'}
2026-09-08T22:00:14.310+02:00  INFO 2500556 --- [ntainer#0-0-C-1] o.a.k.c.c.internals.ConsumerCoordinator  : [Consumer clientId=consumer-deriva-group-7, groupId=deriva-group] Successfully synced group in generation Generation{generationId=10, memberId='consumer-deriva-group-7-d4f3ee56-1c9f-4ae2-bfa8-fee6ff21abae', protocol='range'}
2026-09-08T22:00:14.310+02:00  INFO 2500556 --- [ntainer#1-0-C-1] o.a.k.c.c.internals.ConsumerCoordinator  : [Consumer clientId=consumer-deriva-group-8, groupId=deriva-group] Notifying assignor about the new Assignment(partitions=[market-quote-updates-0])
2026-09-08T22:00:14.310+02:00  INFO 2500556 --- [ntainer#5-0-C-1] o.s.k.l.KafkaMessageListenerContainer    : deriva-group: partitions assigned: []
2026-09-08T22:00:14.309+02:00  INFO 2500556 --- [ntainer#2-0-C-1] o.a.k.c.c.internals.ConsumerCoordinator  : [Consumer clientId=consumer-deriva-group-3, groupId=deriva-group] Notifying assignor about the new Assignment(partitions=[order-filled-events-0])
2026-09-08T22:00:14.310+02:00  INFO 2500556 --- [ntainer#0-0-C-1] o.a.k.c.c.internals.ConsumerCoordinator  : [Consumer clientId=consumer-deriva-group-7, groupId=deriva-group] Notifying assignor about the new Assignment(partitions=[risk-events-0])
2026-09-08T22:00:14.310+02:00  INFO 2500556 --- [ntainer#7-0-C-1] o.s.k.l.KafkaMessageListenerContainer    : deriva-group: partitions assigned: []
2026-09-08T22:00:14.311+02:00  INFO 2500556 --- [ntainer#1-0-C-1] k.c.c.i.ConsumerRebalanceListenerInvoker : [Consumer clientId=consumer-deriva-group-8, groupId=deriva-group] Adding newly assigned partitions: market-quote-updates-0
2026-09-08T22:00:14.311+02:00  INFO 2500556 --- [ntainer#2-0-C-1] k.c.c.i.ConsumerRebalanceListenerInvoker : [Consumer clientId=consumer-deriva-group-3, groupId=deriva-group] Adding newly assigned partitions: order-filled-events-0
2026-09-08T22:00:14.311+02:00  INFO 2500556 --- [ntainer#0-0-C-1] k.c.c.i.ConsumerRebalanceListenerInvoker : [Consumer clientId=consumer-deriva-group-7, groupId=deriva-group] Adding newly assigned partitions: risk-events-0
2026-09-08T22:00:14.311+02:00  INFO 2500556 --- [ntainer#3-0-C-1] k.c.c.i.ConsumerRebalanceListenerInvoker : [Consumer clientId=consumer-deriva-group-4, groupId=deriva-group] Adding newly assigned partitions: position-events-0
2026-09-08T22:00:14.311+02:00  INFO 2500556 --- [ntainer#4-0-C-1] k.c.c.i.ConsumerRebalanceListenerInvoker : [Consumer clientId=consumer-deriva-group-5, groupId=deriva-group] Adding newly assigned partitions: order-events-0
2026-09-08T22:00:14.311+02:00  INFO 2500556 --- [ntainer#6-0-C-1] k.c.c.i.ConsumerRebalanceListenerInvoker : [Consumer clientId=consumer-deriva-group-1, groupId=deriva-group] Adding newly assigned partitions: option-lifecycle-events-0
2026-09-08T22:00:14.320+02:00  INFO 2500556 --- [ntainer#3-0-C-1] o.a.k.c.c.internals.ConsumerUtils        : Setting offset for partition position-events-0 to the committed offset FetchPosition{offset=0, offsetEpoch=Optional.empty, currentLeader=LeaderAndEpoch{leader=Optional[localhost:9092 (id: 1 rack: null)], epoch=0}}
2026-09-08T22:00:14.320+02:00  INFO 2500556 --- [ntainer#2-0-C-1] o.a.k.c.c.internals.ConsumerUtils        : Setting offset for partition order-filled-events-0 to the committed offset FetchPosition{offset=0, offsetEpoch=Optional.empty, currentLeader=LeaderAndEpoch{leader=Optional[localhost:9092 (id: 1 rack: null)], epoch=0}}
2026-09-08T22:00:14.320+02:00  INFO 2500556 --- [ntainer#1-0-C-1] o.a.k.c.c.internals.ConsumerUtils        : Setting offset for partition market-quote-updates-0 to the committed offset FetchPosition{offset=0, offsetEpoch=Optional.empty, currentLeader=LeaderAndEpoch{leader=Optional[localhost:9092 (id: 1 rack: null)], epoch=0}}
2026-09-08T22:00:14.321+02:00  INFO 2500556 --- [ntainer#0-0-C-1] o.a.k.c.c.internals.ConsumerUtils        : Setting offset for partition risk-events-0 to the committed offset FetchPosition{offset=0, offsetEpoch=Optional.empty, currentLeader=LeaderAndEpoch{leader=Optional[localhost:9092 (id: 1 rack: null)], epoch=0}}
2026-09-08T22:00:14.321+02:00  INFO 2500556 --- [ntainer#4-0-C-1] o.a.k.c.c.internals.ConsumerUtils        : Setting offset for partition order-events-0 to the committed offset FetchPosition{offset=0, offsetEpoch=Optional.empty, currentLeader=LeaderAndEpoch{leader=Optional[localhost:9092 (id: 1 rack: null)], epoch=0}}
2026-09-08T22:00:14.321+02:00  INFO 2500556 --- [ntainer#1-0-C-1] o.s.k.l.KafkaMessageListenerContainer    : deriva-group: partitions assigned: [market-quote-updates-0]
2026-09-08T22:00:14.321+02:00  INFO 2500556 --- [ntainer#0-0-C-1] o.s.k.l.KafkaMessageListenerContainer    : deriva-group: partitions assigned: [risk-events-0]
2026-09-08T22:00:14.321+02:00  INFO 2500556 --- [ntainer#4-0-C-1] o.s.k.l.KafkaMessageListenerContainer    : deriva-group: partitions assigned: [order-events-0]
2026-09-08T22:00:14.321+02:00  INFO 2500556 --- [ntainer#6-0-C-1] o.a.k.c.c.internals.ConsumerUtils        : Setting offset for partition option-lifecycle-events-0 to the committed offset FetchPosition{offset=0, offsetEpoch=Optional.empty, currentLeader=LeaderAndEpoch{leader=Optional[localhost:9092 (id: 1 rack: null)], epoch=0}}
2026-09-08T22:00:14.322+02:00  INFO 2500556 --- [ntainer#6-0-C-1] o.s.k.l.KafkaMessageListenerContainer    : deriva-group: partitions assigned: [option-lifecycle-events-0]
2026-09-08T22:00:14.321+02:00  INFO 2500556 --- [ntainer#3-0-C-1] o.s.k.l.KafkaMessageListenerContainer    : deriva-group: partitions assigned: [position-events-0]
2026-09-08T22:00:14.321+02:00  INFO 2500556 --- [ntainer#2-0-C-1] o.s.k.l.KafkaMessageListenerContainer    : deriva-group: partitions assigned: [order-filled-events-0]
2026-09-08T22:00:15.067+02:00  INFO 2500556 --- [MessageBroker-4] c.d.b.aspect.GlobalLoggingAspect         : [Backend]com.deriva.api.messaging.MarketDataSimulator.simulateMarketData()
2026-09-08T22:00:15.068+02:00  INFO 2500556 --- [MessageBroker-4] c.d.b.aspect.GlobalLoggingAspect         : [Backend]com.deriva.api.messaging.WebsocketBroadcaster.broadcastQuote()
2026-09-08T22:00:17.067+02:00  INFO 2500556 --- [MessageBroker-5] c.d.b.aspect.GlobalLoggingAspect         : [Backend]com.deriva.api.messaging.MarketDataSimulator.simulateMarketData()
2026-09-08T22:00:17.068+02:00  INFO 2500556 --- [MessageBroker-5] c.d.b.aspect.GlobalLoggingAspect         : [Backend]com.deriva.api.messaging.WebsocketBroadcaster.broadcastQuote()
2026-09-08T22:00:19.067+02:00  INFO 2500556 --- [MessageBroker-1] c.d.b.aspect.GlobalLoggingAspect         : [Backend]com.deriva.api.messaging.MarketDataSimulator.simulateMarketData()
2026-09-08T22:00:19.067+02:00  INFO 2500556 --- [MessageBroker-1] c.d.b.aspect.GlobalLoggingAspect         : [Backend]com.deriva.api.messaging.WebsocketBroadcaster.broadcastQuote()
2026-09-08T22:00:21.067+02:00  INFO 2500556 --- [MessageBroker-1] c.d.b.aspect.GlobalLoggingAspect         : [Backend]com.deriva.api.messaging.MarketDataSimulator.simulateMarketData()
2026-09-08T22:00:21.068+02:00  INFO 2500556 --- [MessageBroker-1] c.d.b.aspect.GlobalLoggingAspect         : [Backend]com.deriva.api.messaging.WebsocketBroadcaster.broadcastQuote()
2026-09-08T22:00:23.067+02:00  INFO 2500556 --- [MessageBroker-1] c.d.b.aspect.GlobalLoggingAspect         : [Backend]com.deriva.api.messaging.MarketDataSimulator.simulateMarketData()
2026-09-08T22:00:23.067+02:00  INFO 2500556 --- [MessageBroker-1] c.d.b.aspect.GlobalLoggingAspect         : [Backend]com.deriva.api.messaging.WebsocketBroadcaster.broadcastQuote()
2026-09-08T22:00:25.067+02:00  INFO 2500556 --- [MessageBroker-1] c.d.b.aspect.GlobalLoggingAspect         : [Backend]com.deriva.api.messaging.MarketDataSimulator.simulateMarketData()
2026-09-08T22:00:25.067+02:00  INFO 2500556 --- [MessageBroker-1] c.d.b.aspect.GlobalLoggingAspect         : [Backend]com.deriva.api.messaging.WebsocketBroadcaster.broadcastQuote()
⨯ ReferenceError: watchlistData is not defined
    at <unknown> (src/app/page.tsx:171:32)
    at Array.map (<anonymous>)
    at Dashboard (src/app/page.tsx:170:28)
  169 |               <TableBody>
  170 |                 {watchlist.map((sym) => {
> 171 |                   const data = watchlistData[sym] || { price: 0, change: 0, changePercent: 0 };
      |                                ^
  172 |                   return (
  173 |                     <TableRow key={sym} className="border-[#2a2a2a] hover:bg-[#222]">
  174 |                       <TableCell className="font-medium text-white">{sym}</TableCell> {
  digest: '4140595460'
}
 GET / 500 in 135ms (next.js: 34ms, application-code: 101ms)
[browser] Uncaught ReferenceError: watchlistData is not defined
    at <unknown> (src/app/page.tsx:171:32)
    at Array.map (<anonymous>)
    at Dashboard (src/app/page.tsx:170:28)
  169 |               <TableBody>
  170 |                 {watchlist.map((sym) => {
> 171 |                   const data = watchlistData[sym] || { price: 0, change: 0, changePercent: 0 };
      |                                ^
  172 |                   return (
  173 |                     <TableRow key={sym} className="border-[#2a2a2a] hover:bg-[#222]">
  174 |                       <TableCell className="font-medium text-white">{sym}</TableCell>
2026-09-08T22:00:27.067+02:00  INFO 2500556 --- [MessageBroker-1] c.d.b.aspect.GlobalLoggingAspect         : [Backend]com.deriva.api.messaging.MarketDataSimulator.simulateMarketData()
2026-09-08T22:00:27.067+02:00  INFO 2500556 --- [MessageBroker-1] c.d.b.aspect.GlobalLoggingAspect         : [Backend]com.deriva.api.messaging.WebsocketBroadcaster.broadcastQuote()
2026-09-08T22:00:29.067+02:00  INFO 2500556 --- [MessageBroker-4] c.d.b.aspect.GlobalLoggingAspect         : [Backend]com.deriva.api.messaging.MarketDataSimulator.simulateMarketData()
2026-09-08T22:00:29.068+02:00  INFO 2500556 --- [MessageBroker-4] c.d.b.aspect.GlobalLoggingAspect         : [Backend]com.deriva.api.messaging.WebsocketBroadcaster.broadcastQuote()
2026-09-08T22:00:31.067+02:00  INFO 2500556 --- [MessageBroker-4] c.d.b.aspect.GlobalLoggingAspect         : [Backend]com.deriva.api.messaging.MarketDataSimulator.simulateMarketData()
2026-09-08T22:00:31.067+02:00  INFO 2500556 --- [MessageBroker-4] c.d.b.aspect.GlobalLoggingAspect         : [Backend]com.deriva.api.messaging.WebsocketBroadcaster.broadcastQuote()
2026-09-08T22:00:33.067+02:00  INFO 2500556 --- [MessageBroker-4] c.d.b.aspect.GlobalLoggingAspect         : [Backend]com.deriva.api.messaging.MarketDataSimulator.simulateMarketData()
2026-09-08T22:00:33.067+02:00  INFO 2500556 --- [MessageBroker-4] c.d.b.aspect.GlobalLoggingAspect         : [Backend]com.deriva.api.messaging.WebsocketBroadcaster.broadcastQuote()
2026-09-08T22:00:34.502+02:00  INFO 2500556 --- [ionShutdownHook] o.s.m.s.b.SimpleBrokerMessageHandler     : Stopping...
2026-09-08T22:00:34.502+02:00  INFO 2500556 --- [ionShutdownHook] o.s.m.s.b.SimpleBrokerMessageHandler     : BrokerAvailabilityEvent[available=false, SimpleBrokerMessageHandler [org.springframework.messaging.simp.broker.DefaultSubscriptionRegistry@11b0cf30]]
2026-09-08T22:00:34.502+02:00  INFO 2500556 --- [ionShutdownHook] o.s.m.s.b.SimpleBrokerMessageHandler     : Stopped.
2026-09-08T22:00:34.505+02:00  INFO 2500556 --- [ntainer#6-0-C-1] k.c.c.i.ConsumerRebalanceListenerInvoker : [Consumer clientId=consumer-deriva-group-1, groupId=deriva-group] Revoke previously assigned partitions option-lifecycle-events-0
2026-09-08T22:00:34.505+02:00  INFO 2500556 --- [ntainer#4-0-C-1] k.c.c.i.ConsumerRebalanceListenerInvoker : [Consumer clientId=consumer-deriva-group-5, groupId=deriva-group] Revoke previously assigned partitions order-events-0
2026-09-08T22:00:34.505+02:00  INFO 2500556 --- [ntainer#5-0-C-1] o.a.k.c.c.internals.ConsumerCoordinator  : [Consumer clientId=consumer-deriva-group-6, groupId=deriva-group] Member consumer-deriva-group-6-8f7b3eb6-b7e0-4d39-a041-b7312799f0b3 sending LeaveGroup request to coordinator localhost:9092 (id: 2147483646 rack: null) due to the consumer unsubscribed from all topics
2026-09-08T22:00:34.505+02:00  INFO 2500556 --- [ntainer#2-0-C-1] k.c.c.i.ConsumerRebalanceListenerInvoker : [Consumer clientId=consumer-deriva-group-3, groupId=deriva-group] Revoke previously assigned partitions order-filled-events-0
2026-09-08T22:00:34.505+02:00  INFO 2500556 --- [ntainer#2-0-C-1] o.s.k.l.KafkaMessageListenerContainer    : deriva-group: partitions revoked: [order-filled-events-0]
2026-09-08T22:00:34.506+02:00  INFO 2500556 --- [ntainer#6-0-C-1] o.s.k.l.KafkaMessageListenerContainer    : deriva-group: partitions revoked: [option-lifecycle-events-0]
2026-09-08T22:00:34.505+02:00  INFO 2500556 --- [ntainer#4-0-C-1] o.s.k.l.KafkaMessageListenerContainer    : deriva-group: partitions revoked: [order-events-0]
2026-09-08T22:00:34.506+02:00  INFO 2500556 --- [ntainer#1-0-C-1] k.c.c.i.ConsumerRebalanceListenerInvoker : [Consumer clientId=consumer-deriva-group-8, groupId=deriva-group] Revoke previously assigned partitions market-quote-updates-0
2026-09-08T22:00:34.506+02:00  INFO 2500556 --- [ntainer#1-0-C-1] o.s.k.l.KafkaMessageListenerContainer    : deriva-group: partitions revoked: [market-quote-updates-0]
2026-09-08T22:00:34.507+02:00  INFO 2500556 --- [ntainer#1-0-C-1] o.a.k.c.c.internals.ConsumerCoordinator  : [Consumer clientId=consumer-deriva-group-8, groupId=deriva-group] Member consumer-deriva-group-8-7f7111d6-21cc-4372-95d7-367f49f5479c sending LeaveGroup request to coordinator localhost:9092 (id: 2147483646 rack: null) due to the consumer unsubscribed from all topics
2026-09-08T22:00:34.506+02:00  INFO 2500556 --- [ntainer#2-0-C-1] o.a.k.c.c.internals.ConsumerCoordinator  : [Consumer clientId=consumer-deriva-group-3, groupId=deriva-group] Member consumer-deriva-group-3-9e38593c-e1bf-46b9-81d1-fec7a5c02bf0 sending LeaveGroup request to coordinator localhost:9092 (id: 2147483646 rack: null) due to the consumer unsubscribed from all topics
2026-09-08T22:00:34.507+02:00  INFO 2500556 --- [ntainer#0-0-C-1] k.c.c.i.ConsumerRebalanceListenerInvoker : [Consumer clientId=consumer-deriva-group-7, groupId=deriva-group] Revoke previously assigned partitions risk-events-0
2026-09-08T22:00:34.507+02:00  INFO 2500556 --- [ntainer#0-0-C-1] o.s.k.l.KafkaMessageListenerContainer    : deriva-group: partitions revoked: [risk-events-0]
2026-09-08T22:00:34.506+02:00  INFO 2500556 --- [ntainer#7-0-C-1] o.a.k.c.c.internals.ConsumerCoordinator  : [Consumer clientId=consumer-deriva-group-2, groupId=deriva-group] Member consumer-deriva-group-2-7eb51878-e01c-470f-85df-bb0c1296f54b sending LeaveGroup request to coordinator localhost:9092 (id: 2147483646 rack: null) due to the consumer unsubscribed from all topics
2026-09-08T22:00:34.507+02:00  INFO 2500556 --- [ntainer#1-0-C-1] o.a.k.c.c.internals.ConsumerCoordinator  : [Consumer clientId=consumer-deriva-group-8, groupId=deriva-group] Resetting generation and member id due to: consumer pro-actively leaving the group
2026-09-08T22:00:34.507+02:00  INFO 2500556 --- [ntainer#1-0-C-1] o.a.k.c.c.internals.ConsumerCoordinator  : [Consumer clientId=consumer-deriva-group-8, groupId=deriva-group] Request joining group due to: consumer pro-actively leaving the group
2026-09-08T22:00:34.507+02:00  INFO 2500556 --- [ntainer#7-0-C-1] o.a.k.c.c.internals.ConsumerCoordinator  : [Consumer clientId=consumer-deriva-group-2, groupId=deriva-group] Resetting generation and member id due to: consumer pro-actively leaving the group
2026-09-08T22:00:34.507+02:00  INFO 2500556 --- [ntainer#1-0-C-1] o.a.k.c.c.internals.LegacyKafkaConsumer  : [Consumer clientId=consumer-deriva-group-8, groupId=deriva-group] Unsubscribed all topics or patterns and assigned partitions
2026-09-08T22:00:34.507+02:00  INFO 2500556 --- [ntainer#7-0-C-1] o.a.k.c.c.internals.ConsumerCoordinator  : [Consumer clientId=consumer-deriva-group-2, groupId=deriva-group] Request joining group due to: consumer pro-actively leaving the group
2026-09-08T22:00:34.507+02:00  INFO 2500556 --- [ntainer#7-0-C-1] o.a.k.c.c.internals.LegacyKafkaConsumer  : [Consumer clientId=consumer-deriva-group-2, groupId=deriva-group] Unsubscribed all topics or patterns and assigned partitions
2026-09-08T22:00:34.506+02:00  INFO 2500556 --- [ntainer#6-0-C-1] o.a.k.c.c.internals.ConsumerCoordinator  : [Consumer clientId=consumer-deriva-group-1, groupId=deriva-group] Member consumer-deriva-group-1-22c88ee0-d4db-4573-aea1-15e8dcbd3aaf sending LeaveGroup request to coordinator localhost:9092 (id: 2147483646 rack: null) due to the consumer unsubscribed from all topics
2026-09-08T22:00:34.506+02:00  INFO 2500556 --- [ntainer#5-0-C-1] o.a.k.c.c.internals.ConsumerCoordinator  : [Consumer clientId=consumer-deriva-group-6, groupId=deriva-group] Resetting generation and member id due to: consumer pro-actively leaving the group
2026-09-08T22:00:34.508+02:00  INFO 2500556 --- [ntainer#5-0-C-1] o.a.k.c.c.internals.ConsumerCoordinator  : [Consumer clientId=consumer-deriva-group-6, groupId=deriva-group] Request joining group due to: consumer pro-actively leaving the group
2026-09-08T22:00:34.508+02:00  INFO 2500556 --- [ntainer#5-0-C-1] o.a.k.c.c.internals.LegacyKafkaConsumer  : [Consumer clientId=consumer-deriva-group-6, groupId=deriva-group] Unsubscribed all topics or patterns and assigned partitions
2026-09-08T22:00:34.506+02:00  INFO 2500556 --- [ntainer#4-0-C-1] o.a.k.c.c.internals.ConsumerCoordinator  : [Consumer clientId=consumer-deriva-group-5, groupId=deriva-group] Member consumer-deriva-group-5-07316fe8-1c15-4ae3-b6ad-8bf8895b11fc sending LeaveGroup request to coordinator localhost:9092 (id: 2147483646 rack: null) due to the consumer unsubscribed from all topics
2026-09-08T22:00:34.509+02:00  INFO 2500556 --- [ntainer#6-0-C-1] o.a.k.c.c.internals.ConsumerCoordinator  : [Consumer clientId=consumer-deriva-group-1, groupId=deriva-group] Resetting generation and member id due to: consumer pro-actively leaving the group
2026-09-08T22:00:34.509+02:00  INFO 2500556 --- [ntainer#6-0-C-1] o.a.k.c.c.internals.ConsumerCoordinator  : [Consumer clientId=consumer-deriva-group-1, groupId=deriva-group] Request joining group due to: consumer pro-actively leaving the group
2026-09-08T22:00:34.509+02:00  INFO 2500556 --- [ntainer#6-0-C-1] o.a.k.c.c.internals.LegacyKafkaConsumer  : [Consumer clientId=consumer-deriva-group-1, groupId=deriva-group] Unsubscribed all topics or patterns and assigned partitions
2026-09-08T22:00:34.507+02:00  INFO 2500556 --- [ntainer#3-0-C-1] k.c.c.i.ConsumerRebalanceListenerInvoker : [Consumer clientId=consumer-deriva-group-4, groupId=deriva-group] Revoke previously assigned partitions position-events-0
2026-09-08T22:00:34.509+02:00  INFO 2500556 --- [ntainer#3-0-C-1] o.s.k.l.KafkaMessageListenerContainer    : deriva-group: partitions revoked: [position-events-0]
2026-09-08T22:00:34.509+02:00  INFO 2500556 --- [ntainer#3-0-C-1] o.a.k.c.c.internals.ConsumerCoordinator  : [Consumer clientId=consumer-deriva-group-4, groupId=deriva-group] Member consumer-deriva-group-4-e960963b-4a82-4da4-bf4c-58edfd1eeb45 sending LeaveGroup request to coordinator localhost:9092 (id: 2147483646 rack: null) due to the consumer unsubscribed from all topics
2026-09-08T22:00:34.507+02:00  INFO 2500556 --- [ntainer#0-0-C-1] o.a.k.c.c.internals.ConsumerCoordinator  : [Consumer clientId=consumer-deriva-group-7, groupId=deriva-group] Member consumer-deriva-group-7-d4f3ee56-1c9f-4ae2-bfa8-fee6ff21abae sending LeaveGroup request to coordinator localhost:9092 (id: 2147483646 rack: null) due to the consumer unsubscribed from all topics
2026-09-08T22:00:34.507+02:00  INFO 2500556 --- [ntainer#2-0-C-1] o.a.k.c.c.internals.ConsumerCoordinator  : [Consumer clientId=consumer-deriva-group-3, groupId=deriva-group] Resetting generation and member id due to: consumer pro-actively leaving the group
2026-09-08T22:00:34.509+02:00  INFO 2500556 --- [ntainer#2-0-C-1] o.a.k.c.c.internals.ConsumerCoordinator  : [Consumer clientId=consumer-deriva-group-3, groupId=deriva-group] Request joining group due to: consumer pro-actively leaving the group
2026-09-08T22:00:34.509+02:00  INFO 2500556 --- [ntainer#2-0-C-1] o.a.k.c.c.internals.LegacyKafkaConsumer  : [Consumer clientId=consumer-deriva-group-3, groupId=deriva-group] Unsubscribed all topics or patterns and assigned partitions
2026-09-08T22:00:34.509+02:00  INFO 2500556 --- [ntainer#6-0-C-1] o.a.k.c.c.internals.ConsumerCoordinator  : [Consumer clientId=consumer-deriva-group-1, groupId=deriva-group] Resetting generation and member id due to: consumer pro-actively leaving the group
2026-09-08T22:00:34.509+02:00  INFO 2500556 --- [ntainer#6-0-C-1] o.a.k.c.c.internals.ConsumerCoordinator  : [Consumer clientId=consumer-deriva-group-1, groupId=deriva-group] Request joining group due to: consumer pro-actively leaving the group
2026-09-08T22:00:34.510+02:00  INFO 2500556 --- [ntainer#4-0-C-1] o.a.k.c.c.internals.ConsumerCoordinator  : [Consumer clientId=consumer-deriva-group-5, groupId=deriva-group] Resetting generation and member id due to: consumer pro-actively leaving the group
2026-09-08T22:00:34.510+02:00  INFO 2500556 --- [ntainer#5-0-C-1] o.a.k.c.c.internals.ConsumerCoordinator  : [Consumer clientId=consumer-deriva-group-6, groupId=deriva-group] Resetting generation and member id due to: consumer pro-actively leaving the group
2026-09-08T22:00:34.510+02:00  INFO 2500556 --- [ntainer#5-0-C-1] o.a.k.c.c.internals.ConsumerCoordinator  : [Consumer clientId=consumer-deriva-group-6, groupId=deriva-group] Request joining group due to: consumer pro-actively leaving the group
2026-09-08T22:00:34.510+02:00  INFO 2500556 --- [ntainer#0-0-C-1] o.a.k.c.c.internals.ConsumerCoordinator  : [Consumer clientId=consumer-deriva-group-7, groupId=deriva-group] Resetting generation and member id due to: consumer pro-actively leaving the group
2026-09-08T22:00:34.510+02:00  INFO 2500556 --- [ntainer#0-0-C-1] o.a.k.c.c.internals.ConsumerCoordinator  : [Consumer clientId=consumer-deriva-group-7, groupId=deriva-group] Request joining group due to: consumer pro-actively leaving the group
2026-09-08T22:00:34.510+02:00  INFO 2500556 --- [ntainer#0-0-C-1] o.a.k.c.c.internals.LegacyKafkaConsumer  : [Consumer clientId=consumer-deriva-group-7, groupId=deriva-group] Unsubscribed all topics or patterns and assigned partitions
2026-09-08T22:00:34.510+02:00  INFO 2500556 --- [ntainer#0-0-C-1] o.a.k.c.c.internals.ConsumerCoordinator  : [Consumer clientId=consumer-deriva-group-7, groupId=deriva-group] Resetting generation and member id due to: consumer pro-actively leaving the group
2026-09-08T22:00:34.510+02:00  INFO 2500556 --- [ntainer#0-0-C-1] o.a.k.c.c.internals.ConsumerCoordinator  : [Consumer clientId=consumer-deriva-group-7, groupId=deriva-group] Request joining group due to: consumer pro-actively leaving the group
2026-09-08T22:00:34.510+02:00  INFO 2500556 --- [ntainer#1-0-C-1] o.a.k.c.c.internals.ConsumerCoordinator  : [Consumer clientId=consumer-deriva-group-8, groupId=deriva-group] Resetting generation and member id due to: consumer pro-actively leaving the group
2026-09-08T22:00:34.510+02:00  INFO 2500556 --- [ntainer#1-0-C-1] o.a.k.c.c.internals.ConsumerCoordinator  : [Consumer clientId=consumer-deriva-group-8, groupId=deriva-group] Request joining group due to: consumer pro-actively leaving the group
2026-09-08T22:00:34.510+02:00  INFO 2500556 --- [ntainer#4-0-C-1] o.a.k.c.c.internals.ConsumerCoordinator  : [Consumer clientId=consumer-deriva-group-5, groupId=deriva-group] Request joining group due to: consumer pro-actively leaving the group
2026-09-08T22:00:34.510+02:00  INFO 2500556 --- [ntainer#3-0-C-1] o.a.k.c.c.internals.ConsumerCoordinator  : [Consumer clientId=consumer-deriva-group-4, groupId=deriva-group] Resetting generation and member id due to: consumer pro-actively leaving the group
2026-09-08T22:00:34.511+02:00  INFO 2500556 --- [ntainer#4-0-C-1] o.a.k.c.c.internals.LegacyKafkaConsumer  : [Consumer clientId=consumer-deriva-group-5, groupId=deriva-group] Unsubscribed all topics or patterns and assigned partitions
2026-09-08T22:00:34.511+02:00  INFO 2500556 --- [ntainer#2-0-C-1] o.a.k.c.c.internals.ConsumerCoordinator  : [Consumer clientId=consumer-deriva-group-3, groupId=deriva-group] Resetting generation and member id due to: consumer pro-actively leaving the group
2026-09-08T22:00:34.511+02:00  INFO 2500556 --- [ntainer#2-0-C-1] o.a.k.c.c.internals.ConsumerCoordinator  : [Consumer clientId=consumer-deriva-group-3, groupId=deriva-group] Request joining group due to: consumer pro-actively leaving the group
2026-09-08T22:00:34.511+02:00  INFO 2500556 --- [ntainer#3-0-C-1] o.a.k.c.c.internals.ConsumerCoordinator  : [Consumer clientId=consumer-deriva-group-4, groupId=deriva-group] Request joining group due to: consumer pro-actively leaving the group
2026-09-08T22:00:34.511+02:00  INFO 2500556 --- [ntainer#3-0-C-1] o.a.k.c.c.internals.LegacyKafkaConsumer  : [Consumer clientId=consumer-deriva-group-4, groupId=deriva-group] Unsubscribed all topics or patterns and assigned partitions
2026-09-08T22:00:34.511+02:00  INFO 2500556 --- [ntainer#7-0-C-1] o.a.k.c.c.internals.ConsumerCoordinator  : [Consumer clientId=consumer-deriva-group-2, groupId=deriva-group] Resetting generation and member id due to: consumer pro-actively leaving the group
2026-09-08T22:00:34.511+02:00  INFO 2500556 --- [ntainer#7-0-C-1] o.a.k.c.c.internals.ConsumerCoordinator  : [Consumer clientId=consumer-deriva-group-2, groupId=deriva-group] Request joining group due to: consumer pro-actively leaving the group
2026-09-08T22:00:34.511+02:00  INFO 2500556 --- [ntainer#4-0-C-1] o.a.k.c.c.internals.ConsumerCoordinator  : [Consumer clientId=consumer-deriva-group-5, groupId=deriva-group] Resetting generation and member id due to: consumer pro-actively leaving the group
2026-09-08T22:00:34.511+02:00  INFO 2500556 --- [ntainer#4-0-C-1] o.a.k.c.c.internals.ConsumerCoordinator  : [Consumer clientId=consumer-deriva-group-5, groupId=deriva-group] Request joining group due to: consumer pro-actively leaving the group
2026-09-08T22:00:34.511+02:00  INFO 2500556 --- [ntainer#3-0-C-1] o.a.k.c.c.internals.ConsumerCoordinator  : [Consumer clientId=consumer-deriva-group-4, groupId=deriva-group] Resetting generation and member id due to: consumer pro-actively leaving the group
2026-09-08T22:00:34.511+02:00  INFO 2500556 --- [ntainer#3-0-C-1] o.a.k.c.c.internals.ConsumerCoordinator  : [Consumer clientId=consumer-deriva-group-4, groupId=deriva-group] Request joining group due to: consumer pro-actively leaving the group
2026-09-08T22:00:34.515+02:00  INFO 2500556 --- [ntainer#5-0-C-1] o.apache.kafka.common.metrics.Metrics    : Metrics scheduler closed
2026-09-08T22:00:34.516+02:00  INFO 2500556 --- [ntainer#5-0-C-1] o.apache.kafka.common.metrics.Metrics    : Closing reporter org.apache.kafka.common.metrics.JmxReporter
2026-09-08T22:00:34.516+02:00  INFO 2500556 --- [ntainer#5-0-C-1] o.apache.kafka.common.metrics.Metrics    : Closing reporter org.apache.kafka.common.telemetry.internals.ClientTelemetryReporter
2026-09-08T22:00:34.516+02:00  INFO 2500556 --- [ntainer#5-0-C-1] o.apache.kafka.common.metrics.Metrics    : Metrics reporters closed
2026-09-08T22:00:34.516+02:00  INFO 2500556 --- [ntainer#7-0-C-1] o.apache.kafka.common.metrics.Metrics    : Metrics scheduler closed
2026-09-08T22:00:34.516+02:00  INFO 2500556 --- [ntainer#7-0-C-1] o.apache.kafka.common.metrics.Metrics    : Closing reporter org.apache.kafka.common.metrics.JmxReporter
2026-09-08T22:00:34.516+02:00  INFO 2500556 --- [ntainer#7-0-C-1] o.apache.kafka.common.metrics.Metrics    : Closing reporter org.apache.kafka.common.telemetry.internals.ClientTelemetryReporter
2026-09-08T22:00:34.517+02:00  INFO 2500556 --- [ntainer#7-0-C-1] o.apache.kafka.common.metrics.Metrics    : Metrics reporters closed
2026-09-08T22:00:34.520+02:00  INFO 2500556 --- [ntainer#5-0-C-1] o.a.kafka.common.utils.AppInfoParser     : App info kafka.consumer for consumer-deriva-group-6 unregistered
2026-09-08T22:00:34.521+02:00  INFO 2500556 --- [ntainer#5-0-C-1] o.s.k.l.KafkaMessageListenerContainer    : deriva-group: Consumer stopped
2026-09-08T22:00:34.521+02:00  INFO 2500556 --- [ntainer#7-0-C-1] o.a.kafka.common.utils.AppInfoParser     : App info kafka.consumer for consumer-deriva-group-2 unregistered
2026-09-08T22:00:34.521+02:00  INFO 2500556 --- [ntainer#7-0-C-1] o.s.k.l.KafkaMessageListenerContainer    : deriva-group: Consumer stopped
2026-09-08T22:00:34.933+02:00  INFO 2500556 --- [ntainer#6-0-C-1] o.apache.kafka.common.metrics.Metrics    : Metrics scheduler closed
2026-09-08T22:00:34.933+02:00  INFO 2500556 --- [ntainer#6-0-C-1] o.apache.kafka.common.metrics.Metrics    : Closing reporter org.apache.kafka.common.metrics.JmxReporter
2026-09-08T22:00:34.933+02:00  INFO 2500556 --- [ntainer#4-0-C-1] o.apache.kafka.common.metrics.Metrics    : Metrics scheduler closed
2026-09-08T22:00:34.933+02:00  INFO 2500556 --- [ntainer#4-0-C-1] o.apache.kafka.common.metrics.Metrics    : Closing reporter org.apache.kafka.common.metrics.JmxReporter
2026-09-08T22:00:34.933+02:00  INFO 2500556 --- [ntainer#4-0-C-1] o.apache.kafka.common.metrics.Metrics    : Closing reporter org.apache.kafka.common.telemetry.internals.ClientTelemetryReporter
2026-09-08T22:00:34.933+02:00  INFO 2500556 --- [ntainer#4-0-C-1] o.apache.kafka.common.metrics.Metrics    : Metrics reporters closed
2026-09-08T22:00:34.933+02:00  INFO 2500556 --- [ntainer#0-0-C-1] o.apache.kafka.common.metrics.Metrics    : Metrics scheduler closed
2026-09-08T22:00:34.933+02:00  INFO 2500556 --- [ntainer#0-0-C-1] o.apache.kafka.common.metrics.Metrics    : Closing reporter org.apache.kafka.common.metrics.JmxReporter
2026-09-08T22:00:34.933+02:00  INFO 2500556 --- [ntainer#0-0-C-1] o.apache.kafka.common.metrics.Metrics    : Closing reporter org.apache.kafka.common.telemetry.internals.ClientTelemetryReporter
2026-09-08T22:00:34.933+02:00  INFO 2500556 --- [ntainer#0-0-C-1] o.apache.kafka.common.metrics.Metrics    : Metrics reporters closed
2026-09-08T22:00:34.933+02:00  INFO 2500556 --- [ntainer#3-0-C-1] o.apache.kafka.common.metrics.Metrics    : Metrics scheduler closed
2026-09-08T22:00:34.934+02:00  INFO 2500556 --- [ntainer#3-0-C-1] o.apache.kafka.common.metrics.Metrics    : Closing reporter org.apache.kafka.common.metrics.JmxReporter
2026-09-08T22:00:34.933+02:00  INFO 2500556 --- [ntainer#6-0-C-1] o.apache.kafka.common.metrics.Metrics    : Closing reporter org.apache.kafka.common.telemetry.internals.ClientTelemetryReporter
2026-09-08T22:00:34.935+02:00  INFO 2500556 --- [ntainer#6-0-C-1] o.apache.kafka.common.metrics.Metrics    : Metrics reporters closed
2026-09-08T22:00:34.937+02:00  INFO 2500556 --- [ntainer#3-0-C-1] o.apache.kafka.common.metrics.Metrics    : Closing reporter org.apache.kafka.common.telemetry.internals.ClientTelemetryReporter
2026-09-08T22:00:34.937+02:00  INFO 2500556 --- [ntainer#3-0-C-1] o.apache.kafka.common.metrics.Metrics    : Metrics reporters closed
2026-09-08T22:00:34.937+02:00  INFO 2500556 --- [ntainer#2-0-C-1] o.apache.kafka.common.metrics.Metrics    : Metrics scheduler closed
2026-09-08T22:00:34.938+02:00  INFO 2500556 --- [ntainer#2-0-C-1] o.apache.kafka.common.metrics.Metrics    : Closing reporter org.apache.kafka.common.metrics.JmxReporter
2026-09-08T22:00:34.938+02:00  INFO 2500556 --- [ntainer#1-0-C-1] o.apache.kafka.common.metrics.Metrics    : Metrics scheduler closed
2026-09-08T22:00:34.938+02:00  INFO 2500556 --- [ntainer#1-0-C-1] o.apache.kafka.common.metrics.Metrics    : Closing reporter org.apache.kafka.common.metrics.JmxReporter
2026-09-08T22:00:34.939+02:00  INFO 2500556 --- [ntainer#2-0-C-1] o.apache.kafka.common.metrics.Metrics    : Closing reporter org.apache.kafka.common.telemetry.internals.ClientTelemetryReporter
2026-09-08T22:00:34.939+02:00  INFO 2500556 --- [ntainer#2-0-C-1] o.apache.kafka.common.metrics.Metrics    : Metrics reporters closed
2026-09-08T22:00:34.940+02:00  INFO 2500556 --- [ntainer#6-0-C-1] o.a.kafka.common.utils.AppInfoParser     : App info kafka.consumer for consumer-deriva-group-1 unregistered
2026-09-08T22:00:34.940+02:00  INFO 2500556 --- [ntainer#6-0-C-1] o.s.k.l.KafkaMessageListenerContainer    : deriva-group: Consumer stopped
2026-09-08T22:00:34.941+02:00  INFO 2500556 --- [ntainer#1-0-C-1] o.apache.kafka.common.metrics.Metrics    : Closing reporter org.apache.kafka.common.telemetry.internals.ClientTelemetryReporter
2026-09-08T22:00:34.941+02:00  INFO 2500556 --- [ntainer#1-0-C-1] o.apache.kafka.common.metrics.Metrics    : Metrics reporters closed
2026-09-08T22:00:34.942+02:00  INFO 2500556 --- [ntainer#4-0-C-1] o.a.kafka.common.utils.AppInfoParser     : App info kafka.consumer for consumer-deriva-group-5 unregistered
2026-09-08T22:00:34.942+02:00  INFO 2500556 --- [ntainer#4-0-C-1] o.s.k.l.KafkaMessageListenerContainer    : deriva-group: Consumer stopped
2026-09-08T22:00:34.942+02:00  INFO 2500556 --- [ntainer#0-0-C-1] o.a.kafka.common.utils.AppInfoParser     : App info kafka.consumer for consumer-deriva-group-7 unregistered
2026-09-08T22:00:34.942+02:00  INFO 2500556 --- [ntainer#0-0-C-1] o.s.k.l.KafkaMessageListenerContainer    : deriva-group: Consumer stopped
2026-09-08T22:00:34.943+02:00  INFO 2500556 --- [ntainer#2-0-C-1] o.a.kafka.common.utils.AppInfoParser     : App info kafka.consumer for consumer-deriva-group-3 unregistered
2026-09-08T22:00:34.943+02:00  INFO 2500556 --- [ntainer#2-0-C-1] o.s.k.l.KafkaMessageListenerContainer    : deriva-group: Consumer stopped
2026-09-08T22:00:34.948+02:00  INFO 2500556 --- [ntainer#3-0-C-1] o.a.kafka.common.utils.AppInfoParser     : App info kafka.consumer for consumer-deriva-group-4 unregistered
2026-09-08T22:00:34.949+02:00  INFO 2500556 --- [ntainer#3-0-C-1] o.s.k.l.KafkaMessageListenerContainer    : deriva-group: Consumer stopped
2026-09-08T22:00:34.950+02:00  INFO 2500556 --- [ntainer#1-0-C-1] o.a.kafka.common.utils.AppInfoParser     : App info kafka.consumer for consumer-deriva-group-8 unregistered
2026-09-08T22:00:34.950+02:00  INFO 2500556 --- [ntainer#1-0-C-1] o.s.k.l.KafkaMessageListenerContainer    : deriva-group: Consumer stopped
2026-09-08T22:00:34.970+02:00  INFO 2500556 --- [ionShutdownHook] j.LocalContainerEntityManagerFactoryBean : Closing JPA EntityManagerFactory for persistence unit 'default'
2026-09-08T22:00:34.972+02:00  INFO 2500556 --- [ionShutdownHook] com.zaxxer.hikari.HikariDataSource       : HikariPool-1 - Shutdown initiated...
2026-09-08T22:00:34.981+02:00  INFO 2500556 --- [ionShutdownHook] com.zaxxer.hikari.HikariDataSource       : HikariPool-1 - Shutdown completed.
