2026-09-26T20:27:11.854+02:00  INFO 313397 --- [deriva] [main] com.deriva.bootstrap.DerivaApplication   : Starting DerivaApplication using Java 21.0.12.1 with PID 313397 (/home/bashistha/Desktop/deriva/backend/deriva-bootstrap/target/classes started by bashistha in /home/bashistha/Desktop/deriva/backend/deriva-bootstrap)
2026-09-26T20:27:11.855+02:00 DEBUG 313397 --- [deriva] [main] com.deriva.bootstrap.DerivaApplication   : Running with Spring Boot v3.2.3, Spring v6.1.4
2026-09-26T20:27:11.855+02:00  INFO 313397 --- [deriva] [main] com.deriva.bootstrap.DerivaApplication   : No active profile set, falling back to 1 default profile: "default"
2026-09-26T20:27:12.199+02:00  INFO 313397 --- [deriva] [main] .s.d.r.c.RepositoryConfigurationDelegate : Bootstrapping Spring Data JPA repositories in DEFAULT mode.
2026-09-26T20:27:12.245+02:00  INFO 313397 --- [deriva] [main] .s.d.r.c.RepositoryConfigurationDelegate : Finished Spring Data repository scanning in 42 ms. Found 31 JPA repository interfaces.
2026-09-26T20:27:12.862+02:00  INFO 313397 --- [deriva] [main] o.s.b.w.embedded.tomcat.TomcatWebServer  : Tomcat initialized with port 8080 (http)
2026-09-26T20:27:12.871+02:00  INFO 313397 --- [deriva] [main] o.apache.catalina.core.StandardService   : Starting service [Tomcat]
2026-09-26T20:27:12.871+02:00  INFO 313397 --- [deriva] [main] o.apache.catalina.core.StandardEngine    : Starting Servlet engine: [Apache Tomcat/10.1.19]
2026-09-26T20:27:12.901+02:00  INFO 313397 --- [deriva] [main] o.a.c.c.C.[Tomcat].[localhost].[/]       : Initializing Spring embedded WebApplicationContext
2026-09-26T20:27:12.902+02:00  INFO 313397 --- [deriva] [main] w.s.c.ServletWebServerApplicationContext : Root WebApplicationContext: initialization completed in 1020 ms
2026-09-26T20:27:13.062+02:00  INFO 313397 --- [deriva] [main] com.zaxxer.hikari.HikariDataSource       : HikariPool-1 - Starting...
2026-09-26T20:27:13.235+02:00  INFO 313397 --- [deriva] [main] com.zaxxer.hikari.pool.HikariPool        : HikariPool-1 - Added connection org.postgresql.jdbc.PgConnection@6d31f14
2026-09-26T20:27:13.236+02:00  INFO 313397 --- [deriva] [main] com.zaxxer.hikari.HikariDataSource       : HikariPool-1 - Start completed.
2026-09-26T20:27:13.310+02:00  INFO 313397 --- [deriva] [main] liquibase.database                       : Set default schema name to public
2026-09-26T20:27:14.116+02:00  INFO 313397 --- [deriva] [main] liquibase.changelog                      : Creating database history table with name: public.databasechangelog
2026-09-26T20:27:14.135+02:00  INFO 313397 --- [deriva] [main] liquibase.changelog                      : Reading from public.databasechangelog
2026-09-26T20:27:14.266+02:00  INFO 313397 --- [deriva] [main] liquibase.lockservice                    : Successfully acquired change log lock
2026-09-26T20:27:14.267+02:00  INFO 313397 --- [deriva] [main] liquibase.command                        : Using deploymentId: 0447234267
2026-09-26T20:27:14.269+02:00  INFO 313397 --- [deriva] [main] liquibase.changelog                      : Reading from public.databasechangelog
2026-09-26T20:27:14.423+02:00  INFO 313397 --- [deriva] [main] liquibase.changelog                      : Table users created
2026-09-26T20:27:14.426+02:00  INFO 313397 --- [deriva] [main] liquibase.changelog                      : Table user_preferences created
2026-09-26T20:27:14.429+02:00  INFO 313397 --- [deriva] [main] liquibase.changelog                      : Table password_reset_tokens created
2026-09-26T20:27:14.430+02:00  INFO 313397 --- [deriva] [main] liquibase.changelog                      : ChangeSet db/changelog/001-base-schema.xml::1::deriva ran successfully in 20ms
2026-09-26T20:27:14.443+02:00  INFO 313397 --- [deriva] [main] liquibase.changelog                      : Table sectors created
2026-09-26T20:27:14.451+02:00  INFO 313397 --- [deriva] [main] liquibase.changelog                      : Table instruments created
2026-09-26T20:27:14.454+02:00  INFO 313397 --- [deriva] [main] liquibase.changelog                      : Table instrument_simulation_parameters created
2026-09-26T20:27:14.455+02:00  INFO 313397 --- [deriva] [main] liquibase.changelog                      : ChangeSet db/changelog/002-market-universe.xml::1::deriva ran successfully in 18ms
2026-09-26T20:27:14.550+02:00  INFO 313397 --- [deriva] [main] liquibase.changelog                      : New row inserted into sectors
2026-09-26T20:27:14.551+02:00  INFO 313397 --- [deriva] [main] liquibase.changelog                      : New row inserted into sectors
2026-09-26T20:27:14.552+02:00  INFO 313397 --- [deriva] [main] liquibase.changelog                      : New row inserted into sectors
2026-09-26T20:27:14.553+02:00  INFO 313397 --- [deriva] [main] liquibase.changelog                      : New row inserted into sectors
2026-09-26T20:27:14.555+02:00  INFO 313397 --- [deriva] [main] liquibase.changelog                      : New row inserted into instruments
2026-09-26T20:27:14.557+02:00  INFO 313397 --- [deriva] [main] liquibase.changelog                      : New row inserted into instrument_simulation_parameters
2026-09-26T20:27:14.559+02:00  INFO 313397 --- [deriva] [main] liquibase.changelog                      : New row inserted into instruments
2026-09-26T20:27:14.560+02:00  INFO 313397 --- [deriva] [main] liquibase.changelog                      : New row inserted into instrument_simulation_parameters
2026-09-26T20:27:14.562+02:00  INFO 313397 --- [deriva] [main] liquibase.changelog                      : New row inserted into instruments
2026-09-26T20:27:14.563+02:00  INFO 313397 --- [deriva] [main] liquibase.changelog                      : New row inserted into instrument_simulation_parameters
2026-09-26T20:27:14.564+02:00  INFO 313397 --- [deriva] [main] liquibase.changelog                      : New row inserted into instruments
2026-09-26T20:27:14.565+02:00  INFO 313397 --- [deriva] [main] liquibase.changelog                      : New row inserted into instrument_simulation_parameters
2026-09-26T20:27:14.566+02:00  INFO 313397 --- [deriva] [main] liquibase.changelog                      : New row inserted into instruments
2026-09-26T20:27:14.567+02:00  INFO 313397 --- [deriva] [main] liquibase.changelog                      : New row inserted into instrument_simulation_parameters
2026-09-26T20:27:14.568+02:00  INFO 313397 --- [deriva] [main] liquibase.changelog                      : New row inserted into instruments
2026-09-26T20:27:14.568+02:00  INFO 313397 --- [deriva] [main] liquibase.changelog                      : New row inserted into instrument_simulation_parameters
2026-09-26T20:27:14.569+02:00  INFO 313397 --- [deriva] [main] liquibase.changelog                      : New row inserted into instruments
2026-09-26T20:27:14.569+02:00  INFO 313397 --- [deriva] [main] liquibase.changelog                      : New row inserted into instrument_simulation_parameters
2026-09-26T20:27:14.570+02:00  INFO 313397 --- [deriva] [main] liquibase.changelog                      : New row inserted into instruments
2026-09-26T20:27:14.571+02:00  INFO 313397 --- [deriva] [main] liquibase.changelog                      : New row inserted into instrument_simulation_parameters
2026-09-26T20:27:14.571+02:00  INFO 313397 --- [deriva] [main] liquibase.changelog                      : New row inserted into instruments
2026-09-26T20:27:14.572+02:00  INFO 313397 --- [deriva] [main] liquibase.changelog                      : New row inserted into instrument_simulation_parameters
2026-09-26T20:27:14.572+02:00  INFO 313397 --- [deriva] [main] liquibase.changelog                      : New row inserted into instruments
2026-09-26T20:27:14.573+02:00  INFO 313397 --- [deriva] [main] liquibase.changelog                      : New row inserted into instrument_simulation_parameters
2026-09-26T20:27:14.574+02:00  INFO 313397 --- [deriva] [main] liquibase.changelog                      : New row inserted into instruments
2026-09-26T20:27:14.574+02:00  INFO 313397 --- [deriva] [main] liquibase.changelog                      : New row inserted into instrument_simulation_parameters
2026-09-26T20:27:14.575+02:00  INFO 313397 --- [deriva] [main] liquibase.changelog                      : New row inserted into instruments
2026-09-26T20:27:14.575+02:00  INFO 313397 --- [deriva] [main] liquibase.changelog                      : New row inserted into instrument_simulation_parameters
2026-09-26T20:27:14.576+02:00  INFO 313397 --- [deriva] [main] liquibase.changelog                      : New row inserted into instruments
2026-09-26T20:27:14.577+02:00  INFO 313397 --- [deriva] [main] liquibase.changelog                      : New row inserted into instrument_simulation_parameters
2026-09-26T20:27:14.578+02:00  INFO 313397 --- [deriva] [main] liquibase.changelog                      : New row inserted into instruments
2026-09-26T20:27:14.578+02:00  INFO 313397 --- [deriva] [main] liquibase.changelog                      : New row inserted into instrument_simulation_parameters
2026-09-26T20:27:14.579+02:00  INFO 313397 --- [deriva] [main] liquibase.changelog                      : New row inserted into instruments
2026-09-26T20:27:14.579+02:00  INFO 313397 --- [deriva] [main] liquibase.changelog                      : New row inserted into instrument_simulation_parameters
2026-09-26T20:27:14.580+02:00  INFO 313397 --- [deriva] [main] liquibase.changelog                      : New row inserted into instruments
2026-09-26T20:27:14.580+02:00  INFO 313397 --- [deriva] [main] liquibase.changelog                      : New row inserted into instrument_simulation_parameters
2026-09-26T20:27:14.581+02:00  INFO 313397 --- [deriva] [main] liquibase.changelog                      : New row inserted into instruments
2026-09-26T20:27:14.581+02:00  INFO 313397 --- [deriva] [main] liquibase.changelog                      : New row inserted into instrument_simulation_parameters
2026-09-26T20:27:14.582+02:00  INFO 313397 --- [deriva] [main] liquibase.changelog                      : New row inserted into instruments
2026-09-26T20:27:14.583+02:00  INFO 313397 --- [deriva] [main] liquibase.changelog                      : New row inserted into instrument_simulation_parameters
2026-09-26T20:27:14.583+02:00  INFO 313397 --- [deriva] [main] liquibase.changelog                      : New row inserted into instruments
2026-09-26T20:27:14.584+02:00  INFO 313397 --- [deriva] [main] liquibase.changelog                      : New row inserted into instrument_simulation_parameters
2026-09-26T20:27:14.584+02:00  INFO 313397 --- [deriva] [main] liquibase.changelog                      : New row inserted into instruments
2026-09-26T20:27:14.585+02:00  INFO 313397 --- [deriva] [main] liquibase.changelog                      : New row inserted into instrument_simulation_parameters
2026-09-26T20:27:14.586+02:00  INFO 313397 --- [deriva] [main] liquibase.changelog                      : New row inserted into instruments
2026-09-26T20:27:14.586+02:00  INFO 313397 --- [deriva] [main] liquibase.changelog                      : New row inserted into instrument_simulation_parameters
2026-09-26T20:27:14.587+02:00  INFO 313397 --- [deriva] [main] liquibase.changelog                      : New row inserted into instruments
2026-09-26T20:27:14.587+02:00  INFO 313397 --- [deriva] [main] liquibase.changelog                      : New row inserted into instrument_simulation_parameters
2026-09-26T20:27:14.588+02:00  INFO 313397 --- [deriva] [main] liquibase.changelog                      : New row inserted into instruments
2026-09-26T20:27:14.589+02:00  INFO 313397 --- [deriva] [main] liquibase.changelog                      : New row inserted into instrument_simulation_parameters
2026-09-26T20:27:14.589+02:00  INFO 313397 --- [deriva] [main] liquibase.changelog                      : New row inserted into instruments
2026-09-26T20:27:14.590+02:00  INFO 313397 --- [deriva] [main] liquibase.changelog                      : New row inserted into instrument_simulation_parameters
2026-09-26T20:27:14.590+02:00  INFO 313397 --- [deriva] [main] liquibase.changelog                      : New row inserted into instruments
2026-09-26T20:27:14.591+02:00  INFO 313397 --- [deriva] [main] liquibase.changelog                      : New row inserted into instrument_simulation_parameters
2026-09-26T20:27:14.593+02:00  INFO 313397 --- [deriva] [main] liquibase.changelog                      : New row inserted into instruments
2026-09-26T20:27:14.595+02:00  INFO 313397 --- [deriva] [main] liquibase.changelog                      : New row inserted into instrument_simulation_parameters
2026-09-26T20:27:14.597+02:00  INFO 313397 --- [deriva] [main] liquibase.changelog                      : New row inserted into instruments
2026-09-26T20:27:14.598+02:00  INFO 313397 --- [deriva] [main] liquibase.changelog                      : New row inserted into instrument_simulation_parameters
2026-09-26T20:27:14.599+02:00  INFO 313397 --- [deriva] [main] liquibase.changelog                      : New row inserted into instruments
2026-09-26T20:27:14.600+02:00  INFO 313397 --- [deriva] [main] liquibase.changelog                      : New row inserted into instrument_simulation_parameters
2026-09-26T20:27:14.600+02:00  INFO 313397 --- [deriva] [main] liquibase.changelog                      : New row inserted into instruments
2026-09-26T20:27:14.601+02:00  INFO 313397 --- [deriva] [main] liquibase.changelog                      : New row inserted into instrument_simulation_parameters
2026-09-26T20:27:14.602+02:00  INFO 313397 --- [deriva] [main] liquibase.changelog                      : New row inserted into instruments
2026-09-26T20:27:14.602+02:00  INFO 313397 --- [deriva] [main] liquibase.changelog                      : New row inserted into instrument_simulation_parameters
2026-09-26T20:27:14.603+02:00  INFO 313397 --- [deriva] [main] liquibase.changelog                      : New row inserted into instruments
2026-09-26T20:27:14.604+02:00  INFO 313397 --- [deriva] [main] liquibase.changelog                      : New row inserted into instrument_simulation_parameters
2026-09-26T20:27:14.605+02:00  INFO 313397 --- [deriva] [main] liquibase.changelog                      : New row inserted into instruments
2026-09-26T20:27:14.606+02:00  INFO 313397 --- [deriva] [main] liquibase.changelog                      : New row inserted into instrument_simulation_parameters
2026-09-26T20:27:14.606+02:00  INFO 313397 --- [deriva] [main] liquibase.changelog                      : New row inserted into instruments
2026-09-26T20:27:14.607+02:00  INFO 313397 --- [deriva] [main] liquibase.changelog                      : New row inserted into instrument_simulation_parameters
2026-09-26T20:27:14.611+02:00  INFO 313397 --- [deriva] [main] liquibase.changelog                      : New row inserted into instruments
2026-09-26T20:27:14.612+02:00  INFO 313397 --- [deriva] [main] liquibase.changelog                      : New row inserted into instrument_simulation_parameters
2026-09-26T20:27:14.613+02:00  INFO 313397 --- [deriva] [main] liquibase.changelog                      : New row inserted into instruments
2026-09-26T20:27:14.613+02:00  INFO 313397 --- [deriva] [main] liquibase.changelog                      : New row inserted into instrument_simulation_parameters
2026-09-26T20:27:14.614+02:00  INFO 313397 --- [deriva] [main] liquibase.changelog                      : New row inserted into instruments
2026-09-26T20:27:14.615+02:00  INFO 313397 --- [deriva] [main] liquibase.changelog                      : New row inserted into instrument_simulation_parameters
2026-09-26T20:27:14.615+02:00  INFO 313397 --- [deriva] [main] liquibase.changelog                      : New row inserted into instruments
2026-09-26T20:27:14.616+02:00  INFO 313397 --- [deriva] [main] liquibase.changelog                      : New row inserted into instrument_simulation_parameters
2026-09-26T20:27:14.617+02:00  INFO 313397 --- [deriva] [main] liquibase.changelog                      : New row inserted into instruments
2026-09-26T20:27:14.617+02:00  INFO 313397 --- [deriva] [main] liquibase.changelog                      : New row inserted into instrument_simulation_parameters
2026-09-26T20:27:14.618+02:00  INFO 313397 --- [deriva] [main] liquibase.changelog                      : New row inserted into instruments
2026-09-26T20:27:14.618+02:00  INFO 313397 --- [deriva] [main] liquibase.changelog                      : New row inserted into instrument_simulation_parameters
2026-09-26T20:27:14.619+02:00  INFO 313397 --- [deriva] [main] liquibase.changelog                      : New row inserted into instruments
2026-09-26T20:27:14.619+02:00  INFO 313397 --- [deriva] [main] liquibase.changelog                      : New row inserted into instrument_simulation_parameters
2026-09-26T20:27:14.620+02:00  INFO 313397 --- [deriva] [main] liquibase.changelog                      : New row inserted into instruments
2026-09-26T20:27:14.620+02:00  INFO 313397 --- [deriva] [main] liquibase.changelog                      : New row inserted into instrument_simulation_parameters
2026-09-26T20:27:14.621+02:00  INFO 313397 --- [deriva] [main] liquibase.changelog                      : New row inserted into instruments
2026-09-26T20:27:14.622+02:00  INFO 313397 --- [deriva] [main] liquibase.changelog                      : New row inserted into instrument_simulation_parameters
2026-09-26T20:27:14.622+02:00  INFO 313397 --- [deriva] [main] liquibase.changelog                      : New row inserted into instruments
2026-09-26T20:27:14.623+02:00  INFO 313397 --- [deriva] [main] liquibase.changelog                      : New row inserted into instrument_simulation_parameters
2026-09-26T20:27:14.624+02:00  INFO 313397 --- [deriva] [main] liquibase.changelog                      : New row inserted into instruments
2026-09-26T20:27:14.624+02:00  INFO 313397 --- [deriva] [main] liquibase.changelog                      : New row inserted into instrument_simulation_parameters
2026-09-26T20:27:14.625+02:00  INFO 313397 --- [deriva] [main] liquibase.changelog                      : New row inserted into instruments
2026-09-26T20:27:14.625+02:00  INFO 313397 --- [deriva] [main] liquibase.changelog                      : New row inserted into instrument_simulation_parameters
2026-09-26T20:27:14.626+02:00  INFO 313397 --- [deriva] [main] liquibase.changelog                      : New row inserted into instruments
2026-09-26T20:27:14.627+02:00  INFO 313397 --- [deriva] [main] liquibase.changelog                      : New row inserted into instrument_simulation_parameters
2026-09-26T20:27:14.628+02:00  INFO 313397 --- [deriva] [main] liquibase.changelog                      : New row inserted into instruments
2026-09-26T20:27:14.629+02:00  INFO 313397 --- [deriva] [main] liquibase.changelog                      : New row inserted into instrument_simulation_parameters
2026-09-26T20:27:14.629+02:00  INFO 313397 --- [deriva] [main] liquibase.changelog                      : New row inserted into instruments
2026-09-26T20:27:14.630+02:00  INFO 313397 --- [deriva] [main] liquibase.changelog                      : New row inserted into instrument_simulation_parameters
2026-09-26T20:27:14.631+02:00  INFO 313397 --- [deriva] [main] liquibase.changelog                      : New row inserted into instruments
2026-09-26T20:27:14.632+02:00  INFO 313397 --- [deriva] [main] liquibase.changelog                      : New row inserted into instrument_simulation_parameters
2026-09-26T20:27:14.633+02:00  INFO 313397 --- [deriva] [main] liquibase.changelog                      : New row inserted into instruments
2026-09-26T20:27:14.634+02:00  INFO 313397 --- [deriva] [main] liquibase.changelog                      : New row inserted into instrument_simulation_parameters
2026-09-26T20:27:14.634+02:00  INFO 313397 --- [deriva] [main] liquibase.changelog                      : New row inserted into instruments
2026-09-26T20:27:14.635+02:00  INFO 313397 --- [deriva] [main] liquibase.changelog                      : New row inserted into instrument_simulation_parameters
2026-09-26T20:27:14.635+02:00  INFO 313397 --- [deriva] [main] liquibase.changelog                      : New row inserted into instruments
2026-09-26T20:27:14.636+02:00  INFO 313397 --- [deriva] [main] liquibase.changelog                      : New row inserted into instrument_simulation_parameters
2026-09-26T20:27:14.636+02:00  INFO 313397 --- [deriva] [main] liquibase.changelog                      : New row inserted into instruments
2026-09-26T20:27:14.637+02:00  INFO 313397 --- [deriva] [main] liquibase.changelog                      : New row inserted into instrument_simulation_parameters
2026-09-26T20:27:14.638+02:00  INFO 313397 --- [deriva] [main] liquibase.changelog                      : New row inserted into instruments
2026-09-26T20:27:14.638+02:00  INFO 313397 --- [deriva] [main] liquibase.changelog                      : New row inserted into instrument_simulation_parameters
2026-09-26T20:27:14.639+02:00  INFO 313397 --- [deriva] [main] liquibase.changelog                      : New row inserted into instruments
2026-09-26T20:27:14.639+02:00  INFO 313397 --- [deriva] [main] liquibase.changelog                      : New row inserted into instrument_simulation_parameters
2026-09-26T20:27:14.640+02:00  INFO 313397 --- [deriva] [main] liquibase.changelog                      : New row inserted into instruments
2026-09-26T20:27:14.641+02:00  INFO 313397 --- [deriva] [main] liquibase.changelog                      : New row inserted into instrument_simulation_parameters
2026-09-26T20:27:14.641+02:00  INFO 313397 --- [deriva] [main] liquibase.changelog                      : New row inserted into instruments
2026-09-26T20:27:14.642+02:00  INFO 313397 --- [deriva] [main] liquibase.changelog                      : New row inserted into instrument_simulation_parameters
2026-09-26T20:27:14.643+02:00  INFO 313397 --- [deriva] [main] liquibase.changelog                      : New row inserted into instruments
2026-09-26T20:27:14.643+02:00  INFO 313397 --- [deriva] [main] liquibase.changelog                      : New row inserted into instrument_simulation_parameters
2026-09-26T20:27:14.644+02:00  INFO 313397 --- [deriva] [main] liquibase.changelog                      : New row inserted into instruments
2026-09-26T20:27:14.645+02:00  INFO 313397 --- [deriva] [main] liquibase.changelog                      : New row inserted into instrument_simulation_parameters
2026-09-26T20:27:14.646+02:00  INFO 313397 --- [deriva] [main] liquibase.changelog                      : New row inserted into instruments
2026-09-26T20:27:14.646+02:00  INFO 313397 --- [deriva] [main] liquibase.changelog                      : New row inserted into instrument_simulation_parameters
2026-09-26T20:27:14.647+02:00  INFO 313397 --- [deriva] [main] liquibase.changelog                      : New row inserted into instruments
2026-09-26T20:27:14.648+02:00  INFO 313397 --- [deriva] [main] liquibase.changelog                      : New row inserted into instrument_simulation_parameters
2026-09-26T20:27:14.648+02:00  INFO 313397 --- [deriva] [main] liquibase.changelog                      : New row inserted into instruments
2026-09-26T20:27:14.649+02:00  INFO 313397 --- [deriva] [main] liquibase.changelog                      : New row inserted into instrument_simulation_parameters
2026-09-26T20:27:14.649+02:00  INFO 313397 --- [deriva] [main] liquibase.changelog                      : New row inserted into instruments
2026-09-26T20:27:14.650+02:00  INFO 313397 --- [deriva] [main] liquibase.changelog                      : New row inserted into instrument_simulation_parameters
2026-09-26T20:27:14.650+02:00  INFO 313397 --- [deriva] [main] liquibase.changelog                      : New row inserted into instruments
2026-09-26T20:27:14.651+02:00  INFO 313397 --- [deriva] [main] liquibase.changelog                      : New row inserted into instrument_simulation_parameters
2026-09-26T20:27:14.651+02:00  INFO 313397 --- [deriva] [main] liquibase.changelog                      : New row inserted into instruments
2026-09-26T20:27:14.652+02:00  INFO 313397 --- [deriva] [main] liquibase.changelog                      : New row inserted into instrument_simulation_parameters
2026-09-26T20:27:14.652+02:00  INFO 313397 --- [deriva] [main] liquibase.changelog                      : New row inserted into instruments
2026-09-26T20:27:14.653+02:00  INFO 313397 --- [deriva] [main] liquibase.changelog                      : New row inserted into instrument_simulation_parameters
2026-09-26T20:27:14.653+02:00  INFO 313397 --- [deriva] [main] liquibase.changelog                      : New row inserted into instruments
2026-09-26T20:27:14.654+02:00  INFO 313397 --- [deriva] [main] liquibase.changelog                      : New row inserted into instrument_simulation_parameters
2026-09-26T20:27:14.654+02:00  INFO 313397 --- [deriva] [main] liquibase.changelog                      : New row inserted into instruments
2026-09-26T20:27:14.655+02:00  INFO 313397 --- [deriva] [main] liquibase.changelog                      : New row inserted into instrument_simulation_parameters
2026-09-26T20:27:14.656+02:00  INFO 313397 --- [deriva] [main] liquibase.changelog                      : New row inserted into instruments
2026-09-26T20:27:14.656+02:00  INFO 313397 --- [deriva] [main] liquibase.changelog                      : New row inserted into instrument_simulation_parameters
2026-09-26T20:27:14.657+02:00  INFO 313397 --- [deriva] [main] liquibase.changelog                      : New row inserted into instruments
2026-09-26T20:27:14.657+02:00  INFO 313397 --- [deriva] [main] liquibase.changelog                      : New row inserted into instrument_simulation_parameters
2026-09-26T20:27:14.658+02:00  INFO 313397 --- [deriva] [main] liquibase.changelog                      : New row inserted into instruments
2026-09-26T20:27:14.658+02:00  INFO 313397 --- [deriva] [main] liquibase.changelog                      : New row inserted into instrument_simulation_parameters
2026-09-26T20:27:14.659+02:00  INFO 313397 --- [deriva] [main] liquibase.changelog                      : New row inserted into instruments
2026-09-26T20:27:14.659+02:00  INFO 313397 --- [deriva] [main] liquibase.changelog                      : New row inserted into instrument_simulation_parameters
2026-09-26T20:27:14.660+02:00  INFO 313397 --- [deriva] [main] liquibase.changelog                      : New row inserted into instruments
2026-09-26T20:27:14.660+02:00  INFO 313397 --- [deriva] [main] liquibase.changelog                      : New row inserted into instrument_simulation_parameters
2026-09-26T20:27:14.661+02:00  INFO 313397 --- [deriva] [main] liquibase.changelog                      : New row inserted into instruments
2026-09-26T20:27:14.662+02:00  INFO 313397 --- [deriva] [main] liquibase.changelog                      : New row inserted into instrument_simulation_parameters
2026-09-26T20:27:14.663+02:00  INFO 313397 --- [deriva] [main] liquibase.changelog                      : New row inserted into instruments
2026-09-26T20:27:14.663+02:00  INFO 313397 --- [deriva] [main] liquibase.changelog                      : New row inserted into instrument_simulation_parameters
2026-09-26T20:27:14.664+02:00  INFO 313397 --- [deriva] [main] liquibase.changelog                      : New row inserted into instruments
2026-09-26T20:27:14.664+02:00  INFO 313397 --- [deriva] [main] liquibase.changelog                      : New row inserted into instrument_simulation_parameters
2026-09-26T20:27:14.665+02:00  INFO 313397 --- [deriva] [main] liquibase.changelog                      : New row inserted into instruments
2026-09-26T20:27:14.665+02:00  INFO 313397 --- [deriva] [main] liquibase.changelog                      : New row inserted into instrument_simulation_parameters
2026-09-26T20:27:14.666+02:00  INFO 313397 --- [deriva] [main] liquibase.changelog                      : New row inserted into instruments
2026-09-26T20:27:14.666+02:00  INFO 313397 --- [deriva] [main] liquibase.changelog                      : New row inserted into instrument_simulation_parameters
2026-09-26T20:27:14.667+02:00  INFO 313397 --- [deriva] [main] liquibase.changelog                      : New row inserted into instruments
2026-09-26T20:27:14.667+02:00  INFO 313397 --- [deriva] [main] liquibase.changelog                      : New row inserted into instrument_simulation_parameters
2026-09-26T20:27:14.668+02:00  INFO 313397 --- [deriva] [main] liquibase.changelog                      : New row inserted into instruments
2026-09-26T20:27:14.668+02:00  INFO 313397 --- [deriva] [main] liquibase.changelog                      : New row inserted into instrument_simulation_parameters
2026-09-26T20:27:14.669+02:00  INFO 313397 --- [deriva] [main] liquibase.changelog                      : New row inserted into instruments
2026-09-26T20:27:14.669+02:00  INFO 313397 --- [deriva] [main] liquibase.changelog                      : New row inserted into instrument_simulation_parameters
2026-09-26T20:27:14.670+02:00  INFO 313397 --- [deriva] [main] liquibase.changelog                      : New row inserted into instruments
2026-09-26T20:27:14.670+02:00  INFO 313397 --- [deriva] [main] liquibase.changelog                      : New row inserted into instrument_simulation_parameters
2026-09-26T20:27:14.671+02:00  INFO 313397 --- [deriva] [main] liquibase.changelog                      : New row inserted into instruments
2026-09-26T20:27:14.672+02:00  INFO 313397 --- [deriva] [main] liquibase.changelog                      : New row inserted into instrument_simulation_parameters
2026-09-26T20:27:14.673+02:00  INFO 313397 --- [deriva] [main] liquibase.changelog                      : New row inserted into instruments
2026-09-26T20:27:14.673+02:00  INFO 313397 --- [deriva] [main] liquibase.changelog                      : New row inserted into instrument_simulation_parameters
2026-09-26T20:27:14.674+02:00  INFO 313397 --- [deriva] [main] liquibase.changelog                      : New row inserted into instruments
2026-09-26T20:27:14.675+02:00  INFO 313397 --- [deriva] [main] liquibase.changelog                      : New row inserted into instrument_simulation_parameters
2026-09-26T20:27:14.675+02:00  INFO 313397 --- [deriva] [main] liquibase.changelog                      : New row inserted into instruments
2026-09-26T20:27:14.675+02:00  INFO 313397 --- [deriva] [main] liquibase.changelog                      : New row inserted into instrument_simulation_parameters
2026-09-26T20:27:14.676+02:00  INFO 313397 --- [deriva] [main] liquibase.changelog                      : New row inserted into instruments
2026-09-26T20:27:14.677+02:00  INFO 313397 --- [deriva] [main] liquibase.changelog                      : New row inserted into instrument_simulation_parameters
2026-09-26T20:27:14.677+02:00  INFO 313397 --- [deriva] [main] liquibase.changelog                      : New row inserted into instruments
2026-09-26T20:27:14.678+02:00  INFO 313397 --- [deriva] [main] liquibase.changelog                      : New row inserted into instrument_simulation_parameters
2026-09-26T20:27:14.678+02:00  INFO 313397 --- [deriva] [main] liquibase.changelog                      : New row inserted into instruments
2026-09-26T20:27:14.679+02:00  INFO 313397 --- [deriva] [main] liquibase.changelog                      : New row inserted into instrument_simulation_parameters
2026-09-26T20:27:14.679+02:00  INFO 313397 --- [deriva] [main] liquibase.changelog                      : New row inserted into instruments
2026-09-26T20:27:14.680+02:00  INFO 313397 --- [deriva] [main] liquibase.changelog                      : New row inserted into instrument_simulation_parameters
2026-09-26T20:27:14.680+02:00  INFO 313397 --- [deriva] [main] liquibase.changelog                      : New row inserted into instruments
2026-09-26T20:27:14.681+02:00  INFO 313397 --- [deriva] [main] liquibase.changelog                      : New row inserted into instrument_simulation_parameters
2026-09-26T20:27:14.681+02:00  INFO 313397 --- [deriva] [main] liquibase.changelog                      : New row inserted into instruments
2026-09-26T20:27:14.682+02:00  INFO 313397 --- [deriva] [main] liquibase.changelog                      : New row inserted into instrument_simulation_parameters
2026-09-26T20:27:14.682+02:00  INFO 313397 --- [deriva] [main] liquibase.changelog                      : New row inserted into instruments
2026-09-26T20:27:14.683+02:00  INFO 313397 --- [deriva] [main] liquibase.changelog                      : New row inserted into instrument_simulation_parameters
2026-09-26T20:27:14.683+02:00  INFO 313397 --- [deriva] [main] liquibase.changelog                      : New row inserted into instruments
2026-09-26T20:27:14.684+02:00  INFO 313397 --- [deriva] [main] liquibase.changelog                      : New row inserted into instrument_simulation_parameters
2026-09-26T20:27:14.684+02:00  INFO 313397 --- [deriva] [main] liquibase.changelog                      : New row inserted into instruments
2026-09-26T20:27:14.684+02:00  INFO 313397 --- [deriva] [main] liquibase.changelog                      : New row inserted into instrument_simulation_parameters
2026-09-26T20:27:14.685+02:00  INFO 313397 --- [deriva] [main] liquibase.changelog                      : New row inserted into instruments
2026-09-26T20:27:14.685+02:00  INFO 313397 --- [deriva] [main] liquibase.changelog                      : New row inserted into instrument_simulation_parameters
2026-09-26T20:27:14.686+02:00  INFO 313397 --- [deriva] [main] liquibase.changelog                      : New row inserted into instruments
2026-09-26T20:27:14.686+02:00  INFO 313397 --- [deriva] [main] liquibase.changelog                      : New row inserted into instrument_simulation_parameters
2026-09-26T20:27:14.687+02:00  INFO 313397 --- [deriva] [main] liquibase.changelog                      : New row inserted into instruments
2026-09-26T20:27:14.687+02:00  INFO 313397 --- [deriva] [main] liquibase.changelog                      : New row inserted into instrument_simulation_parameters
2026-09-26T20:27:14.688+02:00  INFO 313397 --- [deriva] [main] liquibase.changelog                      : New row inserted into instruments
2026-09-26T20:27:14.688+02:00  INFO 313397 --- [deriva] [main] liquibase.changelog                      : New row inserted into instrument_simulation_parameters
2026-09-26T20:27:14.688+02:00  INFO 313397 --- [deriva] [main] liquibase.changelog                      : New row inserted into instruments
2026-09-26T20:27:14.689+02:00  INFO 313397 --- [deriva] [main] liquibase.changelog                      : New row inserted into instrument_simulation_parameters
2026-09-26T20:27:14.689+02:00  INFO 313397 --- [deriva] [main] liquibase.changelog                      : New row inserted into instruments
2026-09-26T20:27:14.690+02:00  INFO 313397 --- [deriva] [main] liquibase.changelog                      : New row inserted into instrument_simulation_parameters
2026-09-26T20:27:14.690+02:00  INFO 313397 --- [deriva] [main] liquibase.changelog                      : New row inserted into instruments
2026-09-26T20:27:14.690+02:00  INFO 313397 --- [deriva] [main] liquibase.changelog                      : New row inserted into instrument_simulation_parameters
2026-09-26T20:27:14.691+02:00  INFO 313397 --- [deriva] [main] liquibase.changelog                      : New row inserted into instruments
2026-09-26T20:27:14.691+02:00  INFO 313397 --- [deriva] [main] liquibase.changelog                      : New row inserted into instrument_simulation_parameters
2026-09-26T20:27:14.692+02:00  INFO 313397 --- [deriva] [main] liquibase.changelog                      : New row inserted into instruments
2026-09-26T20:27:14.692+02:00  INFO 313397 --- [deriva] [main] liquibase.changelog                      : New row inserted into instrument_simulation_parameters
2026-09-26T20:27:14.692+02:00  INFO 313397 --- [deriva] [main] liquibase.changelog                      : New row inserted into instruments
2026-09-26T20:27:14.693+02:00  INFO 313397 --- [deriva] [main] liquibase.changelog                      : New row inserted into instrument_simulation_parameters
2026-09-26T20:27:14.694+02:00  INFO 313397 --- [deriva] [main] liquibase.changelog                      : ChangeSet db/changelog/003-seed-market-universe.xml::2::deriva ran successfully in 146ms
2026-09-26T20:27:14.715+02:00  INFO 313397 --- [deriva] [main] liquibase.changelog                      : Table simulation_runs created
2026-09-26T20:27:14.719+02:00  INFO 313397 --- [deriva] [main] liquibase.changelog                      : Table simulation_state created
2026-09-26T20:27:14.723+02:00  INFO 313397 --- [deriva] [main] liquibase.changelog                      : Table market_configurations created
2026-09-26T20:27:14.727+02:00  INFO 313397 --- [deriva] [main] liquibase.changelog                      : Table market_configuration_versions created
2026-09-26T20:27:14.730+02:00  INFO 313397 --- [deriva] [main] liquibase.changelog                      : Table market_sessions created
2026-09-26T20:27:14.734+02:00  INFO 313397 --- [deriva] [main] liquibase.changelog                      : Table market_ticks created
2026-09-26T20:27:14.735+02:00  INFO 313397 --- [deriva] [main] liquibase.changelog                      : New row inserted into market_configurations
2026-09-26T20:27:14.736+02:00  INFO 313397 --- [deriva] [main] liquibase.changelog                      : ChangeSet db/changelog/004-simulation-infrastructure.xml::1::deriva ran successfully in 25ms
2026-09-26T20:27:14.744+02:00  INFO 313397 --- [deriva] [main] liquibase.changelog                      : Table market_price_snapshots created
2026-09-26T20:27:14.749+02:00  INFO 313397 --- [deriva] [main] liquibase.changelog                      : Table instrument_market_states created
2026-09-26T20:27:14.750+02:00  INFO 313397 --- [deriva] [main] liquibase.changelog                      : ChangeSet db/changelog/005-market-simulation.xml::1::deriva ran successfully in 11ms
2026-09-26T20:27:14.755+02:00  INFO 313397 --- [deriva] [main] liquibase.changelog                      : Index idx_snapshots_instrument_time created
2026-09-26T20:27:14.756+02:00  INFO 313397 --- [deriva] [main] liquibase.changelog                      : ChangeSet db/changelog/006-historical-market-data.xml::1::deriva ran successfully in 4ms
2026-09-26T20:27:14.762+02:00  INFO 313397 --- [deriva] [main] liquibase.changelog                      : Table option_contracts created
2026-09-26T20:27:14.764+02:00  INFO 313397 --- [deriva] [main] liquibase.changelog                      : Index idx_options_underlying_expiration created
2026-09-26T20:27:14.765+02:00  INFO 313397 --- [deriva] [main] liquibase.changelog                      : ChangeSet db/changelog/007-options-contracts.xml::1::deriva ran successfully in 7ms
2026-09-26T20:27:14.772+02:00  INFO 313397 --- [deriva] [main] liquibase.changelog                      : Table option_market_snapshots created
2026-09-26T20:27:14.774+02:00  INFO 313397 --- [deriva] [main] liquibase.changelog                      : Index idx_opt_snapshots_contract_time created
2026-09-26T20:27:14.775+02:00  INFO 313397 --- [deriva] [main] liquibase.changelog                      : ChangeSet db/changelog/008-option-market-simulation.xml::1::deriva ran successfully in 7ms
2026-09-26T20:27:14.783+02:00  INFO 313397 --- [deriva] [main] liquibase.changelog                      : Table orders created
2026-09-26T20:27:14.786+02:00  INFO 313397 --- [deriva] [main] liquibase.changelog                      : Unique constraint added to orders(user_id, idempotency_key)
2026-09-26T20:27:14.791+02:00  INFO 313397 --- [deriva] [main] liquibase.changelog                      : Custom SQL executed
2026-09-26T20:27:14.795+02:00  INFO 313397 --- [deriva] [main] liquibase.changelog                      : Table trades created
2026-09-26T20:27:14.796+02:00  INFO 313397 --- [deriva] [main] liquibase.changelog                      : ChangeSet db/changelog/009-trading.xml::1::deriva ran successfully in 17ms
2026-09-26T20:27:14.806+02:00  INFO 313397 --- [deriva] [main] liquibase.changelog                      : Table cash_accounts created
2026-09-26T20:27:14.811+02:00  INFO 313397 --- [deriva] [main] liquibase.changelog                      : Table cash_transactions created
2026-09-26T20:27:14.812+02:00  INFO 313397 --- [deriva] [main] liquibase.changelog                      : ChangeSet db/changelog/010-cash-accounts.xml::1::deriva ran successfully in 12ms
2026-09-26T20:27:14.824+02:00  INFO 313397 --- [deriva] [main] liquibase.changelog                      : Table positions created
2026-09-26T20:27:14.825+02:00  INFO 313397 --- [deriva] [main] liquibase.changelog                      : Custom SQL executed
2026-09-26T20:27:14.827+02:00  INFO 313397 --- [deriva] [main] liquibase.changelog                      : Unique constraint added to positions(user_id, instrument_id)
2026-09-26T20:27:14.829+02:00  INFO 313397 --- [deriva] [main] liquibase.changelog                      : Unique constraint added to positions(user_id, option_contract_id)
2026-09-26T20:27:14.834+02:00  INFO 313397 --- [deriva] [main] liquibase.changelog                      : Table position_snapshots created
2026-09-26T20:27:14.836+02:00  INFO 313397 --- [deriva] [main] liquibase.changelog                      : Index idx_posnap_user_time created
2026-09-26T20:27:14.841+02:00  INFO 313397 --- [deriva] [main] liquibase.changelog                      : Table portfolio_snapshots created
2026-09-26T20:27:14.843+02:00  INFO 313397 --- [deriva] [main] liquibase.changelog                      : Index idx_portsnap_user_time created
2026-09-26T20:27:14.844+02:00  INFO 313397 --- [deriva] [main] liquibase.changelog                      : ChangeSet db/changelog/011-positions.xml::1::deriva ran successfully in 24ms
2026-09-26T20:27:14.854+02:00  INFO 313397 --- [deriva] [main] liquibase.changelog                      : Table settlement_cycles created
2026-09-26T20:27:14.857+02:00  INFO 313397 --- [deriva] [main] liquibase.changelog                      : Unique constraint added to settlement_cycles(market_session_id)
2026-09-26T20:27:14.858+02:00  INFO 313397 --- [deriva] [main] liquibase.changelog                      : ChangeSet db/changelog/012-settlement.xml::1::deriva ran successfully in 8ms
2026-09-26T20:27:14.867+02:00  INFO 313397 --- [deriva] [main] liquibase.changelog                      : Table watchlists created
2026-09-26T20:27:14.868+02:00  INFO 313397 --- [deriva] [main] liquibase.changelog                      : Table watchlist_items created
2026-09-26T20:27:14.872+02:00  INFO 313397 --- [deriva] [main] liquibase.changelog                      : Primary key added to watchlist_items (watchlist_id, instrument_id)
2026-09-26T20:27:14.873+02:00  INFO 313397 --- [deriva] [main] liquibase.changelog                      : ChangeSet db/changelog/013-watchlists.xml::1::deriva ran successfully in 10ms
2026-09-26T20:27:14.887+02:00  INFO 313397 --- [deriva] [main] liquibase.changelog                      : Table courses created
2026-09-26T20:27:14.891+02:00  INFO 313397 --- [deriva] [main] liquibase.changelog                      : Table course_sections created
2026-09-26T20:27:14.897+02:00  INFO 313397 --- [deriva] [main] liquibase.changelog                      : Table lessons created
2026-09-26T20:27:14.899+02:00  INFO 313397 --- [deriva] [main] liquibase.changelog                      : Unique constraint added to lessons(section_id, slug)
2026-09-26T20:27:14.908+02:00  INFO 313397 --- [deriva] [main] liquibase.changelog                      : Table strategies created
2026-09-26T20:27:14.913+02:00  INFO 313397 --- [deriva] [main] liquibase.changelog                      : Table strategy_legs created
2026-09-26T20:27:14.914+02:00  INFO 313397 --- [deriva] [main] liquibase.changelog                      : ChangeSet db/changelog/014-learning.xml::1::deriva ran successfully in 33ms
2026-09-26T20:27:14.922+02:00  INFO 313397 --- [deriva] [main] liquibase.changelog                      : Table user_lesson_progress created
2026-09-26T20:27:14.925+02:00  INFO 313397 --- [deriva] [main] liquibase.changelog                      : Primary key added to user_lesson_progress (user_id, lesson_id)
2026-09-26T20:27:14.926+02:00  INFO 313397 --- [deriva] [main] liquibase.changelog                      : ChangeSet db/changelog/015-learning-progress.xml::1::deriva ran successfully in 6ms
2026-09-26T20:27:14.936+02:00  INFO 313397 --- [deriva] [main] liquibase.changelog                      : Table saved_analyses created
2026-09-26T20:27:14.940+02:00  INFO 313397 --- [deriva] [main] liquibase.changelog                      : Table saved_analysis_legs created
2026-09-26T20:27:14.941+02:00  INFO 313397 --- [deriva] [main] liquibase.changelog                      : ChangeSet db/changelog/016-saved-analyses.xml::1::deriva ran successfully in 11ms
2026-09-26T20:27:14.945+02:00  INFO 313397 --- [deriva] [main] liquibase.util                           : UPDATE SUMMARY
2026-09-26T20:27:14.945+02:00  INFO 313397 --- [deriva] [main] liquibase.util                           : Run:                         16
2026-09-26T20:27:14.945+02:00  INFO 313397 --- [deriva] [main] liquibase.util                           : Previously run:               0
2026-09-26T20:27:14.945+02:00  INFO 313397 --- [deriva] [main] liquibase.util                           : Filtered out:                 0
2026-09-26T20:27:14.945+02:00  INFO 313397 --- [deriva] [main] liquibase.util                           : -------------------------------
2026-09-26T20:27:14.945+02:00  INFO 313397 --- [deriva] [main] liquibase.util                           : Total change sets:           16
2026-09-26T20:27:14.945+02:00  INFO 313397 --- [deriva] [main] liquibase.util                           : Update summary generated
2026-09-26T20:27:14.946+02:00  INFO 313397 --- [deriva] [main] liquibase.command                        : Update command completed successfully.
2026-09-26T20:27:14.948+02:00  INFO 313397 --- [deriva] [main] liquibase.lockservice                    : Successfully released change log lock
2026-09-26T20:27:14.948+02:00  INFO 313397 --- [deriva] [main] liquibase.command                        : Command execution complete
2026-09-26T20:27:14.995+02:00  INFO 313397 --- [deriva] [main] o.hibernate.jpa.internal.util.LogHelper  : HHH000204: Processing PersistenceUnitInfo [name: default]
2026-09-26T20:27:15.018+02:00  INFO 313397 --- [deriva] [main] org.hibernate.Version                    : HHH000412: Hibernate ORM core version 6.4.4.Final
2026-09-26T20:27:15.033+02:00  INFO 313397 --- [deriva] [main] o.h.c.internal.RegionFactoryInitiator    : HHH000026: Second-level cache disabled
2026-09-26T20:27:15.138+02:00  INFO 313397 --- [deriva] [main] o.s.o.j.p.SpringPersistenceUnitInfo      : No LoadTimeWeaver setup: ignoring JPA class transformer
2026-09-26T20:27:15.162+02:00  WARN 313397 --- [deriva] [main] org.hibernate.orm.deprecation            : HHH90000025: PostgreSQLDialect does not need to be specified explicitly using 'hibernate.dialect' (remove the property setting and it will be selected by default)
2026-09-26T20:27:15.889+02:00  INFO 313397 --- [deriva] [main] o.h.e.t.j.p.i.JtaPlatformInitiator       : HHH000489: No JTA platform available (set 'hibernate.transaction.jta.platform' to enable JTA platform integration)
2026-09-26T20:27:15.914+02:00  INFO 313397 --- [deriva] [main] j.LocalContainerEntityManagerFactoryBean : Initialized JPA EntityManagerFactory for persistence unit 'default'
2026-09-26T20:27:16.644+02:00  WARN 313397 --- [deriva] [main] JpaBaseConfiguration$JpaWebConfiguration : spring.jpa.open-in-view is enabled by default. Therefore, database queries may be performed during view rendering. Explicitly configure spring.jpa.open-in-view to disable this warning
2026-09-26T20:27:16.885+02:00  INFO 313397 --- [deriva] [main] o.s.b.a.e.web.EndpointLinksResolver      : Exposing 3 endpoint(s) beneath base path '/actuator'
2026-09-26T20:27:16.920+02:00  INFO 313397 --- [deriva] [main] o.s.s.web.DefaultSecurityFilterChain     : Will secure any request with [org.springframework.security.web.session.DisableEncodeUrlFilter@78d78a61, org.springframework.security.web.context.request.async.WebAsyncManagerIntegrationFilter@53d4f5c5, org.springframework.security.web.context.SecurityContextHolderFilter@5e5c288e, org.springframework.security.web.header.HeaderWriterFilter@75c7b749, org.springframework.web.filter.CorsFilter@11796c6c, org.springframework.security.web.authentication.logout.LogoutFilter@48525edf, org.springframework.security.web.savedrequest.RequestCacheAwareFilter@2257a7c5, org.springframework.security.web.servletapi.SecurityContextHolderAwareRequestFilter@26b53dc8, org.springframework.security.web.authentication.AnonymousAuthenticationFilter@70272c, org.springframework.security.web.access.ExceptionTranslationFilter@34b674eb, org.springframework.security.web.access.intercept.AuthorizationFilter@68158277]
2026-09-26T20:27:17.326+02:00  INFO 313397 --- [deriva] [main] o.s.b.w.embedded.tomcat.TomcatWebServer  : Tomcat started on port 8080 (http) with context path ''
2026-09-26T20:27:17.327+02:00  INFO 313397 --- [deriva] [main] o.s.m.s.b.SimpleBrokerMessageHandler     : Starting...
2026-09-26T20:27:17.327+02:00  INFO 313397 --- [deriva] [main] o.s.m.s.b.SimpleBrokerMessageHandler     : BrokerAvailabilityEvent[available=true, SimpleBrokerMessageHandler [org.springframework.messaging.simp.broker.DefaultSubscriptionRegistry@2e366f8]]
2026-09-26T20:27:17.328+02:00  INFO 313397 --- [deriva] [main] o.s.m.s.b.SimpleBrokerMessageHandler     : Started.
2026-09-26T20:27:17.336+02:00  INFO 313397 --- [deriva] [main] com.deriva.bootstrap.DerivaApplication   : Started DerivaApplication in 5.707 seconds (process running for 5.853)
2026-09-26T20:28:17.310+02:00  INFO 313397 --- [deriva] [MessageBroker-1] o.s.w.s.c.WebSocketMessageBrokerStats    : WebSocketSession[0 current WS(0)-HttpStream(0)-HttpPoll(0), 0 total, 0 closed abnormally (0 connect failure, 0 send limit, 0 transport error)], stompSubProtocol[processed CONNECT(0)-CONNECTED(0)-DISCONNECT(0)], stompBrokerRelay[null], inboundChannel[pool size = 0, active threads = 0, queued tasks = 0, completed tasks = 0], outboundChannel[pool size = 0, active threads = 0, queued tasks = 0, completed tasks = 0], sockJsScheduler[pool size = 1, active threads = 1, queued tasks = 0, completed tasks = 0]
2026-09-26T20:28:17.502+02:00  INFO 313397 --- [deriva] [http-nio-8080-exec-1] o.a.c.c.C.[Tomcat].[localhost].[/]       : Initializing Spring DispatcherServlet 'dispatcherServlet'
2026-09-26T20:28:17.502+02:00  INFO 313397 --- [deriva] [http-nio-8080-exec-1] o.s.web.servlet.DispatcherServlet        : Initializing Servlet 'dispatcherServlet'
2026-09-26T20:28:17.503+02:00  INFO 313397 --- [deriva] [http-nio-8080-exec-1] o.s.web.servlet.DispatcherServlet        : Completed initialization in 1 ms
2026-09-26T20:28:28.935+02:00 DEBUG 313397 --- [deriva] [http-nio-8080-exec-4] org.hibernate.SQL                        : 
    select
        u1_0.id 
    from
        users u1_0 
    where
        u1_0.username=? 
    fetch
        first ? rows only
2026-09-26T20:28:28.942+02:00 DEBUG 313397 --- [deriva] [http-nio-8080-exec-4] org.hibernate.SQL                        : 
    select
        u1_0.id 
    from
        users u1_0 
    where
        u1_0.email=? 
    fetch
        first ? rows only
2026-09-26T20:28:29.244+02:00 DEBUG 313397 --- [deriva] [http-nio-8080-exec-4] org.hibernate.SQL                        : 
    select
        u1_0.id,
        u1_0.created_at,
        u1_0.email,
        u1_0.enabled,
        u1_0.last_login_at,
        u1_0.password_hash,
        u1_0.role,
        u1_0.updated_at,
        u1_0.username 
    from
        users u1_0 
    where
        u1_0.id=?
2026-09-26T20:28:29.255+02:00 DEBUG 313397 --- [deriva] [http-nio-8080-exec-4] org.hibernate.SQL                        : 
    select
        up1_0.user_id,
        up1_0.base_currency,
        up1_0.created_at,
        up1_0.timezone,
        up1_0.updated_at,
        u1_0.id,
        u1_0.created_at,
        u1_0.email,
        u1_0.enabled,
        u1_0.last_login_at,
        u1_0.password_hash,
        u1_0.role,
        u1_0.updated_at,
        u1_0.username 
    from
        user_preferences up1_0 
    join
        users u1_0 
            on u1_0.id=up1_0.user_id 
    where
        up1_0.user_id=?
2026-09-26T20:28:29.256+02:00 ERROR 313397 --- [deriva] [http-nio-8080-exec-4] org.hibernate.AssertionFailure           : HHH000099: an assertion failure occurred (this may indicate a bug in Hibernate, but is more likely due to unsafe use of the session): org.hibernate.AssertionFailure: null identifier (com.deriva.domain.user.UserPreference)
2026-09-26T20:30:18.965+02:00  INFO 313397 --- [deriva] [SpringApplicationShutdownHook] o.s.m.s.b.SimpleBrokerMessageHandler     : Stopping...
2026-09-26T20:30:18.965+02:00  INFO 313397 --- [deriva] [SpringApplicationShutdownHook] o.s.m.s.b.SimpleBrokerMessageHandler     : BrokerAvailabilityEvent[available=false, SimpleBrokerMessageHandler [org.springframework.messaging.simp.broker.DefaultSubscriptionRegistry@2e366f8]]
2026-09-26T20:30:18.965+02:00  INFO 313397 --- [deriva] [SpringApplicationShutdownHook] o.s.m.s.b.SimpleBrokerMessageHandler     : Stopped.
2026-09-26T20:30:18.976+02:00  INFO 313397 --- [deriva] [SpringApplicationShutdownHook] j.LocalContainerEntityManagerFactoryBean : Closing JPA EntityManagerFactory for persistence unit 'default'
2026-09-26T20:30:18.977+02:00  INFO 313397 --- [deriva] [SpringApplicationShutdownHook] com.zaxxer.hikari.HikariDataSource       : HikariPool-1 - Shutdown initiated...
2026-09-26T20:30:18.983+02:00  INFO 313397 --- [deriva] [SpringApplicationShutdownHook] com.zaxxer.hikari.HikariDataSource       : HikariPool-1 - Shutdown completed.
2026-09-26T20:30:40.182+02:00  INFO 315369 --- [deriva] [main] com.deriva.bootstrap.DerivaApplication   : Starting DerivaApplication using Java 21.0.12.1 with PID 315369 (/home/bashistha/Desktop/deriva/backend/deriva-bootstrap/target/classes started by bashistha in /home/bashistha/Desktop/deriva/backend/deriva-bootstrap)
2026-09-26T20:30:40.183+02:00 DEBUG 315369 --- [deriva] [main] com.deriva.bootstrap.DerivaApplication   : Running with Spring Boot v3.2.3, Spring v6.1.4
2026-09-26T20:30:40.184+02:00  INFO 315369 --- [deriva] [main] com.deriva.bootstrap.DerivaApplication   : No active profile set, falling back to 1 default profile: "default"
2026-09-26T20:30:40.596+02:00  INFO 315369 --- [deriva] [main] .s.d.r.c.RepositoryConfigurationDelegate : Bootstrapping Spring Data JPA repositories in DEFAULT mode.
2026-09-26T20:30:40.645+02:00  INFO 315369 --- [deriva] [main] .s.d.r.c.RepositoryConfigurationDelegate : Finished Spring Data repository scanning in 45 ms. Found 31 JPA repository interfaces.
2026-09-26T20:30:41.393+02:00  INFO 315369 --- [deriva] [main] o.s.b.w.embedded.tomcat.TomcatWebServer  : Tomcat initialized with port 8080 (http)
2026-09-26T20:30:41.400+02:00  INFO 315369 --- [deriva] [main] o.apache.catalina.core.StandardService   : Starting service [Tomcat]
2026-09-26T20:30:41.400+02:00  INFO 315369 --- [deriva] [main] o.apache.catalina.core.StandardEngine    : Starting Servlet engine: [Apache Tomcat/10.1.19]
2026-09-26T20:30:41.430+02:00  INFO 315369 --- [deriva] [main] o.a.c.c.C.[Tomcat].[localhost].[/]       : Initializing Spring embedded WebApplicationContext
2026-09-26T20:30:41.431+02:00  INFO 315369 --- [deriva] [main] w.s.c.ServletWebServerApplicationContext : Root WebApplicationContext: initialization completed in 1220 ms
2026-09-26T20:30:41.595+02:00  INFO 315369 --- [deriva] [main] com.zaxxer.hikari.HikariDataSource       : HikariPool-1 - Starting...
2026-09-26T20:30:41.776+02:00  INFO 315369 --- [deriva] [main] com.zaxxer.hikari.pool.HikariPool        : HikariPool-1 - Added connection org.postgresql.jdbc.PgConnection@77e6761f
2026-09-26T20:30:41.776+02:00  INFO 315369 --- [deriva] [main] com.zaxxer.hikari.HikariDataSource       : HikariPool-1 - Start completed.
2026-09-26T20:30:41.846+02:00  INFO 315369 --- [deriva] [main] liquibase.database                       : Set default schema name to public
2026-09-26T20:30:42.680+02:00  INFO 315369 --- [deriva] [main] liquibase.changelog                      : Reading from public.databasechangelog
2026-09-26T20:30:42.874+02:00  INFO 315369 --- [deriva] [main] liquibase.changelog                      : Reading from public.databasechangelog
2026-09-26T20:30:42.886+02:00  INFO 315369 --- [deriva] [main] liquibase.util                           : UPDATE SUMMARY
2026-09-26T20:30:42.886+02:00  INFO 315369 --- [deriva] [main] liquibase.util                           : Run:                          0
2026-09-26T20:30:42.887+02:00  INFO 315369 --- [deriva] [main] liquibase.util                           : Previously run:              16
2026-09-26T20:30:42.887+02:00  INFO 315369 --- [deriva] [main] liquibase.util                           : Filtered out:                 0
2026-09-26T20:30:42.887+02:00  INFO 315369 --- [deriva] [main] liquibase.util                           : -------------------------------
2026-09-26T20:30:42.887+02:00  INFO 315369 --- [deriva] [main] liquibase.util                           : Total change sets:           16
2026-09-26T20:30:42.887+02:00  INFO 315369 --- [deriva] [main] liquibase.util                           : Update summary generated
2026-09-26T20:30:42.897+02:00  INFO 315369 --- [deriva] [main] liquibase.lockservice                    : Successfully released change log lock
2026-09-26T20:30:42.898+02:00  INFO 315369 --- [deriva] [main] liquibase.command                        : Command execution complete
2026-09-26T20:30:42.946+02:00  INFO 315369 --- [deriva] [main] o.hibernate.jpa.internal.util.LogHelper  : HHH000204: Processing PersistenceUnitInfo [name: default]
2026-09-26T20:30:42.972+02:00  INFO 315369 --- [deriva] [main] org.hibernate.Version                    : HHH000412: Hibernate ORM core version 6.4.4.Final
2026-09-26T20:30:42.988+02:00  INFO 315369 --- [deriva] [main] o.h.c.internal.RegionFactoryInitiator    : HHH000026: Second-level cache disabled
2026-09-26T20:30:43.094+02:00  INFO 315369 --- [deriva] [main] o.s.o.j.p.SpringPersistenceUnitInfo      : No LoadTimeWeaver setup: ignoring JPA class transformer
2026-09-26T20:30:43.116+02:00  WARN 315369 --- [deriva] [main] org.hibernate.orm.deprecation            : HHH90000025: PostgreSQLDialect does not need to be specified explicitly using 'hibernate.dialect' (remove the property setting and it will be selected by default)
2026-09-26T20:30:43.831+02:00  INFO 315369 --- [deriva] [main] o.h.e.t.j.p.i.JtaPlatformInitiator       : HHH000489: No JTA platform available (set 'hibernate.transaction.jta.platform' to enable JTA platform integration)
2026-09-26T20:30:43.857+02:00  INFO 315369 --- [deriva] [main] j.LocalContainerEntityManagerFactoryBean : Initialized JPA EntityManagerFactory for persistence unit 'default'
2026-09-26T20:30:44.534+02:00  WARN 315369 --- [deriva] [main] JpaBaseConfiguration$JpaWebConfiguration : spring.jpa.open-in-view is enabled by default. Therefore, database queries may be performed during view rendering. Explicitly configure spring.jpa.open-in-view to disable this warning
2026-09-26T20:30:44.775+02:00  INFO 315369 --- [deriva] [main] o.s.b.a.e.web.EndpointLinksResolver      : Exposing 3 endpoint(s) beneath base path '/actuator'
2026-09-26T20:30:44.812+02:00  INFO 315369 --- [deriva] [main] o.s.s.web.DefaultSecurityFilterChain     : Will secure any request with [org.springframework.security.web.session.DisableEncodeUrlFilter@3d6bc120, org.springframework.security.web.context.request.async.WebAsyncManagerIntegrationFilter@57f1382f, org.springframework.security.web.context.SecurityContextHolderFilter@121575c, org.springframework.security.web.header.HeaderWriterFilter@bc908f5, org.springframework.web.filter.CorsFilter@39cabb83, org.springframework.security.web.authentication.logout.LogoutFilter@ec16864, org.springframework.security.web.savedrequest.RequestCacheAwareFilter@71c68a93, org.springframework.security.web.servletapi.SecurityContextHolderAwareRequestFilter@18fde899, org.springframework.security.web.authentication.AnonymousAuthenticationFilter@47fb4b0d, org.springframework.security.web.access.ExceptionTranslationFilter@2174dc5c, org.springframework.security.web.access.intercept.AuthorizationFilter@7b785caa]
2026-09-26T20:30:45.221+02:00  INFO 315369 --- [deriva] [main] o.s.b.w.embedded.tomcat.TomcatWebServer  : Tomcat started on port 8080 (http) with context path ''
2026-09-26T20:30:45.222+02:00  INFO 315369 --- [deriva] [main] o.s.m.s.b.SimpleBrokerMessageHandler     : Starting...
2026-09-26T20:30:45.223+02:00  INFO 315369 --- [deriva] [main] o.s.m.s.b.SimpleBrokerMessageHandler     : BrokerAvailabilityEvent[available=true, SimpleBrokerMessageHandler [org.springframework.messaging.simp.broker.DefaultSubscriptionRegistry@9579e75]]
2026-09-26T20:30:45.223+02:00  INFO 315369 --- [deriva] [main] o.s.m.s.b.SimpleBrokerMessageHandler     : Started.
2026-09-26T20:30:45.234+02:00  INFO 315369 --- [deriva] [main] com.deriva.bootstrap.DerivaApplication   : Started DerivaApplication in 5.44 seconds (process running for 5.815)
2026-09-26T20:31:20.256+02:00  INFO 315369 --- [deriva] [http-nio-8080-exec-1] o.a.c.c.C.[Tomcat].[localhost].[/]       : Initializing Spring DispatcherServlet 'dispatcherServlet'
2026-09-26T20:31:20.256+02:00  INFO 315369 --- [deriva] [http-nio-8080-exec-1] o.s.web.servlet.DispatcherServlet        : Initializing Servlet 'dispatcherServlet'
2026-09-26T20:31:20.258+02:00  INFO 315369 --- [deriva] [http-nio-8080-exec-1] o.s.web.servlet.DispatcherServlet        : Completed initialization in 2 ms
2026-09-26T20:31:20.437+02:00 DEBUG 315369 --- [deriva] [http-nio-8080-exec-2] org.hibernate.SQL                        : 
    select
        u1_0.id 
    from
        users u1_0 
    where
        u1_0.username=? 
    fetch
        first ? rows only
2026-09-26T20:31:20.444+02:00 DEBUG 315369 --- [deriva] [http-nio-8080-exec-2] org.hibernate.SQL                        : 
    select
        u1_0.id 
    from
        users u1_0 
    where
        u1_0.email=? 
    fetch
        first ? rows only
2026-09-26T20:31:20.738+02:00 DEBUG 315369 --- [deriva] [http-nio-8080-exec-2] org.hibernate.SQL                        : 
    select
        u1_0.id,
        u1_0.created_at,
        u1_0.email,
        u1_0.enabled,
        u1_0.last_login_at,
        u1_0.password_hash,
        u1_0.role,
        u1_0.updated_at,
        u1_0.username 
    from
        users u1_0 
    where
        u1_0.id=?
2026-09-26T20:31:20.749+02:00 DEBUG 315369 --- [deriva] [http-nio-8080-exec-2] org.hibernate.SQL                        : 
    select
        up1_0.user_id,
        up1_0.base_currency,
        up1_0.created_at,
        up1_0.timezone,
        up1_0.updated_at,
        u1_0.id,
        u1_0.created_at,
        u1_0.email,
        u1_0.enabled,
        u1_0.last_login_at,
        u1_0.password_hash,
        u1_0.role,
        u1_0.updated_at,
        u1_0.username 
    from
        user_preferences up1_0 
    join
        users u1_0 
            on u1_0.id=up1_0.user_id 
    where
        up1_0.user_id=?
2026-09-26T20:31:20.750+02:00 ERROR 315369 --- [deriva] [http-nio-8080-exec-2] org.hibernate.AssertionFailure           : HHH000099: an assertion failure occurred (this may indicate a bug in Hibernate, but is more likely due to unsafe use of the session): org.hibernate.AssertionFailure: null identifier (com.deriva.domain.user.UserPreference)
2026-09-26T20:31:45.202+02:00  INFO 315369 --- [deriva] [MessageBroker-1] o.s.w.s.c.WebSocketMessageBrokerStats    : WebSocketSession[0 current WS(0)-HttpStream(0)-HttpPoll(0), 0 total, 0 closed abnormally (0 connect failure, 0 send limit, 0 transport error)], stompSubProtocol[processed CONNECT(0)-CONNECTED(0)-DISCONNECT(0)], stompBrokerRelay[null], inboundChannel[pool size = 0, active threads = 0, queued tasks = 0, completed tasks = 0], outboundChannel[pool size = 0, active threads = 0, queued tasks = 0, completed tasks = 0], sockJsScheduler[pool size = 1, active threads = 1, queued tasks = 0, completed tasks = 0]
2026-09-26T20:32:45.179+02:00  INFO 315369 --- [deriva] [SpringApplicationShutdownHook] o.s.m.s.b.SimpleBrokerMessageHandler     : Stopping...
2026-09-26T20:32:45.179+02:00  INFO 315369 --- [deriva] [SpringApplicationShutdownHook] o.s.m.s.b.SimpleBrokerMessageHandler     : BrokerAvailabilityEvent[available=false, SimpleBrokerMessageHandler [org.springframework.messaging.simp.broker.DefaultSubscriptionRegistry@9579e75]]
2026-09-26T20:32:45.179+02:00  INFO 315369 --- [deriva] [SpringApplicationShutdownHook] o.s.m.s.b.SimpleBrokerMessageHandler     : Stopped.
2026-09-26T20:32:45.193+02:00  INFO 315369 --- [deriva] [SpringApplicationShutdownHook] j.LocalContainerEntityManagerFactoryBean : Closing JPA EntityManagerFactory for persistence unit 'default'
2026-09-26T20:32:45.195+02:00  INFO 315369 --- [deriva] [SpringApplicationShutdownHook] com.zaxxer.hikari.HikariDataSource       : HikariPool-1 - Shutdown initiated...
2026-09-26T20:32:45.205+02:00  INFO 315369 --- [deriva] [SpringApplicationShutdownHook] com.zaxxer.hikari.HikariDataSource       : HikariPool-1 - Shutdown completed.
2026-09-26T20:32:59.821+02:00  INFO 316760 --- [deriva] [main] com.deriva.bootstrap.DerivaApplication   : Starting DerivaApplication using Java 21.0.12.1 with PID 316760 (/home/bashistha/Desktop/deriva/backend/deriva-bootstrap/target/classes started by bashistha in /home/bashistha/Desktop/deriva/backend/deriva-bootstrap)
2026-09-26T20:32:59.822+02:00 DEBUG 316760 --- [deriva] [main] com.deriva.bootstrap.DerivaApplication   : Running with Spring Boot v3.2.3, Spring v6.1.4
2026-09-26T20:32:59.822+02:00  INFO 316760 --- [deriva] [main] com.deriva.bootstrap.DerivaApplication   : No active profile set, falling back to 1 default profile: "default"
2026-09-26T20:33:00.165+02:00  INFO 316760 --- [deriva] [main] .s.d.r.c.RepositoryConfigurationDelegate : Bootstrapping Spring Data JPA repositories in DEFAULT mode.
2026-09-26T20:33:00.212+02:00  INFO 316760 --- [deriva] [main] .s.d.r.c.RepositoryConfigurationDelegate : Finished Spring Data repository scanning in 42 ms. Found 31 JPA repository interfaces.
2026-09-26T20:33:01.127+02:00  INFO 316760 --- [deriva] [main] o.s.b.w.embedded.tomcat.TomcatWebServer  : Tomcat initialized with port 8080 (http)
2026-09-26T20:33:01.135+02:00  INFO 316760 --- [deriva] [main] o.apache.catalina.core.StandardService   : Starting service [Tomcat]
2026-09-26T20:33:01.136+02:00  INFO 316760 --- [deriva] [main] o.apache.catalina.core.StandardEngine    : Starting Servlet engine: [Apache Tomcat/10.1.19]
2026-09-26T20:33:01.166+02:00  INFO 316760 --- [deriva] [main] o.a.c.c.C.[Tomcat].[localhost].[/]       : Initializing Spring embedded WebApplicationContext
2026-09-26T20:33:01.166+02:00  INFO 316760 --- [deriva] [main] w.s.c.ServletWebServerApplicationContext : Root WebApplicationContext: initialization completed in 1316 ms
2026-09-26T20:33:01.469+02:00  INFO 316760 --- [deriva] [main] com.zaxxer.hikari.HikariDataSource       : HikariPool-1 - Starting...
2026-09-26T20:33:01.662+02:00  INFO 316760 --- [deriva] [main] com.zaxxer.hikari.pool.HikariPool        : HikariPool-1 - Added connection org.postgresql.jdbc.PgConnection@8d810f2
2026-09-26T20:33:01.663+02:00  INFO 316760 --- [deriva] [main] com.zaxxer.hikari.HikariDataSource       : HikariPool-1 - Start completed.
2026-09-26T20:33:01.740+02:00  INFO 316760 --- [deriva] [main] liquibase.database                       : Set default schema name to public
2026-09-26T20:33:02.661+02:00  INFO 316760 --- [deriva] [main] liquibase.changelog                      : Reading from public.databasechangelog
2026-09-26T20:33:02.815+02:00  INFO 316760 --- [deriva] [main] liquibase.changelog                      : Reading from public.databasechangelog
2026-09-26T20:33:02.827+02:00  INFO 316760 --- [deriva] [main] liquibase.util                           : UPDATE SUMMARY
2026-09-26T20:33:02.828+02:00  INFO 316760 --- [deriva] [main] liquibase.util                           : Run:                          0
2026-09-26T20:33:02.828+02:00  INFO 316760 --- [deriva] [main] liquibase.util                           : Previously run:              16
2026-09-26T20:33:02.828+02:00  INFO 316760 --- [deriva] [main] liquibase.util                           : Filtered out:                 0
2026-09-26T20:33:02.828+02:00  INFO 316760 --- [deriva] [main] liquibase.util                           : -------------------------------
2026-09-26T20:33:02.828+02:00  INFO 316760 --- [deriva] [main] liquibase.util                           : Total change sets:           16
2026-09-26T20:33:02.828+02:00  INFO 316760 --- [deriva] [main] liquibase.util                           : Update summary generated
2026-09-26T20:33:02.840+02:00  INFO 316760 --- [deriva] [main] liquibase.lockservice                    : Successfully released change log lock
2026-09-26T20:33:02.841+02:00  INFO 316760 --- [deriva] [main] liquibase.command                        : Command execution complete
2026-09-26T20:33:02.893+02:00  INFO 316760 --- [deriva] [main] o.hibernate.jpa.internal.util.LogHelper  : HHH000204: Processing PersistenceUnitInfo [name: default]
2026-09-26T20:33:02.919+02:00  INFO 316760 --- [deriva] [main] org.hibernate.Version                    : HHH000412: Hibernate ORM core version 6.4.4.Final
2026-09-26T20:33:02.935+02:00  INFO 316760 --- [deriva] [main] o.h.c.internal.RegionFactoryInitiator    : HHH000026: Second-level cache disabled
2026-09-26T20:33:03.041+02:00  INFO 316760 --- [deriva] [main] o.s.o.j.p.SpringPersistenceUnitInfo      : No LoadTimeWeaver setup: ignoring JPA class transformer
2026-09-26T20:33:03.064+02:00  WARN 316760 --- [deriva] [main] org.hibernate.orm.deprecation            : HHH90000025: PostgreSQLDialect does not need to be specified explicitly using 'hibernate.dialect' (remove the property setting and it will be selected by default)
2026-09-26T20:33:03.832+02:00  INFO 316760 --- [deriva] [main] o.h.e.t.j.p.i.JtaPlatformInitiator       : HHH000489: No JTA platform available (set 'hibernate.transaction.jta.platform' to enable JTA platform integration)
2026-09-26T20:33:03.856+02:00  INFO 316760 --- [deriva] [main] j.LocalContainerEntityManagerFactoryBean : Initialized JPA EntityManagerFactory for persistence unit 'default'
2026-09-26T20:33:04.579+02:00  WARN 316760 --- [deriva] [main] JpaBaseConfiguration$JpaWebConfiguration : spring.jpa.open-in-view is enabled by default. Therefore, database queries may be performed during view rendering. Explicitly configure spring.jpa.open-in-view to disable this warning
2026-09-26T20:33:04.833+02:00  INFO 316760 --- [deriva] [main] o.s.b.a.e.web.EndpointLinksResolver      : Exposing 3 endpoint(s) beneath base path '/actuator'
2026-09-26T20:33:04.877+02:00  INFO 316760 --- [deriva] [main] o.s.s.web.DefaultSecurityFilterChain     : Will secure any request with [org.springframework.security.web.session.DisableEncodeUrlFilter@6ded4e7, org.springframework.security.web.context.request.async.WebAsyncManagerIntegrationFilter@5742f9dc, org.springframework.security.web.context.SecurityContextHolderFilter@4599c485, org.springframework.security.web.header.HeaderWriterFilter@4c6ee8fa, org.springframework.web.filter.CorsFilter@4e5bd607, org.springframework.security.web.authentication.logout.LogoutFilter@5fe06ed0, org.springframework.security.web.savedrequest.RequestCacheAwareFilter@594c7c94, org.springframework.security.web.servletapi.SecurityContextHolderAwareRequestFilter@1c2d2d71, org.springframework.security.web.authentication.AnonymousAuthenticationFilter@29c58769, org.springframework.security.web.access.ExceptionTranslationFilter@34e7a74a, org.springframework.security.web.access.intercept.AuthorizationFilter@7ae3ac3b]
2026-09-26T20:33:05.315+02:00  INFO 316760 --- [deriva] [main] o.s.b.w.embedded.tomcat.TomcatWebServer  : Tomcat started on port 8080 (http) with context path ''
2026-09-26T20:33:05.316+02:00  INFO 316760 --- [deriva] [main] o.s.m.s.b.SimpleBrokerMessageHandler     : Starting...
2026-09-26T20:33:05.317+02:00  INFO 316760 --- [deriva] [main] o.s.m.s.b.SimpleBrokerMessageHandler     : BrokerAvailabilityEvent[available=true, SimpleBrokerMessageHandler [org.springframework.messaging.simp.broker.DefaultSubscriptionRegistry@67447b0c]]
2026-09-26T20:33:05.317+02:00  INFO 316760 --- [deriva] [main] o.s.m.s.b.SimpleBrokerMessageHandler     : Started.
2026-09-26T20:33:05.326+02:00  INFO 316760 --- [deriva] [main] com.deriva.bootstrap.DerivaApplication   : Started DerivaApplication in 5.744 seconds (process running for 5.913)
2026-09-26T20:33:18.008+02:00  INFO 316760 --- [deriva] [http-nio-8080-exec-1] o.a.c.c.C.[Tomcat].[localhost].[/]       : Initializing Spring DispatcherServlet 'dispatcherServlet'
2026-09-26T20:33:18.008+02:00  INFO 316760 --- [deriva] [http-nio-8080-exec-1] o.s.web.servlet.DispatcherServlet        : Initializing Servlet 'dispatcherServlet'
2026-09-26T20:33:18.010+02:00  INFO 316760 --- [deriva] [http-nio-8080-exec-1] o.s.web.servlet.DispatcherServlet        : Completed initialization in 2 ms
2026-09-26T20:33:18.169+02:00 DEBUG 316760 --- [deriva] [http-nio-8080-exec-2] org.hibernate.SQL                        : 
    select
        u1_0.id 
    from
        users u1_0 
    where
        u1_0.username=? 
    fetch
        first ? rows only
2026-09-26T20:33:18.176+02:00 DEBUG 316760 --- [deriva] [http-nio-8080-exec-2] org.hibernate.SQL                        : 
    select
        u1_0.id 
    from
        users u1_0 
    where
        u1_0.email=? 
    fetch
        first ? rows only
2026-09-26T20:33:18.469+02:00 DEBUG 316760 --- [deriva] [http-nio-8080-exec-2] org.hibernate.SQL                        : 
    select
        u1_0.id,
        u1_0.created_at,
        u1_0.email,
        u1_0.enabled,
        u1_0.last_login_at,
        u1_0.password_hash,
        u1_0.role,
        u1_0.updated_at,
        u1_0.username 
    from
        users u1_0 
    where
        u1_0.id=?
2026-09-26T20:33:18.479+02:00 DEBUG 316760 --- [deriva] [http-nio-8080-exec-2] org.hibernate.SQL                        : 
    select
        up1_0.user_id,
        up1_0.base_currency,
        up1_0.created_at,
        up1_0.timezone,
        up1_0.updated_at,
        u1_0.id,
        u1_0.created_at,
        u1_0.email,
        u1_0.enabled,
        u1_0.last_login_at,
        u1_0.password_hash,
        u1_0.role,
        u1_0.updated_at,
        u1_0.username 
    from
        user_preferences up1_0 
    left join
        users u1_0 
            on u1_0.id=up1_0.user_id 
    where
        up1_0.user_id=?
2026-09-26T20:33:18.481+02:00 ERROR 316760 --- [deriva] [http-nio-8080-exec-2] org.hibernate.AssertionFailure           : HHH000099: an assertion failure occurred (this may indicate a bug in Hibernate, but is more likely due to unsafe use of the session): org.hibernate.AssertionFailure: null identifier (com.deriva.domain.user.UserPreference)
2026-09-26T20:33:26.710+02:00  INFO 316760 --- [deriva] [SpringApplicationShutdownHook] o.s.m.s.b.SimpleBrokerMessageHandler     : Stopping...
2026-09-26T20:33:26.710+02:00  INFO 316760 --- [deriva] [SpringApplicationShutdownHook] o.s.m.s.b.SimpleBrokerMessageHandler     : BrokerAvailabilityEvent[available=false, SimpleBrokerMessageHandler [org.springframework.messaging.simp.broker.DefaultSubscriptionRegistry@67447b0c]]
2026-09-26T20:33:26.710+02:00  INFO 316760 --- [deriva] [SpringApplicationShutdownHook] o.s.m.s.b.SimpleBrokerMessageHandler     : Stopped.
2026-09-26T20:33:26.722+02:00  INFO 316760 --- [deriva] [SpringApplicationShutdownHook] j.LocalContainerEntityManagerFactoryBean : Closing JPA EntityManagerFactory for persistence unit 'default'
2026-09-26T20:33:26.724+02:00  INFO 316760 --- [deriva] [SpringApplicationShutdownHook] com.zaxxer.hikari.HikariDataSource       : HikariPool-1 - Shutdown initiated...
2026-09-26T20:33:26.737+02:00  INFO 316760 --- [deriva] [SpringApplicationShutdownHook] com.zaxxer.hikari.HikariDataSource       : HikariPool-1 - Shutdown completed.
